Archive member included to satisfy reference by file (symbol)

/Applications/STM32CubeIDE.app/Contents/Eclipse/plugins/com.st.stm32cube.ide.mcu.externaltools.gnu-tools-for-stm32.11.3.rel1.macos64_1.1.100.202310310803/tools/bin/../lib/gcc/arm-none-eabi/11.3.1/../../../../arm-none-eabi/lib/thumb/v7e-m+dp/hard/libc_nano.a(libc_a-exit.o)
                              /Applications/STM32CubeIDE.app/Contents/Eclipse/plugins/com.st.stm32cube.ide.mcu.externaltools.gnu-tools-for-stm32.11.3.rel1.macos64_1.1.100.202310310803/tools/bin/../lib/gcc/arm-none-eabi/11.3.1/../../../../arm-none-eabi/lib/thumb/v7e-m+dp/hard/crt0.o (exit)
/Applications/STM32CubeIDE.app/Contents/Eclipse/plugins/com.st.stm32cube.ide.mcu.externaltools.gnu-tools-for-stm32.11.3.rel1.macos64_1.1.100.202310310803/tools/bin/../lib/gcc/arm-none-eabi/11.3.1/../../../../arm-none-eabi/lib/thumb/v7e-m+dp/hard/libc_nano.a(libc_a-findfp.o)
                              /Applications/STM32CubeIDE.app/Contents/Eclipse/plugins/com.st.stm32cube.ide.mcu.externaltools.gnu-tools-for-stm32.11.3.rel1.macos64_1.1.100.202310310803/tools/bin/../lib/gcc/arm-none-eabi/11.3.1/../../../../arm-none-eabi/lib/thumb/v7e-m+dp/hard/libc_nano.a(libc_a-exit.o) (__stdio_exit_handler)
/Applications/STM32CubeIDE.app/Contents/Eclipse/plugins/com.st.stm32cube.ide.mcu.externaltools.gnu-tools-for-stm32.11.3.rel1.macos64_1.1.100.202310310803/tools/bin/../lib/gcc/arm-none-eabi/11.3.1/../../../../arm-none-eabi/lib/thumb/v7e-m+dp/hard/libc_nano.a(libc_a-fwalk.o)
                              /Applications/STM32CubeIDE.app/Contents/Eclipse/plugins/com.st.stm32cube.ide.mcu.externaltools.gnu-tools-for-stm32.11.3.rel1.macos64_1.1.100.202310310803/tools/bin/../lib/gcc/arm-none-eabi/11.3.1/../../../../arm-none-eabi/lib/thumb/v7e-m+dp/hard/libc_nano.a(libc_a-findfp.o) (_fwalk_sglue)
/Applications/STM32CubeIDE.app/Contents/Eclipse/plugins/com.st.stm32cube.ide.mcu.externaltools.gnu-tools-for-stm32.11.3.rel1.macos64_1.1.100.202310310803/tools/bin/../lib/gcc/arm-none-eabi/11.3.1/../../../../arm-none-eabi/lib/thumb/v7e-m+dp/hard/libc_nano.a(libc_a-memset.o)
                              /Applications/STM32CubeIDE.app/Contents/Eclipse/plugins/com.st.stm32cube.ide.mcu.externaltools.gnu-tools-for-stm32.11.3.rel1.macos64_1.1.100.202310310803/tools/bin/../lib/gcc/arm-none-eabi/11.3.1/../../../../arm-none-eabi/lib/thumb/v7e-m+dp/hard/crt0.o (memset)
/Applications/STM32CubeIDE.app/Contents/Eclipse/plugins/com.st.stm32cube.ide.mcu.externaltools.gnu-tools-for-stm32.11.3.rel1.macos64_1.1.100.202310310803/tools/bin/../lib/gcc/arm-none-eabi/11.3.1/../../../../arm-none-eabi/lib/thumb/v7e-m+dp/hard/libc_nano.a(libc_a-impure.o)
                              /Applications/STM32CubeIDE.app/Contents/Eclipse/plugins/com.st.stm32cube.ide.mcu.externaltools.gnu-tools-for-stm32.11.3.rel1.macos64_1.1.100.202310310803/tools/bin/../lib/gcc/arm-none-eabi/11.3.1/../../../../arm-none-eabi/lib/thumb/v7e-m+dp/hard/libc_nano.a(libc_a-findfp.o) (_impure_data)
/Applications/STM32CubeIDE.app/Contents/Eclipse/plugins/com.st.stm32cube.ide.mcu.externaltools.gnu-tools-for-stm32.11.3.rel1.macos64_1.1.100.202310310803/tools/bin/../lib/gcc/arm-none-eabi/11.3.1/../../../../arm-none-eabi/lib/thumb/v7e-m+dp/hard/libc_nano.a(libc_a-errno.o)
                              ./Core/Src/syscalls.o (__errno)
/Applications/STM32CubeIDE.app/Contents/Eclipse/plugins/com.st.stm32cube.ide.mcu.externaltools.gnu-tools-for-stm32.11.3.rel1.macos64_1.1.100.202310310803/tools/bin/../lib/gcc/arm-none-eabi/11.3.1/../../../../arm-none-eabi/lib/thumb/v7e-m+dp/hard/libc_nano.a(libc_a-init.o)
                              /Applications/STM32CubeIDE.app/Contents/Eclipse/plugins/com.st.stm32cube.ide.mcu.externaltools.gnu-tools-for-stm32.11.3.rel1.macos64_1.1.100.202310310803/tools/bin/../lib/gcc/arm-none-eabi/11.3.1/../../../../arm-none-eabi/lib/thumb/v7e-m+dp/hard/crt0.o (__libc_init_array)
/Applications/STM32CubeIDE.app/Contents/Eclipse/plugins/com.st.stm32cube.ide.mcu.externaltools.gnu-tools-for-stm32.11.3.rel1.macos64_1.1.100.202310310803/tools/bin/../lib/gcc/arm-none-eabi/11.3.1/../../../../arm-none-eabi/lib/thumb/v7e-m+dp/hard/libc_nano.a(libc_a-lock.o)
                              /Applications/STM32CubeIDE.app/Contents/Eclipse/plugins/com.st.stm32cube.ide.mcu.externaltools.gnu-tools-for-stm32.11.3.rel1.macos64_1.1.100.202310310803/tools/bin/../lib/gcc/arm-none-eabi/11.3.1/../../../../arm-none-eabi/lib/thumb/v7e-m+dp/hard/libc_nano.a(libc_a-findfp.o) (__retarget_lock_init_recursive)
/Applications/STM32CubeIDE.app/Contents/Eclipse/plugins/com.st.stm32cube.ide.mcu.externaltools.gnu-tools-for-stm32.11.3.rel1.macos64_1.1.100.202310310803/tools/bin/../lib/gcc/arm-none-eabi/11.3.1/../../../../arm-none-eabi/lib/thumb/v7e-m+dp/hard/libc_nano.a(libc_a-mallocr.o)
[...]
Memory Configuration

Name             Origin             Length             Attributes
ITCMRAM          0x0000000000000000 0x0000000000010000 xrw
DTCMRAM          0x0000000020000000 0x0000000000020000 xrw
FLASH            0x0000000008000000 0x0000000000100000 xr
RAM_D1           0x0000000024000000 0x0000000000050000 xrw
RAM_D2           0x0000000030000000 0x0000000000008000 xrw
RAM_D3           0x0000000038000000 0x0000000000004000 xrw
*default*        0x0000000000000000 0xffffffffffffffff

Linker script and memory map

LOAD /Applications/STM32CubeIDE.app/Contents/Eclipse/plugins/com.st.stm32cube.ide.mcu.externaltools.gnu-tools-for-stm32.11.3.rel1.macos64_1.1.100.202310310803/tools/bin/../lib/gcc/arm-none-eabi/11.3.1/thumb/v7e-m+dp/hard/crti.o
LOAD /Applications/STM32CubeIDE.app/Contents/Eclipse/plugins/com.st.stm32cube.ide.mcu.externaltools.gnu-tools-for-stm32.11.3.rel1.macos64_1.1.100.202310310803/tools/bin/../lib/gcc/arm-none-eabi/11.3.1/thumb/v7e-m+dp/hard/crtbegin.o
LOAD /Applications/STM32CubeIDE.app/Contents/Eclipse/plugins/com.st.stm32cube.ide.mcu.externaltools.gnu-tools-for-stm32.11.3.rel1.macos64_1.1.100.202310310803/tools/bin/../lib/gcc/arm-none-eabi/11.3.1/../../../../arm-none-eabi/lib/thumb/v7e-m+dp/hard/crt0.o
LOAD ./Core/Src/app.o
LOAD ./Core/Src/main.o
LOAD ./Core/Src/stm32h7xx_hal_msp.o
LOAD ./Core/Src/stm32h7xx_it.o
LOAD ./Core/Src/syscalls.o
LOAD ./Core/Src/sysmem.o
LOAD ./Core/Src/system_stm32h7xx.o
LOAD ./Core/Src/tilelink.o
LOAD ./Core/Startup/startup_stm32h723zgtx.o
LOAD ./Drivers/STM32H7xx_HAL_Driver/Src/stm32h7xx_hal.o
LOAD ./Drivers/STM32H7xx_HAL_Driver/Src/stm32h7xx_hal_cortex.o
LOAD ./Drivers/STM32H7xx_HAL_Driver/Src/stm32h7xx_hal_dma.o
LOAD ./Drivers/STM32H7xx_HAL_Driver/Src/stm32h7xx_hal_dma_ex.o
LOAD ./Drivers/STM32H7xx_HAL_Driver/Src/stm32h7xx_hal_exti.o
LOAD ./Drivers/STM32H7xx_HAL_Driver/Src/stm32h7xx_hal_flash.o
LOAD ./Drivers/STM32H7xx_HAL_Driver/Src/stm32h7xx_hal_flash_ex.o
LOAD ./Drivers/STM32H7xx_HAL_Driver/Src/stm32h7xx_hal_gpio.o
LOAD ./Drivers/STM32H7xx_HAL_Driver/Src/stm32h7xx_hal_hsem.o
LOAD ./Drivers/STM32H7xx_HAL_Driver/Src/stm32h7xx_hal_i2c.o
LOAD ./Drivers/STM32H7xx_HAL_Driver/Src/stm32h7xx_hal_i2c_ex.o
LOAD ./Drivers/STM32H7xx_HAL_Driver/Src/stm32h7xx_hal_mdma.o
LOAD ./Drivers/STM32H7xx_HAL_Driver/Src/stm32h7xx_hal_pwr.o
LOAD ./Drivers/STM32H7xx_HAL_Driver/Src/stm32h7xx_hal_pwr_ex.o
LOAD ./Drivers/STM32H7xx_HAL_Driver/Src/stm32h7xx_hal_rcc.o
LOAD ./Drivers/STM32H7xx_HAL_Driver/Src/stm32h7xx_hal_rcc_ex.o
LOAD ./Drivers/STM32H7xx_HAL_Driver/Src/stm32h7xx_hal_tim.o
LOAD ./Drivers/STM32H7xx_HAL_Driver/Src/stm32h7xx_hal_tim_ex.o
LOAD ./Drivers/STM32H7xx_HAL_Driver/Src/stm32h7xx_hal_uart.o
LOAD ./Drivers/STM32H7xx_HAL_Driver/Src/stm32h7xx_hal_uart_ex.o
START GROUP
LOAD /Applications/STM32CubeIDE.app/Contents/Eclipse/plugins/com.st.stm32cube.ide.mcu.externaltools.gnu-tools-for-stm32.11.3.rel1.macos64_1.1.100.202310310803/tools/bin/../lib/gcc/arm-none-eabi/11.3.1/../../../../arm-none-eabi/lib/thumb/v7e-m+dp/hard/libc_nano.a
LOAD /Applications/STM32CubeIDE.app/Contents/Eclipse/plugins/com.st.stm32cube.ide.mcu.externaltools.gnu-tools-for-stm32.11.3.rel1.macos64_1.1.100.202310310803/tools/bin/../lib/gcc/arm-none-eabi/11.3.1/../../../../arm-none-eabi/lib/thumb/v7e-m+dp/hard/libm.a
END GROUP
START GROUP
LOAD /Applications/STM32CubeIDE.app/Contents/Eclipse/plugins/com.st.stm32cube.ide.mcu.externaltools.gnu-tools-for-stm32.11.3.rel1.macos64_1.1.100.202310310803/tools/bin/../lib/gcc/arm-none-eabi/11.3.1/thumb/v7e-m+dp/hard/libgcc.a
LOAD /Applications/STM32CubeIDE.app/Contents/Eclipse/plugins/com.st.stm32cube.ide.mcu.externaltools.gnu-tools-for-stm32.11.3.rel1.macos64_1.1.100.202310310803/tools/bin/../lib/gcc/arm-none-eabi/11.3.1/../../../../arm-none-eabi/lib/thumb/v7e-m+dp/hard/libc_nano.a
END GROUP
START GROUP
LOAD /Applications/STM32CubeIDE.app/Contents/Eclipse/plugins/com.st.stm32cube.ide.mcu.externaltools.gnu-tools-for-stm32.11.3.rel1.macos64_1.1.100.202310310803/tools/bin/../lib/gcc/arm-none-eabi/11.3.1/thumb/v7e-m+dp/hard/libgcc.a
LOAD /Applications/STM32CubeIDE.app/Contents/Eclipse/plugins/com.st.stm32cube.ide.mcu.externaltools.gnu-tools-for-stm32.11.3.rel1.macos64_1.1.100.202310310803/tools/bin/../lib/gcc/arm-none-eabi/11.3.1/../../../../arm-none-eabi/lib/thumb/v7e-m+dp/hard/libc_nano.a
LOAD /Applications/STM32CubeIDE.app/Contents/Eclipse/plugins/com.st.stm32cube.ide.mcu.externaltools.gnu-tools-for-stm32.11.3.rel1.macos64_1.1.100.202310310803/tools/bin/../lib/gcc/arm-none-eabi/11.3.1/../../../../arm-none-eabi/lib/thumb/v7e-m+dp/hard/libnosys.a
END GROUP
START GROUP
LOAD /Applications/STM32CubeIDE.app/Contents/Eclipse/plugins/com.st.stm32cube.ide.mcu.externaltools.gnu-tools-for-stm32.11.3.rel1.macos64_1.1.100.202310310803/tools/bin/../lib/gcc/arm-none-eabi/11.3.1/thumb/v7e-m+dp/hard/libgcc.a
LOAD /Applications/STM32CubeIDE.app/Contents/Eclipse/plugins/com.st.stm32cube.ide.mcu.externaltools.gnu-tools-for-stm32.11.3.rel1.macos64_1.1.100.202310310803/tools/bin/../lib/gcc/arm-none-eabi/11.3.1/../../../../arm-none-eabi/lib/thumb/v7e-m+dp/hard/libc_nano.a
LOAD /Applications/STM32CubeIDE.app/Contents/Eclipse/plugins/com.st.stm32cube.ide.mcu.externaltools.gnu-tools-for-stm32.11.3.rel1.macos64_1.1.100.202310310803/tools/bin/../lib/gcc/arm-none-eabi/11.3.1/../../../../arm-none-eabi/lib/thumb/v7e-m+dp/hard/libnosys.a
END GROUP
LOAD /Applications/STM32CubeIDE.app/Contents/Eclipse/plugins/com.st.stm32cube.ide.mcu.externaltools.gnu-tools-for-stm32.11.3.rel1.macos64_1.1.100.202310310803/tools/bin/../lib/gcc/arm-none-eabi/11.3.1/thumb/v7e-m+dp/hard/crtend.o
LOAD /Applications/STM32CubeIDE.app/Contents/Eclipse/plugins/com.st.stm32cube.ide.mcu.externaltools.gnu-tools-for-stm32.11.3.rel1.macos64_1.1.100.202310310803/tools/bin/../lib/gcc/arm-none-eabi/11.3.1/thumb/v7e-m+dp/hard/crtn.o
                0x0000000024050000                _estack = (ORIGIN (RAM_D1) + LENGTH (RAM_D1))
                0x0000000000000200                _Min_Heap_Size = 0x200
                0x0000000000000400                _Min_Stack_Size = 0x400

.isr_vector     0x0000000008000000      0x2cc
                0x0000000008000000                . = ALIGN (0x4)
 *(.isr_vector)
 .isr_vector    0x0000000008000000      0x2cc ./Core/Startup/startup_stm32h723zgtx.o
                0x0000000008000000                g_pfnVectors
                0x00000000080002cc                . = ALIGN (0x4)

.text           0x00000000080002cc     0xa7d0
                0x00000000080002cc                . = ALIGN (0x4)
 *(.text)
 .text          0x00000000080002cc       0x40 /Applications/STM32CubeIDE.app/Contents/Eclipse/plugins/com.st.stm32cube.ide.mcu.externaltools.gnu-tools-for-stm32.11.3.rel1.macos64_1.1.100.202310310803/tools/bin/../lib/gcc/arm-none-eabi/11.3.1/thumb/v7e-m+dp/hard/crtbegin.o
 .text          0x000000000800030c       0x30 /Applications/STM32CubeIDE.app/Contents/Eclipse/plugins/com.st.stm32cube.ide.mcu.externaltools.gnu-tools-for-stm32.11.3.rel1.macos64_1.1.100.202310310803/tools/bin/../lib/gcc/arm-none-eabi/11.3.1/thumb/v7e-m+dp/hard/libgcc.a(_aeabi_uldivmod.o)
                0x000000000800030c                __aeabi_uldivmod
 .text          0x000000000800033c      0x2c8 /Applications/STM32CubeIDE.app/Contents/Eclipse/plugins/com.st.stm32cube.ide.mcu.externaltools.gnu-tools-for-stm32.11.3.rel1.macos64_1.1.100.202310310803/tools/bin/../lib/gcc/arm-none-eabi/11.3.1/thumb/v7e-m+dp/hard/libgcc.a(_udivmoddi4.o)
                0x000000000800033c                __udivmoddi4
 .text          0x0000000008000604        0x4 /Applications/STM32CubeIDE.app/Contents/Eclipse/plugins/com.st.stm32cube.ide.mcu.externaltools.gnu-tools-for-stm32.11.3.rel1.macos64_1.1.100.202310310803/tools/bin/../lib/gcc/arm-none-eabi/11.3.1/thumb/v7e-m+dp/hard/libgcc.a(_dvmd_tls.o)
                0x0000000008000604                __aeabi_ldiv0
                0x0000000008000604                __aeabi_idiv0
 *(.text*)
 .text.HAL_UARTEx_RxEventCallback
                0x0000000008000608       0xa8 ./Core/Src/app.o
                0x0000000008000608                HAL_UARTEx_RxEventCallback
 .text.APP_init
                0x00000000080006b0       0x30 ./Core/Src/app.o
                0x00000000080006b0                APP_init
 .text.APP_main
                0x00000000080006e0      0x108 ./Core/Src/app.o
                0x00000000080006e0                APP_main
 .text.main     0x00000000080007e8       0x26 ./Core/Src/main.o
                0x00000000080007e8                main
 *fill*         0x000000000800080e        0x2 
 .text.SystemClock_Config
                0x0000000008000810       0xe0 ./Core/Src/main.o
                0x0000000008000810                SystemClock_Config
 .text.MX_TIM1_Init
                0x00000000080008f0      0x158 ./Core/Src/main.o
 .text.MX_USART3_UART_Init
                0x0000000008000a48       0x9c ./Core/Src/main.o
 .text.MX_DMA_Init
                0x0000000008000ae4       0x50 ./Core/Src/main.o
 .text.MX_GPIO_Init
                0x0000000008000b34      0x1d4 ./Core/Src/main.o
 .text.Error_Handler
                0x0000000008000d08        0xa ./Core/Src/main.o
                0x0000000008000d08                Error_Handler
 *fill*         0x0000000008000d12        0x2 
 .text.HAL_MspInit
                0x0000000008000d14       0x34 ./Core/Src/stm32h7xx_hal_msp.o
                0x0000000008000d14                HAL_MspInit
 .text.HAL_TIM_Base_MspInit
                0x0000000008000d48       0x44 ./Core/Src/stm32h7xx_hal_msp.o
                0x0000000008000d48                HAL_TIM_Base_MspInit
 .text.HAL_TIM_MspPostInit
                0x0000000008000d8c       0x78 ./Core/Src/stm32h7xx_hal_msp.o
                0x0000000008000d8c                HAL_TIM_MspPostInit
 .text.HAL_UART_MspInit
                0x0000000008000e04      0x1ac ./Core/Src/stm32h7xx_hal_msp.o
                0x0000000008000e04                HAL_UART_MspInit
 .text.NMI_Handler
                0x0000000008000fb0        0x6 ./Core/Src/stm32h7xx_it.o
                0x0000000008000fb0                NMI_Handler
 .text.HardFault_Handler
                0x0000000008000fb6        0x6 ./Core/Src/stm32h7xx_it.o
                0x0000000008000fb6                HardFault_Handler
 .text.MemManage_Handler
                0x0000000008000fbc        0x6 ./Core/Src/stm32h7xx_it.o
                0x0000000008000fbc                MemManage_Handler
 .text.BusFault_Handler
                0x0000000008000fc2        0x6 ./Core/Src/stm32h7xx_it.o
                0x0000000008000fc2                BusFault_Handler
 .text.UsageFault_Handler
                0x0000000008000fc8        0x6 ./Core/Src/stm32h7xx_it.o
                0x0000000008000fc8                UsageFault_Handler
 .text.SVC_Handler
                0x0000000008000fce        0xe ./Core/Src/stm32h7xx_it.o
                0x0000000008000fce                SVC_Handler
 .text.DebugMon_Handler
                0x0000000008000fdc        0xe ./Core/Src/stm32h7xx_it.o
                0x0000000008000fdc                DebugMon_Handler
 .text.PendSV_Handler
                0x0000000008000fea        0xe ./Core/Src/stm32h7xx_it.o
                0x0000000008000fea                PendSV_Handler
 .text.SysTick_Handler
                0x0000000008000ff8        0xc ./Core/Src/stm32h7xx_it.o
                0x0000000008000ff8                SysTick_Handler
 .text.DMA1_Stream5_IRQHandler
                0x0000000008001004       0x14 ./Core/Src/stm32h7xx_it.o
                0x0000000008001004                DMA1_Stream5_IRQHandler
 .text.DMA1_Stream6_IRQHandler
                0x0000000008001018       0x14 ./Core/Src/stm32h7xx_it.o
                0x0000000008001018                DMA1_Stream6_IRQHandler
 .text.USART3_IRQHandler
                0x000000000800102c       0x14 ./Core/Src/stm32h7xx_it.o
                0x000000000800102c                USART3_IRQHandler
 .text.SystemInit
                0x0000000008001040       0xf0 ./Core/Src/system_stm32h7xx.o
                0x0000000008001040                SystemInit
 .text.TL_update
                0x0000000008001130      0x108 ./Core/Src/tilelink.o
                0x0000000008001130                TL_update
 .text.TL_serialize
                0x0000000008001238      0x21c ./Core/Src/tilelink.o
                0x0000000008001238                TL_serialize
 .text.TL_deserialize
                0x0000000008001454      0x2a8 ./Core/Src/tilelink.o
                0x0000000008001454                TL_deserialize
 .text.TL_transmit
                0x00000000080016fc       0x48 ./Core/Src/tilelink.o
                0x00000000080016fc                TL_transmit
 .text.Reset_Handler
                0x0000000008001744       0x50 ./Core/Startup/startup_stm32h723zgtx.o
                0x0000000008001744                Reset_Handler
 .text.Default_Handler
                0x0000000008001794        0x2 ./Core/Startup/startup_stm32h723zgtx.o
                0x0000000008001794                DMA1_Stream3_IRQHandler
                0x0000000008001794                EXTI2_IRQHandler
                0x0000000008001794                TIM8_CC_IRQHandler
                0x0000000008001794                UART8_IRQHandler
                0x0000000008001794                SPI4_IRQHandler
                0x0000000008001794                FDCAN3_IT0_IRQHandler
                0x0000000008001794                TIM1_CC_IRQHandler
                0x0000000008001794                BDMA_Channel6_IRQHandler
                0x0000000008001794                DMA2_Stream5_IRQHandler
                0x0000000008001794                CORDIC_IRQHandler
                0x0000000008001794                BDMA_Channel1_IRQHandler
                0x0000000008001794                TAMP_STAMP_IRQHandler
                0x0000000008001794                EXTI3_IRQHandler
                0x0000000008001794                LPTIM4_IRQHandler
                0x0000000008001794                TIM8_TRG_COM_TIM14_IRQHandler
                0x0000000008001794                LPTIM2_IRQHandler
                0x0000000008001794                DFSDM1_FLT1_IRQHandler
                0x0000000008001794                DMAMUX2_OVR_IRQHandler
                0x0000000008001794                TIM8_UP_TIM13_IRQHandler
                0x0000000008001794                I2C3_ER_IRQHandler
                0x0000000008001794                DFSDM1_FLT2_IRQHandler
                0x0000000008001794                I2C5_EV_IRQHandler
                0x0000000008001794                USART10_IRQHandler
                0x0000000008001794                MDMA_IRQHandler
                0x0000000008001794                LPTIM3_IRQHandler
                0x0000000008001794                HSEM1_IRQHandler
                0x0000000008001794                EXTI0_IRQHandler
                0x0000000008001794                I2C2_EV_IRQHandler
                0x0000000008001794                DMA1_Stream2_IRQHandler
                0x0000000008001794                FPU_IRQHandler
                0x0000000008001794                OTG_HS_WKUP_IRQHandler
                0x0000000008001794                FDCAN1_IT1_IRQHandler
                0x0000000008001794                LTDC_ER_IRQHandler
                0x0000000008001794                DMA2_Stream2_IRQHandler
                0x0000000008001794                SPI1_IRQHandler
                0x0000000008001794                OCTOSPI1_IRQHandler
                0x0000000008001794                TIM6_DAC_IRQHandler
                0x0000000008001794                DMA2_Stream3_IRQHandler
                0x0000000008001794                OCTOSPI2_IRQHandler
                0x0000000008001794                DFSDM1_FLT3_IRQHandler
                0x0000000008001794                TIM23_IRQHandler
                0x0000000008001794                USART6_IRQHandler
                0x0000000008001794                TIM17_IRQHandler
                0x0000000008001794                BDMA_Channel7_IRQHandler
                0x0000000008001794                LPTIM5_IRQHandler
                0x0000000008001794                UART5_IRQHandler
                0x0000000008001794                ADC3_IRQHandler
                0x0000000008001794                DMA2_Stream0_IRQHandler
                0x0000000008001794                TIM4_IRQHandler
                0x0000000008001794                BDMA_Channel2_IRQHandler
                0x0000000008001794                I2C1_EV_IRQHandler
                0x0000000008001794                DMAMUX1_OVR_IRQHandler
                0x0000000008001794                DMA1_Stream1_IRQHandler
                0x0000000008001794                TIM16_IRQHandler
                0x0000000008001794                UART4_IRQHandler
                0x0000000008001794                BDMA_Channel5_IRQHandler
                0x0000000008001794                TIM3_IRQHandler
                0x0000000008001794                RCC_IRQHandler
                0x0000000008001794                UART9_IRQHandler
                0x0000000008001794                TIM8_BRK_TIM12_IRQHandler
                0x0000000008001794                TIM1_TRG_COM_IRQHandler
                0x0000000008001794                Default_Handler
                0x0000000008001794                ECC_IRQHandler
                0x0000000008001794                FMAC_IRQHandler
                0x0000000008001794                CEC_IRQHandler
                0x0000000008001794                EXTI15_10_IRQHandler
                0x0000000008001794                BDMA_Channel0_IRQHandler
                0x0000000008001794                ADC_IRQHandler
                0x0000000008001794                I2C5_ER_IRQHandler
                0x0000000008001794                DMA1_Stream7_IRQHandler
                0x0000000008001794                SPI5_IRQHandler
                0x0000000008001794                TIM7_IRQHandler
                0x0000000008001794                FDCAN3_IT1_IRQHandler
                0x0000000008001794                SDMMC1_IRQHandler
                0x0000000008001794                TIM5_IRQHandler
                0x0000000008001794                DMA2_Stream7_IRQHandler
                0x0000000008001794                TIM15_IRQHandler
                0x0000000008001794                PVD_AVD_IRQHandler
                0x0000000008001794                I2C3_EV_IRQHandler
                0x0000000008001794                EXTI9_5_IRQHandler
                0x0000000008001794                RTC_WKUP_IRQHandler
                0x0000000008001794                LTDC_IRQHandler
                0x0000000008001794                ETH_WKUP_IRQHandler
                0x0000000008001794                SPDIF_RX_IRQHandler
                0x0000000008001794                SPI2_IRQHandler
                0x0000000008001794                OTG_HS_EP1_IN_IRQHandler
                0x0000000008001794                DMA1_Stream0_IRQHandler
                0x0000000008001794                TIM24_IRQHandler
                0x0000000008001794                CRS_IRQHandler
                0x0000000008001794                EXTI4_IRQHandler
                0x0000000008001794                RNG_IRQHandler
                0x0000000008001794                FDCAN2_IT1_IRQHandler
                0x0000000008001794                ETH_IRQHandler
                0x0000000008001794                TIM1_UP_IRQHandler
                0x0000000008001794                BDMA_Channel4_IRQHandler
                0x0000000008001794                OTG_HS_EP1_OUT_IRQHandler
                0x0000000008001794                WWDG_IRQHandler
                0x0000000008001794                SPI6_IRQHandler
                0x0000000008001794                MDIOS_IRQHandler
                0x0000000008001794                I2C4_EV_IRQHandler
                0x0000000008001794                FDCAN2_IT0_IRQHandler
                0x0000000008001794                LPUART1_IRQHandler
                0x0000000008001794                FDCAN1_IT0_IRQHandler
                0x0000000008001794                TIM2_IRQHandler
                0x0000000008001794                OTG_HS_IRQHandler
                0x0000000008001794                DMA2D_IRQHandler
                0x0000000008001794                TIM1_BRK_IRQHandler
                0x0000000008001794                EXTI1_IRQHandler
                0x0000000008001794                SDMMC2_IRQHandler
                0x0000000008001794                BDMA_Channel3_IRQHandler
                0x0000000008001794                DTS_IRQHandler
                0x0000000008001794                UART7_IRQHandler
                0x0000000008001794                MDIOS_WKUP_IRQHandler
                0x0000000008001794                USART2_IRQHandler
                0x0000000008001794                DFSDM1_FLT0_IRQHandler
                0x0000000008001794                SAI4_IRQHandler
                0x0000000008001794                I2C2_ER_IRQHandler
                0x0000000008001794                DMA2_Stream1_IRQHandler
                0x0000000008001794                FLASH_IRQHandler
                0x0000000008001794                DMA2_Stream4_IRQHandler
                0x0000000008001794                USART1_IRQHandler
                0x0000000008001794                SPI3_IRQHandler
                0x0000000008001794                WAKEUP_PIN_IRQHandler
                0x0000000008001794                DMA1_Stream4_IRQHandler
                0x0000000008001794                I2C1_ER_IRQHandler
                0x0000000008001794                FMC_IRQHandler
                0x0000000008001794                FDCAN_CAL_IRQHandler
                0x0000000008001794                SWPMI1_IRQHandler
                0x0000000008001794                COMP1_IRQHandler
                0x0000000008001794                LPTIM1_IRQHandler
                0x0000000008001794                DCMI_PSSI_IRQHandler
                0x0000000008001794                I2C4_ER_IRQHandler
                0x0000000008001794                DMA2_Stream6_IRQHandler
                0x0000000008001794                SAI1_IRQHandler
                0x0000000008001794                RTC_Alarm_IRQHandler
 *fill*         0x0000000008001796        0x2 
 .text.HAL_Init
                0x0000000008001798       0x78 ./Drivers/STM32H7xx_HAL_Driver/Src/stm32h7xx_hal.o
                0x0000000008001798                HAL_Init
 .text.HAL_InitTick
                0x0000000008001810       0x6c ./Drivers/STM32H7xx_HAL_Driver/Src/stm32h7xx_hal.o
                0x0000000008001810                HAL_InitTick
 .text.HAL_IncTick
                0x000000000800187c       0x28 ./Drivers/STM32H7xx_HAL_Driver/Src/stm32h7xx_hal.o
                0x000000000800187c                HAL_IncTick
 .text.HAL_GetTick
                0x00000000080018a4       0x18 ./Drivers/STM32H7xx_HAL_Driver/Src/stm32h7xx_hal.o
                0x00000000080018a4                HAL_GetTick
 .text.__NVIC_SetPriorityGrouping
                0x00000000080018bc       0x48 ./Drivers/STM32H7xx_HAL_Driver/Src/stm32h7xx_hal_cortex.o
 .text.__NVIC_GetPriorityGrouping
                0x0000000008001904       0x1c ./Drivers/STM32H7xx_HAL_Driver/Src/stm32h7xx_hal_cortex.o
 .text.__NVIC_EnableIRQ
                0x0000000008001920       0x3c ./Drivers/STM32H7xx_HAL_Driver/Src/stm32h7xx_hal_cortex.o
 .text.__NVIC_SetPriority
                0x000000000800195c       0x54 ./Drivers/STM32H7xx_HAL_Driver/Src/stm32h7xx_hal_cortex.o
 .text.NVIC_EncodePriority
                0x00000000080019b0       0x66 ./Drivers/STM32H7xx_HAL_Driver/Src/stm32h7xx_hal_cortex.o
 *fill*         0x0000000008001a16        0x2 
 .text.SysTick_Config
                0x0000000008001a18       0x44 ./Drivers/STM32H7xx_HAL_Driver/Src/stm32h7xx_hal_cortex.o
 .text.HAL_NVIC_SetPriorityGrouping
                0x0000000008001a5c       0x16 ./Drivers/STM32H7xx_HAL_Driver/Src/stm32h7xx_hal_cortex.o
                0x0000000008001a5c                HAL_NVIC_SetPriorityGrouping
 .text.HAL_NVIC_SetPriority
                0x0000000008001a72       0x34 ./Drivers/STM32H7xx_HAL_Driver/Src/stm32h7xx_hal_cortex.o
                0x0000000008001a72                HAL_NVIC_SetPriority
 .text.HAL_NVIC_EnableIRQ
                0x0000000008001aa6       0x1c ./Drivers/STM32H7xx_HAL_Driver/Src/stm32h7xx_hal_cortex.o
                0x0000000008001aa6                HAL_NVIC_EnableIRQ
 .text.HAL_SYSTICK_Config
                0x0000000008001ac2       0x18 ./Drivers/STM32H7xx_HAL_Driver/Src/stm32h7xx_hal_cortex.o
                0x0000000008001ac2                HAL_SYSTICK_Config
 *fill*         0x0000000008001ada        0x2 
 .text.HAL_DMA_Init
                0x0000000008001adc      0x6b0 ./Drivers/STM32H7xx_HAL_Driver/Src/stm32h7xx_hal_dma.o
                0x0000000008001adc                HAL_DMA_Init
 .text.HAL_DMA_Start_IT
                0x000000000800218c      0x4d4 ./Drivers/STM32H7xx_HAL_Driver/Src/stm32h7xx_hal_dma.o
                0x000000000800218c                HAL_DMA_Start_IT
 .text.HAL_DMA_Abort
                0x0000000008002660      0x63c ./Drivers/STM32H7xx_HAL_Driver/Src/stm32h7xx_hal_dma.o
                0x0000000008002660                HAL_DMA_Abort
 .text.HAL_DMA_Abort_IT
                0x0000000008002c9c      0x48c ./Drivers/STM32H7xx_HAL_Driver/Src/stm32h7xx_hal_dma.o
                0x0000000008002c9c                HAL_DMA_Abort_IT
 .text.HAL_DMA_IRQHandler
                0x0000000008003128      0xe54 ./Drivers/STM32H7xx_HAL_Driver/Src/stm32h7xx_hal_dma.o
                0x0000000008003128                HAL_DMA_IRQHandler
 .text.DMA_SetConfig
                0x0000000008003f7c      0x358 ./Drivers/STM32H7xx_HAL_Driver/Src/stm32h7xx_hal_dma.o
 .text.DMA_CalcBaseAndBitshift
                0x00000000080042d4      0x164 ./Drivers/STM32H7xx_HAL_Driver/Src/stm32h7xx_hal_dma.o
 .text.DMA_CheckFifoParam
                0x0000000008004438       0xf8 ./Drivers/STM32H7xx_HAL_Driver/Src/stm32h7xx_hal_dma.o
 .text.DMA_CalcDMAMUXChannelBaseAndMask
                0x0000000008004530      0x134 ./Drivers/STM32H7xx_HAL_Driver/Src/stm32h7xx_hal_dma.o
 .text.DMA_CalcDMAMUXRequestGenBaseAndMask
                0x0000000008004664       0xe8 ./Drivers/STM32H7xx_HAL_Driver/Src/stm32h7xx_hal_dma.o
 .text.HAL_GPIO_Init
                0x000000000800474c      0x350 ./Drivers/STM32H7xx_HAL_Driver/Src/stm32h7xx_hal_gpio.o
                0x000000000800474c                HAL_GPIO_Init
 .text.HAL_GPIO_ReadPin
                0x0000000008004a9c       0x30 ./Drivers/STM32H7xx_HAL_Driver/Src/stm32h7xx_hal_gpio.o
                0x0000000008004a9c                HAL_GPIO_ReadPin
 .text.HAL_GPIO_WritePin
                0x0000000008004acc       0x32 ./Drivers/STM32H7xx_HAL_Driver/Src/stm32h7xx_hal_gpio.o
                0x0000000008004acc                HAL_GPIO_WritePin
 *fill*         0x0000000008004afe        0x2 
 .text.HAL_PWREx_ConfigSupply
                0x0000000008004b00       0x74 ./Drivers/STM32H7xx_HAL_Driver/Src/stm32h7xx_hal_pwr_ex.o
                0x0000000008004b00                HAL_PWREx_ConfigSupply
 .text.HAL_RCC_OscConfig
                0x0000000008004b74      0x7b4 ./Drivers/STM32H7xx_HAL_Driver/Src/stm32h7xx_hal_rcc.o
                0x0000000008004b74                HAL_RCC_OscConfig
 .text.HAL_RCC_ClockConfig
                0x0000000008005328      0x36c ./Drivers/STM32H7xx_HAL_Driver/Src/stm32h7xx_hal_rcc.o
                0x0000000008005328                HAL_RCC_ClockConfig
 .text.HAL_RCC_GetSysClockFreq
                0x0000000008005694      0x2f4 ./Drivers/STM32H7xx_HAL_Driver/Src/stm32h7xx_hal_rcc.o
                0x0000000008005694                HAL_RCC_GetSysClockFreq
 .text.HAL_RCC_GetHCLKFreq
                0x0000000008005988       0x60 ./Drivers/STM32H7xx_HAL_Driver/Src/stm32h7xx_hal_rcc.o
                0x0000000008005988                HAL_RCC_GetHCLKFreq
 .text.HAL_RCC_GetPCLK1Freq
                0x00000000080059e8       0x2c ./Drivers/STM32H7xx_HAL_Driver/Src/stm32h7xx_hal_rcc.o
                0x00000000080059e8                HAL_RCC_GetPCLK1Freq
 .text.HAL_RCC_GetPCLK2Freq
                0x0000000008005a14       0x2c ./Drivers/STM32H7xx_HAL_Driver/Src/stm32h7xx_hal_rcc.o
                0x0000000008005a14                HAL_RCC_GetPCLK2Freq
 .text.HAL_RCCEx_PeriphCLKConfig
                0x0000000008005a40     0x1340 ./Drivers/STM32H7xx_HAL_Driver/Src/stm32h7xx_hal_rcc_ex.o
                0x0000000008005a40                HAL_RCCEx_PeriphCLKConfig
 .text.HAL_RCCEx_GetD3PCLK1Freq
                0x0000000008006d80       0x2c ./Drivers/STM32H7xx_HAL_Driver/Src/stm32h7xx_hal_rcc_ex.o
                0x0000000008006d80                HAL_RCCEx_GetD3PCLK1Freq
 .text.HAL_RCCEx_GetPLL2ClockFreq
                0x0000000008006dac      0x2a8 ./Drivers/STM32H7xx_HAL_Driver/Src/stm32h7xx_hal_rcc_ex.o
                0x0000000008006dac                HAL_RCCEx_GetPLL2ClockFreq
 .text.HAL_RCCEx_GetPLL3ClockFreq
                0x0000000008007054      0x2a8 ./Drivers/STM32H7xx_HAL_Driver/Src/stm32h7xx_hal_rcc_ex.o
                0x0000000008007054                HAL_RCCEx_GetPLL3ClockFreq
 .text.RCCEx_PLL2_Config
                0x00000000080072fc      0x164 ./Drivers/STM32H7xx_HAL_Driver/Src/stm32h7xx_hal_rcc_ex.o
 .text.RCCEx_PLL3_Config
                0x0000000008007460      0x164 ./Drivers/STM32H7xx_HAL_Driver/Src/stm32h7xx_hal_rcc_ex.o
 .text.HAL_TIM_Base_Init
                0x00000000080075c4       0xae ./Drivers/STM32H7xx_HAL_Driver/Src/stm32h7xx_hal_tim.o
                0x00000000080075c4                HAL_TIM_Base_Init
 .text.HAL_TIM_PWM_Init
                0x0000000008007672       0xae ./Drivers/STM32H7xx_HAL_Driver/Src/stm32h7xx_hal_tim.o
                0x0000000008007672                HAL_TIM_PWM_Init
 .text.HAL_TIM_PWM_MspInit
                0x0000000008007720       0x14 ./Drivers/STM32H7xx_HAL_Driver/Src/stm32h7xx_hal_tim.o
                0x0000000008007720                HAL_TIM_PWM_MspInit
 .text.HAL_TIM_PWM_Start
                0x0000000008007734      0x238 ./Drivers/STM32H7xx_HAL_Driver/Src/stm32h7xx_hal_tim.o
                0x0000000008007734                HAL_TIM_PWM_Start
 .text.HAL_TIM_PWM_ConfigChannel
                0x000000000800796c      0x228 ./Drivers/STM32H7xx_HAL_Driver/Src/stm32h7xx_hal_tim.o
                0x000000000800796c                HAL_TIM_PWM_ConfigChannel
 .text.HAL_TIM_ConfigClockSource
                0x0000000008007b94      0x1f0 ./Drivers/STM32H7xx_HAL_Driver/Src/stm32h7xx_hal_tim.o
                0x0000000008007b94                HAL_TIM_ConfigClockSource
 .text.TIM_Base_SetConfig
                0x0000000008007d84      0x14c ./Drivers/STM32H7xx_HAL_Driver/Src/stm32h7xx_hal_tim.o
                0x0000000008007d84                TIM_Base_SetConfig
 .text.TIM_OC1_SetConfig
                0x0000000008007ed0      0x120 ./Drivers/STM32H7xx_HAL_Driver/Src/stm32h7xx_hal_tim.o
 .text.TIM_OC2_SetConfig
                0x0000000008007ff0      0x114 ./Drivers/STM32H7xx_HAL_Driver/Src/stm32h7xx_hal_tim.o
                0x0000000008007ff0                TIM_OC2_SetConfig
 .text.TIM_OC3_SetConfig
                0x0000000008008104      0x110 ./Drivers/STM32H7xx_HAL_Driver/Src/stm32h7xx_hal_tim.o
 .text.TIM_OC4_SetConfig
                0x0000000008008214       0xd4 ./Drivers/STM32H7xx_HAL_Driver/Src/stm32h7xx_hal_tim.o
 .text.TIM_OC5_SetConfig
                0x00000000080082e8       0xc8 ./Drivers/STM32H7xx_HAL_Driver/Src/stm32h7xx_hal_tim.o
 .text.TIM_OC6_SetConfig
                0x00000000080083b0       0xcc ./Drivers/STM32H7xx_HAL_Driver/Src/stm32h7xx_hal_tim.o
 .text.TIM_TI1_ConfigInputStage
                0x000000000800847c       0x5e ./Drivers/STM32H7xx_HAL_Driver/Src/stm32h7xx_hal_tim.o
 .text.TIM_TI2_ConfigInputStage
                0x00000000080084da       0x60 ./Drivers/STM32H7xx_HAL_Driver/Src/stm32h7xx_hal_tim.o
 *fill*         0x000000000800853a        0x2 
 .text.TIM_ITRx_SetConfig
                0x000000000800853c       0x3c ./Drivers/STM32H7xx_HAL_Driver/Src/stm32h7xx_hal_tim.o
 .text.TIM_ETR_SetConfig
                0x0000000008008578       0x40 ./Drivers/STM32H7xx_HAL_Driver/Src/stm32h7xx_hal_tim.o
                0x0000000008008578                TIM_ETR_SetConfig
 .text.TIM_CCxChannelCmd
                0x00000000080085b8       0x4a ./Drivers/STM32H7xx_HAL_Driver/Src/stm32h7xx_hal_tim.o
                0x00000000080085b8                TIM_CCxChannelCmd
 *fill*         0x0000000008008602        0x2 
 .text.HAL_TIMEx_MasterConfigSynchronization
                0x0000000008008604      0x138 ./Drivers/STM32H7xx_HAL_Driver/Src/stm32h7xx_hal_tim_ex.o
                0x0000000008008604                HAL_TIMEx_MasterConfigSynchronization
 .text.HAL_TIMEx_ConfigBreakDeadTime
                0x000000000800873c      0x140 ./Drivers/STM32H7xx_HAL_Driver/Src/stm32h7xx_hal_tim_ex.o
                0x000000000800873c                HAL_TIMEx_ConfigBreakDeadTime
 .text.HAL_UART_Init
                0x000000000800887c       0xa0 ./Drivers/STM32H7xx_HAL_Driver/Src/stm32h7xx_hal_uart.o
                0x000000000800887c                HAL_UART_Init
 .text.HAL_UART_Transmit
                0x000000000800891c      0x11c ./Drivers/STM32H7xx_HAL_Driver/Src/stm32h7xx_hal_uart.o
                0x000000000800891c                HAL_UART_Transmit
 .text.HAL_UART_IRQHandler
                0x0000000008008a38      0x774 ./Drivers/STM32H7xx_HAL_Driver/Src/stm32h7xx_hal_uart.o
                0x0000000008008a38                HAL_UART_IRQHandler
 .text.HAL_UART_TxCpltCallback
                0x00000000080091ac       0x14 ./Drivers/STM32H7xx_HAL_Driver/Src/stm32h7xx_hal_uart.o
                0x00000000080091ac                HAL_UART_TxCpltCallback
 .text.HAL_UART_RxCpltCallback
                0x00000000080091c0       0x14 ./Drivers/STM32H7xx_HAL_Driver/Src/stm32h7xx_hal_uart.o
                0x00000000080091c0                HAL_UART_RxCpltCallback
 .text.HAL_UART_RxHalfCpltCallback
                0x00000000080091d4       0x14 ./Drivers/STM32H7xx_HAL_Driver/Src/stm32h7xx_hal_uart.o
                0x00000000080091d4                HAL_UART_RxHalfCpltCallback
 .text.HAL_UART_ErrorCallback
                0x00000000080091e8       0x14 ./Drivers/STM32H7xx_HAL_Driver/Src/stm32h7xx_hal_uart.o
                0x00000000080091e8                HAL_UART_ErrorCallback
 .text.UART_SetConfig
                0x00000000080091fc      0xcd8 ./Drivers/STM32H7xx_HAL_Driver/Src/stm32h7xx_hal_uart.o
                0x00000000080091fc                UART_SetConfig
 .text.UART_AdvFeatureConfig
                0x0000000008009ed4      0x144 ./Drivers/STM32H7xx_HAL_Driver/Src/stm32h7xx_hal_uart.o
                0x0000000008009ed4                UART_AdvFeatureConfig
 .text.UART_CheckIdleState
                0x000000000800a018      0x154 ./Drivers/STM32H7xx_HAL_Driver/Src/stm32h7xx_hal_uart.o
                0x000000000800a018                UART_CheckIdleState
 .text.UART_WaitOnFlagUntilTimeout
                0x000000000800a16c       0xce ./Drivers/STM32H7xx_HAL_Driver/Src/stm32h7xx_hal_uart.o
                0x000000000800a16c                UART_WaitOnFlagUntilTimeout
 *fill*         0x000000000800a23a        0x2 
 .text.UART_Start_Receive_DMA
                0x000000000800a23c      0x14c ./Drivers/STM32H7xx_HAL_Driver/Src/stm32h7xx_hal_uart.o
                0x000000000800a23c                UART_Start_Receive_DMA
 .text.UART_EndTxTransfer
                0x000000000800a388       0x82 ./Drivers/STM32H7xx_HAL_Driver/Src/stm32h7xx_hal_uart.o
 *fill*         0x000000000800a40a        0x2 
 .text.UART_EndRxTransfer
                0x000000000800a40c       0xcc ./Drivers/STM32H7xx_HAL_Driver/Src/stm32h7xx_hal_uart.o
 .text.UART_DMAReceiveCplt
                0x000000000800a4d8      0x128 ./Drivers/STM32H7xx_HAL_Driver/Src/stm32h7xx_hal_uart.o
 .text.UART_DMARxHalfCplt
                0x000000000800a600       0x3e ./Drivers/STM32H7xx_HAL_Driver/Src/stm32h7xx_hal_uart.o
 .text.UART_DMAError
                0x000000000800a63e       0x80 ./Drivers/STM32H7xx_HAL_Driver/Src/stm32h7xx_hal_uart.o
 .text.UART_DMAAbortOnError
                0x000000000800a6be       0x2c ./Drivers/STM32H7xx_HAL_Driver/Src/stm32h7xx_hal_uart.o
 .text.UART_EndTransmit_IT
                0x000000000800a6ea       0x56 ./Drivers/STM32H7xx_HAL_Driver/Src/stm32h7xx_hal_uart.o
 .text.HAL_UARTEx_WakeupCallback
                0x000000000800a740       0x14 ./Drivers/STM32H7xx_HAL_Driver/Src/stm32h7xx_hal_uart_ex.o
                0x000000000800a740                HAL_UARTEx_WakeupCallback
 .text.HAL_UARTEx_RxFifoFullCallback
                0x000000000800a754       0x14 ./Drivers/STM32H7xx_HAL_Driver/Src/stm32h7xx_hal_uart_ex.o
                0x000000000800a754                HAL_UARTEx_RxFifoFullCallback
 .text.HAL_UARTEx_TxFifoEmptyCallback
                0x000000000800a768       0x14 ./Drivers/STM32H7xx_HAL_Driver/Src/stm32h7xx_hal_uart_ex.o
                0x000000000800a768                HAL_UARTEx_TxFifoEmptyCallback
 .text.HAL_UARTEx_DisableFifoMode
                0x000000000800a77c       0x72 ./Drivers/STM32H7xx_HAL_Driver/Src/stm32h7xx_hal_uart_ex.o
                0x000000000800a77c                HAL_UARTEx_DisableFifoMode
 .text.HAL_UARTEx_SetTxFifoThreshold
                0x000000000800a7ee       0x7c ./Drivers/STM32H7xx_HAL_Driver/Src/stm32h7xx_hal_uart_ex.o
                0x000000000800a7ee                HAL_UARTEx_SetTxFifoThreshold
 .text.HAL_UARTEx_SetRxFifoThreshold
                0x000000000800a86a       0x7c ./Drivers/STM32H7xx_HAL_Driver/Src/stm32h7xx_hal_uart_ex.o
                0x000000000800a86a                HAL_UARTEx_SetRxFifoThreshold
 .text.HAL_UARTEx_ReceiveToIdle_DMA
                0x000000000800a8e6       0xa8 ./Drivers/STM32H7xx_HAL_Driver/Src/stm32h7xx_hal_uart_ex.o
                0x000000000800a8e6                HAL_UARTEx_ReceiveToIdle_DMA
 *fill*         0x000000000800a98e        0x2 
 .text.UARTEx_SetNbDataToProcess
                0x000000000800a990       0x9c ./Drivers/STM32H7xx_HAL_Driver/Src/stm32h7xx_hal_uart_ex.o
 .text.memset   0x000000000800aa2c       0x10 /Applications/STM32CubeIDE.app/Contents/Eclipse/plugins/com.st.stm32cube.ide.mcu.externaltools.gnu-tools-for-stm32.11.3.rel1.macos64_1.1.100.202310310803/tools/bin/../lib/gcc/arm-none-eabi/11.3.1/../../../../arm-none-eabi/lib/thumb/v7e-m+dp/hard/libc_nano.a(libc_a-memset.o)
                0x000000000800aa2c                memset
 .text.__libc_init_array
                0x000000000800aa3c       0x48 /Applications/STM32CubeIDE.app/Contents/Eclipse/plugins/com.st.stm32cube.ide.mcu.externaltools.gnu-tools-for-stm32.11.3.rel1.macos64_1.1.100.202310310803/tools/bin/../lib/gcc/arm-none-eabi/11.3.1/../../../../arm-none-eabi/lib/thumb/v7e-m+dp/hard/libc_nano.a(libc_a-init.o)
                0x000000000800aa3c                __libc_init_array
 *(.glue_7)
 .glue_7        0x000000000800aa84        0x0 linker stubs
 *(.glue_7t)
 .glue_7t       0x000000000800aa84        0x0 linker stubs
 *(.eh_frame)
 .eh_frame      0x000000000800aa84        0x0 /Applications/STM32CubeIDE.app/Contents/Eclipse/plugins/com.st.stm32cube.ide.mcu.externaltools.gnu-tools-for-stm32.11.3.rel1.macos64_1.1.100.202310310803/tools/bin/../lib/gcc/arm-none-eabi/11.3.1/thumb/v7e-m+dp/hard/crtbegin.o
 *(.init)
 .init          0x000000000800aa84        0x4 /Applications/STM32CubeIDE.app/Contents/Eclipse/plugins/com.st.stm32cube.ide.mcu.externaltools.gnu-tools-for-stm32.11.3.rel1.macos64_1.1.100.202310310803/tools/bin/../lib/gcc/arm-none-eabi/11.3.1/thumb/v7e-m+dp/hard/crti.o
                0x000000000800aa84                _init
 .init          0x000000000800aa88        0x8 /Applications/STM32CubeIDE.app/Contents/Eclipse/plugins/com.st.stm32cube.ide.mcu.externaltools.gnu-tools-for-stm32.11.3.rel1.macos64_1.1.100.202310310803/tools/bin/../lib/gcc/arm-none-eabi/11.3.1/thumb/v7e-m+dp/hard/crtn.o
 *(.fini)
 .fini          0x000000000800aa90        0x4 /Applications/STM32CubeIDE.app/Contents/Eclipse/plugins/com.st.stm32cube.ide.mcu.externaltools.gnu-tools-for-stm32.11.3.rel1.macos64_1.1.100.202310310803/tools/bin/../lib/gcc/arm-none-eabi/11.3.1/thumb/v7e-m+dp/hard/crti.o
                0x000000000800aa90                _fini
 .fini          0x000000000800aa94        0x8 /Applications/STM32CubeIDE.app/Contents/Eclipse/plugins/com.st.stm32cube.ide.mcu.externaltools.gnu-tools-for-stm32.11.3.rel1.macos64_1.1.100.202310310803/tools/bin/../lib/gcc/arm-none-eabi/11.3.1/thumb/v7e-m+dp/hard/crtn.o
                0x000000000800aa9c                . = ALIGN (0x4)
                0x000000000800aa9c                _etext = .

.vfp11_veneer   0x000000000800aa9c        0x0
 .vfp11_veneer  0x000000000800aa9c        0x0 linker stubs

.v4_bx          0x000000000800aa9c        0x0
 .v4_bx         0x000000000800aa9c        0x0 linker stubs

.iplt           0x000000000800aa9c        0x0
 .iplt          0x000000000800aa9c        0x0 /Applications/STM32CubeIDE.app/Contents/Eclipse/plugins/com.st.stm32cube.ide.mcu.externaltools.gnu-tools-for-stm32.11.3.rel1.macos64_1.1.100.202310310803/tools/bin/../lib/gcc/arm-none-eabi/11.3.1/thumb/v7e-m+dp/hard/crtbegin.o

.rodata         0x000000000800aa9c       0x40
                0x000000000800aa9c                . = ALIGN (0x4)
 *(.rodata)
 *(.rodata*)
 .rodata.D1CorePrescTable
                0x000000000800aa9c       0x10 ./Core/Src/system_stm32h7xx.o
                0x000000000800aa9c                D1CorePrescTable
 .rodata.flagBitshiftOffset.0
                0x000000000800aaac        0x8 ./Drivers/STM32H7xx_HAL_Driver/Src/stm32h7xx_hal_dma.o
 .rodata.UARTPrescTable
                0x000000000800aab4       0x18 ./Drivers/STM32H7xx_HAL_Driver/Src/stm32h7xx_hal_uart.o
                0x000000000800aab4                UARTPrescTable
 .rodata.numerator.1
                0x000000000800aacc        0x8 ./Drivers/STM32H7xx_HAL_Driver/Src/stm32h7xx_hal_uart_ex.o
 .rodata.denominator.0
                0x000000000800aad4        0x8 ./Drivers/STM32H7xx_HAL_Driver/Src/stm32h7xx_hal_uart_ex.o
                0x000000000800aadc                . = ALIGN (0x4)

.ARM.extab
 *(.ARM.extab* .gnu.linkonce.armextab.*)

.ARM            0x000000000800aadc        0x8
                0x000000000800aadc                __exidx_start = .
 *(.ARM.exidx*)
 .ARM.exidx     0x000000000800aadc        0x8 /Applications/STM32CubeIDE.app/Contents/Eclipse/plugins/com.st.stm32cube.ide.mcu.externaltools.gnu-tools-for-stm32.11.3.rel1.macos64_1.1.100.202310310803/tools/bin/../lib/gcc/arm-none-eabi/11.3.1/thumb/v7e-m+dp/hard/libgcc.a(_udivmoddi4.o)
                0x000000000800aae4                __exidx_end = .

.rel.dyn        0x000000000800aae4        0x0
 .rel.iplt      0x000000000800aae4        0x0 /Applications/STM32CubeIDE.app/Contents/Eclipse/plugins/com.st.stm32cube.ide.mcu.externaltools.gnu-tools-for-stm32.11.3.rel1.macos64_1.1.100.202310310803/tools/bin/../lib/gcc/arm-none-eabi/11.3.1/thumb/v7e-m+dp/hard/crtbegin.o

.preinit_array  0x000000000800aae4        0x0
                0x000000000800aae4                PROVIDE (__preinit_array_start = .)
 *(.preinit_array*)
                0x000000000800aae4                PROVIDE (__preinit_array_end = .)

.init_array     0x000000000800aae4        0x4
                0x000000000800aae4                PROVIDE (__init_array_start = .)
 *(SORT_BY_NAME(.init_array.*))
 *(.init_array*)
 .init_array    0x000000000800aae4        0x4 /Applications/STM32CubeIDE.app/Contents/Eclipse/plugins/com.st.stm32cube.ide.mcu.externaltools.gnu-tools-for-stm32.11.3.rel1.macos64_1.1.100.202310310803/tools/bin/../lib/gcc/arm-none-eabi/11.3.1/thumb/v7e-m+dp/hard/crtbegin.o
                0x000000000800aae8                PROVIDE (__init_array_end = .)

.fini_array     0x000000000800aae8        0x4
                [!provide]                        PROVIDE (__fini_array_start = .)
 *(SORT_BY_NAME(.fini_array.*))
 *(.fini_array*)
 .fini_array    0x000000000800aae8        0x4 /Applications/STM32CubeIDE.app/Contents/Eclipse/plugins/com.st.stm32cube.ide.mcu.externaltools.gnu-tools-for-stm32.11.3.rel1.macos64_1.1.100.202310310803/tools/bin/../lib/gcc/arm-none-eabi/11.3.1/thumb/v7e-m+dp/hard/crtbegin.o
                [!provide]                        PROVIDE (__fini_array_end = .)
                0x000000000800aaec                _sidata = LOADADDR (.data)

.data           0x0000000024000000       0x14 load address 0x000000000800aaec
                0x0000000024000000                . = ALIGN (0x4)
                0x0000000024000000                _sdata = .
 *(.data)
 *(.data*)
 .data.app_state
                0x0000000024000000        0x1 ./Core/Src/app.o
                0x0000000024000000                app_state
 *fill*         0x0000000024000001        0x3 
 .data.SystemCoreClock
                0x0000000024000004        0x4 ./Core/Src/system_stm32h7xx.o
                0x0000000024000004                SystemCoreClock
 .data.SystemD2Clock
                0x0000000024000008        0x4 ./Core/Src/system_stm32h7xx.o
                0x0000000024000008                SystemD2Clock
 .data.uwTickPrio
                0x000000002400000c        0x4 ./Drivers/STM32H7xx_HAL_Driver/Src/stm32h7xx_hal.o
                0x000000002400000c                uwTickPrio
 .data.uwTickFreq
                0x0000000024000010        0x1 ./Drivers/STM32H7xx_HAL_Driver/Src/stm32h7xx_hal.o
                0x0000000024000010                uwTickFreq
 *(.RamFunc)
 *(.RamFunc*)
                0x0000000024000014                . = ALIGN (0x4)
 *fill*         0x0000000024000011        0x3 
                0x0000000024000014                _edata = .

.igot.plt       0x0000000024000014        0x0 load address 0x000000000800ab00
 .igot.plt      0x0000000024000014        0x0 /Applications/STM32CubeIDE.app/Contents/Eclipse/plugins/com.st.stm32cube.ide.mcu.externaltools.gnu-tools-for-stm32.11.3.rel1.macos64_1.1.100.202310310803/tools/bin/../lib/gcc/arm-none-eabi/11.3.1/thumb/v7e-m+dp/hard/crtbegin.o
                0x0000000024000014                . = ALIGN (0x4)

.bss            0x0000000024000018      0x4c8 load address 0x000000000800ab00
                0x0000000024000018                _sbss = .
                0x0000000024000018                __bss_start__ = _sbss
 *(.bss)
 .bss           0x0000000024000018       0x1c /Applications/STM32CubeIDE.app/Contents/Eclipse/plugins/com.st.stm32cube.ide.mcu.externaltools.gnu-tools-for-stm32.11.3.rel1.macos64_1.1.100.202310310803/tools/bin/../lib/gcc/arm-none-eabi/11.3.1/thumb/v7e-m+dp/hard/crtbegin.o
 *(.bss*)
 *fill*         0x0000000024000034        0x4 
 .bss.tl        0x0000000024000038      0x250 ./Core/Src/app.o
                0x0000000024000038                tl
 .bss.serial_rx_buffer
                0x0000000024000288       0x40 ./Core/Src/app.o
                0x0000000024000288                serial_rx_buffer
 .bss.serial_tx_buffer
                0x00000000240002c8       0x40 ./Core/Src/app.o
                0x00000000240002c8                serial_tx_buffer
 .bss.tl_clk_prev_state
                0x0000000024000308        0x1 ./Core/Src/app.o
                0x0000000024000308                tl_clk_prev_state
 *fill*         0x0000000024000309        0x3 
 .bss.htim1     0x000000002400030c       0x4c ./Core/Src/main.o
                0x000000002400030c                htim1
 .bss.huart3    0x0000000024000358       0x94 ./Core/Src/main.o
                0x0000000024000358                huart3
 .bss.hdma_usart3_rx
                0x00000000240003ec       0x78 ./Core/Src/main.o
                0x00000000240003ec                hdma_usart3_rx
 .bss.hdma_usart3_tx
                0x0000000024000464       0x78 ./Core/Src/main.o
                0x0000000024000464                hdma_usart3_tx
 .bss.uwTick    0x00000000240004dc        0x4 ./Drivers/STM32H7xx_HAL_Driver/Src/stm32h7xx_hal.o
                0x00000000240004dc                uwTick
 *(COMMON)
                0x00000000240004e0                . = ALIGN (0x4)
                0x00000000240004e0                _ebss = .
                0x00000000240004e0                __bss_end__ = _ebss

._user_heap_stack
                0x00000000240004e0      0x600 load address 0x000000000800ab00
                0x00000000240004e0                . = ALIGN (0x8)
                [!provide]                        PROVIDE (end = .)
                0x00000000240004e0                PROVIDE (_end = .)
                0x00000000240006e0                . = (. + _Min_Heap_Size)
 *fill*         0x00000000240004e0      0x200 
                0x0000000024000ae0                . = (. + _Min_Stack_Size)
 *fill*         0x00000000240006e0      0x400 
                0x0000000024000ae0                . = ALIGN (0x8)

/DISCARD/
 libc.a(*)
 libm.a(*)
 libgcc.a(*)

.ARM.attributes
                0x0000000000000000       0x2e
 *(.ARM.attributes)
 .ARM.attributes
                0x0000000000000000       0x1e /Applications/STM32CubeIDE.app/Contents/Eclipse/plugins/com.st.stm32cube.ide.mcu.externaltools.gnu-tools-for-stm32.11.3.rel1.macos64_1.1.100.202310310803/tools/bin/../lib/gcc/arm-none-eabi/11.3.1/thumb/v7e-m+dp/hard/crti.o
 .ARM.attributes
                0x000000000000001e       0x32 /Applications/STM32CubeIDE.app/Contents/Eclipse/plugins/com.st.stm32cube.ide.mcu.externaltools.gnu-tools-for-stm32.11.3.rel1.macos64_1.1.100.202310310803/tools/bin/../lib/gcc/arm-none-eabi/11.3.1/thumb/v7e-m+dp/hard/crtbegin.o
 .ARM.attributes
                0x0000000000000050       0x32 ./Core/Src/app.o
 .ARM.attributes
                0x0000000000000082       0x32 ./Core/Src/main.o
 .ARM.attributes
                0x00000000000000b4       0x32 ./Core/Src/stm32h7xx_hal_msp.o
 .ARM.attributes
                0x00000000000000e6       0x32 ./Core/Src/stm32h7xx_it.o
 .ARM.attributes
                0x0000000000000118       0x32 ./Core/Src/system_stm32h7xx.o
 .ARM.attributes
                0x000000000000014a       0x32 ./Core/Src/tilelink.o
 .ARM.attributes
                0x000000000000017c       0x21 ./Core/Startup/startup_stm32h723zgtx.o
 .ARM.attributes
                0x000000000000019d       0x32 ./Drivers/STM32H7xx_HAL_Driver/Src/stm32h7xx_hal.o
 .ARM.attributes
                0x00000000000001cf       0x32 ./Drivers/STM32H7xx_HAL_Driver/Src/stm32h7xx_hal_cortex.o
 .ARM.attributes
                0x0000000000000201       0x32 ./Drivers/STM32H7xx_HAL_Driver/Src/stm32h7xx_hal_dma.o
 .ARM.attributes
                0x0000000000000233       0x32 ./Drivers/STM32H7xx_HAL_Driver/Src/stm32h7xx_hal_gpio.o
 .ARM.attributes
                0x0000000000000265       0x32 ./Drivers/STM32H7xx_HAL_Driver/Src/stm32h7xx_hal_pwr_ex.o
 .ARM.attributes
                0x0000000000000297       0x32 ./Drivers/STM32H7xx_HAL_Driver/Src/stm32h7xx_hal_rcc.o
 .ARM.attributes
                0x00000000000002c9       0x32 ./Drivers/STM32H7xx_HAL_Driver/Src/stm32h7xx_hal_rcc_ex.o
 .ARM.attributes
                0x00000000000002fb       0x32 ./Drivers/STM32H7xx_HAL_Driver/Src/stm32h7xx_hal_tim.o
 .ARM.attributes
                0x000000000000032d       0x32 ./Drivers/STM32H7xx_HAL_Driver/Src/stm32h7xx_hal_tim_ex.o
 .ARM.attributes
                0x000000000000035f       0x32 ./Drivers/STM32H7xx_HAL_Driver/Src/stm32h7xx_hal_uart.o
 .ARM.attributes
                0x0000000000000391       0x32 ./Drivers/STM32H7xx_HAL_Driver/Src/stm32h7xx_hal_uart_ex.o
 .ARM.attributes
                0x00000000000003c3       0x32 /Applications/STM32CubeIDE.app/Contents/Eclipse/plugins/com.st.stm32cube.ide.mcu.externaltools.gnu-tools-for-stm32.11.3.rel1.macos64_1.1.100.202310310803/tools/bin/../lib/gcc/arm-none-eabi/11.3.1/../../../../arm-none-eabi/lib/thumb/v7e-m+dp/hard/libc_nano.a(libc_a-memset.o)
 .ARM.attributes
                0x00000000000003f5       0x32 /Applications/STM32CubeIDE.app/Contents/Eclipse/plugins/com.st.stm32cube.ide.mcu.externaltools.gnu-tools-for-stm32.11.3.rel1.macos64_1.1.100.202310310803/tools/bin/../lib/gcc/arm-none-eabi/11.3.1/../../../../arm-none-eabi/lib/thumb/v7e-m+dp/hard/libc_nano.a(libc_a-init.o)
 .ARM.attributes
                0x0000000000000427       0x1e /Applications/STM32CubeIDE.app/Contents/Eclipse/plugins/com.st.stm32cube.ide.mcu.externaltools.gnu-tools-for-stm32.11.3.rel1.macos64_1.1.100.202310310803/tools/bin/../lib/gcc/arm-none-eabi/11.3.1/thumb/v7e-m+dp/hard/libgcc.a(_aeabi_uldivmod.o)
 .ARM.attributes
                0x0000000000000445       0x32 /Applications/STM32CubeIDE.app/Contents/Eclipse/plugins/com.st.stm32cube.ide.mcu.externaltools.gnu-tools-for-stm32.11.3.rel1.macos64_1.1.100.202310310803/tools/bin/../lib/gcc/arm-none-eabi/11.3.1/thumb/v7e-m+dp/hard/libgcc.a(_udivmoddi4.o)
 .ARM.attributes
                0x0000000000000477       0x1e /Applications/STM32CubeIDE.app/Contents/Eclipse/plugins/com.st.stm32cube.ide.mcu.externaltools.gnu-tools-for-stm32.11.3.rel1.macos64_1.1.100.202310310803/tools/bin/../lib/gcc/arm-none-eabi/11.3.1/thumb/v7e-m+dp/hard/libgcc.a(_dvmd_tls.o)
 .ARM.attributes
                0x0000000000000495       0x1e /Applications/STM32CubeIDE.app/Contents/Eclipse/plugins/com.st.stm32cube.ide.mcu.externaltools.gnu-tools-for-stm32.11.3.rel1.macos64_1.1.100.202310310803/tools/bin/../lib/gcc/arm-none-eabi/11.3.1/thumb/v7e-m+dp/hard/crtn.o
OUTPUT(TileLinkTrafficAdapter-H723.elf elf32-littlearm)
LOAD linker stubs
LOAD /Applications/STM32CubeIDE.app/Contents/Eclipse/plugins/com.st.stm32cube.ide.mcu.externaltools.gnu-tools-for-stm32.11.3.rel1.macos64_1.1.100.202310310803/tools/bin/../lib/gcc/arm-none-eabi/11.3.1/../../../../arm-none-eabi/lib/thumb/v7e-m+dp/hard/libc.a
LOAD /Applications/STM32CubeIDE.app/Contents/Eclipse/plugins/com.st.stm32cube.ide.mcu.externaltools.gnu-tools-for-stm32.11.3.rel1.macos64_1.1.100.202310310803/tools/bin/../lib/gcc/arm-none-eabi/11.3.1/../../../../arm-none-eabi/lib/thumb/v7e-m+dp/hard/libm.a
LOAD /Applications/STM32CubeIDE.app/Contents/Eclipse/plugins/com.st.stm32cube.ide.mcu.externaltools.gnu-tools-for-stm32.11.3.rel1.macos64_1.1.100.202310310803/tools/bin/../lib/gcc/arm-none-eabi/11.3.1/thumb/v7e-m+dp/hard/libgcc.a

.comment        0x0000000000000000       0x43
 .comment       0x0000000000000000       0x43 /Applications/STM32CubeIDE.app/Contents/Eclipse/plugins/com.st.stm32cube.ide.mcu.externaltools.gnu-tools-for-stm32.11.3.rel1.macos64_1.1.100.202310310803/tools/bin/../lib/gcc/arm-none-eabi/11.3.1/thumb/v7e-m+dp/hard/crtbegin.o
                                         0x44 (size before relaxing)
 .comment       0x0000000000000043       0x44 ./Core/Src/app.o
 .comment       0x0000000000000043       0x44 ./Core/Src/main.o
 .comment       0x0000000000000043       0x44 ./Core/Src/stm32h7xx_hal_msp.o
 .comment       0x0000000000000043       0x44 ./Core/Src/stm32h7xx_it.o
 .comment       0x0000000000000043       0x44 ./Core/Src/system_stm32h7xx.o
 .comment       0x0000000000000043       0x44 ./Core/Src/tilelink.o
 .comment       0x0000000000000043       0x44 ./Drivers/STM32H7xx_HAL_Driver/Src/stm32h7xx_hal.o
 .comment       0x0000000000000043       0x44 ./Drivers/STM32H7xx_HAL_Driver/Src/stm32h7xx_hal_cortex.o
 .comment       0x0000000000000043       0x44 ./Drivers/STM32H7xx_HAL_Driver/Src/stm32h7xx_hal_dma.o
 .comment       0x0000000000000043       0x44 ./Drivers/STM32H7xx_HAL_Driver/Src/stm32h7xx_hal_gpio.o
 .comment       0x0000000000000043       0x44 ./Drivers/STM32H7xx_HAL_Driver/Src/stm32h7xx_hal_pwr_ex.o
 .comment       0x0000000000000043       0x44 ./Drivers/STM32H7xx_HAL_Driver/Src/stm32h7xx_hal_rcc.o
 .comment       0x0000000000000043       0x44 ./Drivers/STM32H7xx_HAL_Driver/Src/stm32h7xx_hal_rcc_ex.o
 .comment       0x0000000000000043       0x44 ./Drivers/STM32H7xx_HAL_Driver/Src/stm32h7xx_hal_tim.o
 .comment       0x0000000000000043       0x44 ./Drivers/STM32H7xx_HAL_Driver/Src/stm32h7xx_hal_tim_ex.o
 .comment       0x0000000000000043       0x44 ./Drivers/STM32H7xx_HAL_Driver/Src/stm32h7xx_hal_uart.o
 .comment       0x0000000000000043       0x44 ./Drivers/STM32H7xx_HAL_Driver/Src/stm32h7xx_hal_uart_ex.o

.debug_info     0x0000000000000000    0x16977
 .debug_info    0x0000000000000000      0xfa2 ./Core/Src/app.o
 .debug_info    0x0000000000000fa2     0x1c18 ./Core/Src/main.o
 .debug_info    0x0000000000002bba     0x18fb ./Core/Src/stm32h7xx_hal_msp.o
 .debug_info    0x00000000000044b5      0x878 ./Core/Src/stm32h7xx_it.o
 .debug_info    0x0000000000004d2d      0xb2e ./Core/Src/system_stm32h7xx.o
 .debug_info    0x000000000000585b      0x603 ./Core/Src/tilelink.o
 .debug_info    0x0000000000005e5e       0x23 ./Core/Startup/startup_stm32h723zgtx.o
 .debug_info    0x0000000000005e81     0x1698 ./Drivers/STM32H7xx_HAL_Driver/Src/stm32h7xx_hal.o
 .debug_info    0x0000000000007519     0x1054 ./Drivers/STM32H7xx_HAL_Driver/Src/stm32h7xx_hal_cortex.o
 .debug_info    0x000000000000856d      0xb67 ./Drivers/STM32H7xx_HAL_Driver/Src/stm32h7xx_hal_dma.o
 .debug_info    0x00000000000090d4      0xc5c ./Drivers/STM32H7xx_HAL_Driver/Src/stm32h7xx_hal_gpio.o
 .debug_info    0x0000000000009d30      0xdc4 ./Drivers/STM32H7xx_HAL_Driver/Src/stm32h7xx_hal_pwr_ex.o
 .debug_info    0x000000000000aaf4      0xd73 ./Drivers/STM32H7xx_HAL_Driver/Src/stm32h7xx_hal_rcc.o
 .debug_info    0x000000000000b867     0x11fc ./Drivers/STM32H7xx_HAL_Driver/Src/stm32h7xx_hal_rcc_ex.o
 .debug_info    0x000000000000ca63     0x2b8b ./Drivers/STM32H7xx_HAL_Driver/Src/stm32h7xx_hal_tim.o
 .debug_info    0x000000000000f5ee     0x18c1 ./Drivers/STM32H7xx_HAL_Driver/Src/stm32h7xx_hal_tim_ex.o
 .debug_info    0x0000000000010eaf     0x4b13 ./Drivers/STM32H7xx_HAL_Driver/Src/stm32h7xx_hal_uart.o
 .debug_info    0x00000000000159c2      0xfb5 ./Drivers/STM32H7xx_HAL_Driver/Src/stm32h7xx_hal_uart_ex.o

.debug_abbrev   0x0000000000000000     0x2937
 .debug_abbrev  0x0000000000000000      0x287 ./Core/Src/app.o
 .debug_abbrev  0x0000000000000287      0x2f5 ./Core/Src/main.o
 .debug_abbrev  0x000000000000057c      0x255 ./Core/Src/stm32h7xx_hal_msp.o
 .debug_abbrev  0x00000000000007d1      0x171 ./Core/Src/stm32h7xx_it.o
 .debug_abbrev  0x0000000000000942      0x13a ./Core/Src/system_stm32h7xx.o
 .debug_abbrev  0x0000000000000a7c      0x1c2 ./Core/Src/tilelink.o
 .debug_abbrev  0x0000000000000c3e       0x12 ./Core/Startup/startup_stm32h723zgtx.o
 .debug_abbrev  0x0000000000000c50      0x29e ./Drivers/STM32H7xx_HAL_Driver/Src/stm32h7xx_hal.o
 .debug_abbrev  0x0000000000000eee      0x339 ./Drivers/STM32H7xx_HAL_Driver/Src/stm32h7xx_hal_cortex.o
 .debug_abbrev  0x0000000000001227      0x248 ./Drivers/STM32H7xx_HAL_Driver/Src/stm32h7xx_hal_dma.o
 .debug_abbrev  0x000000000000146f      0x1fe ./Drivers/STM32H7xx_HAL_Driver/Src/stm32h7xx_hal_gpio.o
 .debug_abbrev  0x000000000000166d      0x295 ./Drivers/STM32H7xx_HAL_Driver/Src/stm32h7xx_hal_pwr_ex.o
 .debug_abbrev  0x0000000000001902      0x2b1 ./Drivers/STM32H7xx_HAL_Driver/Src/stm32h7xx_hal_rcc.o
 .debug_abbrev  0x0000000000001bb3      0x269 ./Drivers/STM32H7xx_HAL_Driver/Src/stm32h7xx_hal_rcc_ex.o
 .debug_abbrev  0x0000000000001e1c      0x276 ./Drivers/STM32H7xx_HAL_Driver/Src/stm32h7xx_hal_tim.o
 .debug_abbrev  0x0000000000002092      0x296 ./Drivers/STM32H7xx_HAL_Driver/Src/stm32h7xx_hal_tim_ex.o
 .debug_abbrev  0x0000000000002328      0x33d ./Drivers/STM32H7xx_HAL_Driver/Src/stm32h7xx_hal_uart.o
 .debug_abbrev  0x0000000000002665      0x2d2 ./Drivers/STM32H7xx_HAL_Driver/Src/stm32h7xx_hal_uart_ex.o

.debug_aranges  0x0000000000000000     0x10f8
 .debug_aranges
                0x0000000000000000       0x40 ./Core/Src/app.o
 .debug_aranges
                0x0000000000000040       0x50 ./Core/Src/main.o
 .debug_aranges
                0x0000000000000090       0x48 ./Core/Src/stm32h7xx_hal_msp.o
 .debug_aranges
                0x00000000000000d8       0x78 ./Core/Src/stm32h7xx_it.o
 .debug_aranges
                0x0000000000000150       0x28 ./Core/Src/system_stm32h7xx.o
 .debug_aranges
                0x0000000000000178       0x48 ./Core/Src/tilelink.o
 .debug_aranges
                0x00000000000001c0       0x28 ./Core/Startup/startup_stm32h723zgtx.o
 .debug_aranges
                0x00000000000001e8      0x1c8 ./Drivers/STM32H7xx_HAL_Driver/Src/stm32h7xx_hal.o
 .debug_aranges
                0x00000000000003b0      0x120 ./Drivers/STM32H7xx_HAL_Driver/Src/stm32h7xx_hal_cortex.o
 .debug_aranges
                0x00000000000004d0       0xa0 ./Drivers/STM32H7xx_HAL_Driver/Src/stm32h7xx_hal_dma.o
 .debug_aranges
                0x0000000000000570       0x58 ./Drivers/STM32H7xx_HAL_Driver/Src/stm32h7xx_hal_gpio.o
 .debug_aranges
                0x00000000000005c8      0x148 ./Drivers/STM32H7xx_HAL_Driver/Src/stm32h7xx_hal_pwr_ex.o
 .debug_aranges
                0x0000000000000710       0x88 ./Drivers/STM32H7xx_HAL_Driver/Src/stm32h7xx_hal_rcc.o
 .debug_aranges
                0x0000000000000798       0xf8 ./Drivers/STM32H7xx_HAL_Driver/Src/stm32h7xx_hal_rcc_ex.o
 .debug_aranges
                0x0000000000000890      0x3e0 ./Drivers/STM32H7xx_HAL_Driver/Src/stm32h7xx_hal_tim.o
 .debug_aranges
                0x0000000000000c70      0x198 ./Drivers/STM32H7xx_HAL_Driver/Src/stm32h7xx_hal_tim_ex.o
 .debug_aranges
                0x0000000000000e08      0x248 ./Drivers/STM32H7xx_HAL_Driver/Src/stm32h7xx_hal_uart.o
 .debug_aranges
                0x0000000000001050       0xa8 ./Drivers/STM32H7xx_HAL_Driver/Src/stm32h7xx_hal_uart_ex.o

.debug_rnglists
                0x0000000000000000      0xd4b
 .debug_rnglists
                0x0000000000000000       0x2d ./Core/Src/app.o
 .debug_rnglists
                0x000000000000002d       0x3b ./Core/Src/main.o
 .debug_rnglists
                0x0000000000000068       0x32 ./Core/Src/stm32h7xx_hal_msp.o
 .debug_rnglists
                0x000000000000009a       0x55 ./Core/Src/stm32h7xx_it.o
 .debug_rnglists
                0x00000000000000ef       0x1b ./Core/Src/system_stm32h7xx.o
 .debug_rnglists
                0x000000000000010a       0x34 ./Core/Src/tilelink.o
 .debug_rnglists
                0x000000000000013e       0x19 ./Core/Startup/startup_stm32h723zgtx.o
 .debug_rnglists
                0x0000000000000157      0x155 ./Drivers/STM32H7xx_HAL_Driver/Src/stm32h7xx_hal.o
 .debug_rnglists
                0x00000000000002ac       0xd4 ./Drivers/STM32H7xx_HAL_Driver/Src/stm32h7xx_hal_cortex.o
 .debug_rnglists
                0x0000000000000380       0x82 ./Drivers/STM32H7xx_HAL_Driver/Src/stm32h7xx_hal_dma.o
 .debug_rnglists
                0x0000000000000402       0x3f ./Drivers/STM32H7xx_HAL_Driver/Src/stm32h7xx_hal_gpio.o
 .debug_rnglists
                0x0000000000000441       0xf4 ./Drivers/STM32H7xx_HAL_Driver/Src/stm32h7xx_hal_pwr_ex.o
 .debug_rnglists
                0x0000000000000535       0x68 ./Drivers/STM32H7xx_HAL_Driver/Src/stm32h7xx_hal_rcc.o
 .debug_rnglists
                0x000000000000059d       0xc0 ./Drivers/STM32H7xx_HAL_Driver/Src/stm32h7xx_hal_rcc_ex.o
 .debug_rnglists
                0x000000000000065d      0x328 ./Drivers/STM32H7xx_HAL_Driver/Src/stm32h7xx_hal_tim.o
 .debug_rnglists
                0x0000000000000985      0x14d ./Drivers/STM32H7xx_HAL_Driver/Src/stm32h7xx_hal_tim_ex.o
 .debug_rnglists
                0x0000000000000ad2      0x1fa ./Drivers/STM32H7xx_HAL_Driver/Src/stm32h7xx_hal_uart.o
 .debug_rnglists
                0x0000000000000ccc       0x7f ./Drivers/STM32H7xx_HAL_Driver/Src/stm32h7xx_hal_uart_ex.o

.debug_macro    0x0000000000000000    0x33997
 .debug_macro   0x0000000000000000      0x3aa ./Core/Src/app.o
 .debug_macro   0x00000000000003aa      0xac0 ./Core/Src/app.o
 .debug_macro   0x0000000000000e6a       0x22 ./Core/Src/app.o
 .debug_macro   0x0000000000000e8c       0x5b ./Core/Src/app.o
 .debug_macro   0x0000000000000ee7       0x29 ./Core/Src/app.o
 .debug_macro   0x0000000000000f10       0x94 ./Core/Src/app.o
 .debug_macro   0x0000000000000fa4       0x43 ./Core/Src/app.o
 .debug_macro   0x0000000000000fe7       0x34 ./Core/Src/app.o
 .debug_macro   0x000000000000101b       0x16 ./Core/Src/app.o
 .debug_macro   0x0000000000001031       0x57 ./Core/Src/app.o
 .debug_macro   0x0000000000001088       0x97 ./Core/Src/app.o
 .debug_macro   0x000000000000111f      0x369 ./Core/Src/app.o
 .debug_macro   0x0000000000001488       0xfd ./Core/Src/app.o
 .debug_macro   0x0000000000001585       0x10 ./Core/Src/app.o
 .debug_macro   0x0000000000001595       0x16 ./Core/Src/app.o
 .debug_macro   0x00000000000015ab       0x43 ./Core/Src/app.o
 .debug_macro   0x00000000000015ee       0x34 ./Core/Src/app.o
 .debug_macro   0x0000000000001622       0x10 ./Core/Src/app.o
 .debug_macro   0x0000000000001632       0x58 ./Core/Src/app.o
 .debug_macro   0x000000000000168a       0x8e ./Core/Src/app.o
 .debug_macro   0x0000000000001718       0x1c ./Core/Src/app.o
 .debug_macro   0x0000000000001734      0x177 ./Core/Src/app.o
 .debug_macro   0x00000000000018ab       0x16 ./Core/Src/app.o
 .debug_macro   0x00000000000018c1       0x16 ./Core/Src/app.o
 .debug_macro   0x00000000000018d7      0x147 ./Core/Src/app.o
 .debug_macro   0x0000000000001a1e       0x16 ./Core/Src/app.o
 .debug_macro   0x0000000000001a34       0x35 ./Core/Src/app.o
 .debug_macro   0x0000000000001a69       0x20 ./Core/Src/app.o
 .debug_macro   0x0000000000001a89      0x103 ./Core/Src/app.o
 .debug_macro   0x0000000000001b8c       0x6a ./Core/Src/app.o
 .debug_macro   0x0000000000001bf6      0x1df ./Core/Src/app.o
 .debug_macro   0x0000000000001dd5      0x460 ./Core/Src/app.o
 .debug_macro   0x0000000000002235      0x238 ./Core/Src/app.o
 .debug_macro   0x000000000000246d       0x2e ./Core/Src/app.o
 .debug_macro   0x000000000000249b       0x3b ./Core/Src/app.o
 .debug_macro   0x00000000000024d6       0x1c ./Core/Src/app.o
 .debug_macro   0x00000000000024f2       0x22 ./Core/Src/app.o
 .debug_macro   0x0000000000002514       0xfb ./Core/Src/app.o
 .debug_macro   0x000000000000260f     0x1305 ./Core/Src/app.o
 .debug_macro   0x0000000000003914      0x11f ./Core/Src/app.o
 .debug_macro   0x0000000000003a33       0x27 ./Core/Src/app.o
 .debug_macro   0x0000000000003a5a    0x211d1 ./Core/Src/app.o
 .debug_macro   0x0000000000024c2b       0x6d ./Core/Src/app.o
 .debug_macro   0x0000000000024c98     0x3d48 ./Core/Src/app.o
 .debug_macro   0x00000000000289e0      0x19b ./Core/Src/app.o
 .debug_macro   0x0000000000028b7b       0x5d ./Core/Src/app.o
 .debug_macro   0x0000000000028bd8     0x2462 ./Core/Src/app.o
 .debug_macro   0x000000000002b03a     0x1079 ./Core/Src/app.o
 .debug_macro   0x000000000002c0b3      0x154 ./Core/Src/app.o
 .debug_macro   0x000000000002c207      0x114 ./Core/Src/app.o
 .debug_macro   0x000000000002c31b      0x3f8 ./Core/Src/app.o
 .debug_macro   0x000000000002c713       0xac ./Core/Src/app.o
 .debug_macro   0x000000000002c7bf      0x788 ./Core/Src/app.o
 .debug_macro   0x000000000002cf47      0x228 ./Core/Src/app.o
 .debug_macro   0x000000000002d16f       0x66 ./Core/Src/app.o
 .debug_macro   0x000000000002d1d5      0x3a6 ./Core/Src/app.o
 .debug_macro   0x000000000002d57b      0x3f9 ./Core/Src/app.o
 .debug_macro   0x000000000002d974      0x275 ./Core/Src/app.o
 .debug_macro   0x000000000002dbe9      0x3ca ./Core/Src/app.o
 .debug_macro   0x000000000002dfb3      0x45c ./Core/Src/app.o
 .debug_macro   0x000000000002e40f       0x3c ./Core/Src/app.o
 .debug_macro   0x000000000002e44b       0x4a ./Core/Src/app.o
 .debug_macro   0x000000000002e495      0x22c ./Core/Src/app.o
 .debug_macro   0x000000000002e6c1       0x67 ./Core/Src/app.o
 .debug_macro   0x000000000002e728       0xa5 ./Core/Src/app.o
 .debug_macro   0x000000000002e7cd      0x1c4 ./Core/Src/app.o
 .debug_macro   0x000000000002e991      0x22a ./Core/Src/app.o
 .debug_macro   0x000000000002ebbb       0x35 ./Core/Src/app.o
 .debug_macro   0x000000000002ebf0      0xb1d ./Core/Src/app.o
 .debug_macro   0x000000000002f70d      0x29f ./Core/Src/app.o
 .debug_macro   0x000000000002f9ac      0x693 ./Core/Src/app.o
 .debug_macro   0x000000000003003f       0xa6 ./Core/Src/app.o
 .debug_macro   0x00000000000300e5      0x5e6 ./Core/Src/app.o
 .debug_macro   0x00000000000306cb       0x58 ./Core/Src/app.o
 .debug_macro   0x0000000000030723       0x94 ./Core/Src/app.o
 .debug_macro   0x00000000000307b7      0x349 ./Core/Src/main.o
 .debug_macro   0x0000000000030b00       0x8e ./Core/Src/main.o
 .debug_macro   0x0000000000030b8e       0x51 ./Core/Src/main.o
 .debug_macro   0x0000000000030bdf      0x174 ./Core/Src/main.o
 .debug_macro   0x0000000000030d53       0x61 ./Core/Src/main.o
 .debug_macro   0x0000000000030db4       0x1c ./Core/Src/main.o
 .debug_macro   0x0000000000030dd0       0x1c ./Core/Src/main.o
 .debug_macro   0x0000000000030dec       0x10 ./Core/Src/main.o
 .debug_macro   0x0000000000030dfc      0x349 ./Core/Src/stm32h7xx_hal_msp.o
 .debug_macro   0x0000000000031145      0x353 ./Core/Src/stm32h7xx_it.o
 .debug_macro   0x0000000000031498      0x2a8 ./Core/Src/system_stm32h7xx.o
 .debug_macro   0x0000000000031740      0x353 ./Core/Src/tilelink.o
 .debug_macro   0x0000000000031a93       0x8e ./Core/Src/tilelink.o
 .debug_macro   0x0000000000031b21      0x2d2 ./Drivers/STM32H7xx_HAL_Driver/Src/stm32h7xx_hal.o
 .debug_macro   0x0000000000031df3      0x2a8 ./Drivers/STM32H7xx_HAL_Driver/Src/stm32h7xx_hal_cortex.o
 .debug_macro   0x000000000003209b      0x2fc ./Drivers/STM32H7xx_HAL_Driver/Src/stm32h7xx_hal_dma.o
 .debug_macro   0x0000000000032397      0x2af ./Drivers/STM32H7xx_HAL_Driver/Src/stm32h7xx_hal_gpio.o
 .debug_macro   0x0000000000032646      0x2e1 ./Drivers/STM32H7xx_HAL_Driver/Src/stm32h7xx_hal_pwr_ex.o
 .debug_macro   0x0000000000032927      0x2cc ./Drivers/STM32H7xx_HAL_Driver/Src/stm32h7xx_hal_rcc.o
 .debug_macro   0x0000000000032bf3      0x2c6 ./Drivers/STM32H7xx_HAL_Driver/Src/stm32h7xx_hal_rcc_ex.o
 .debug_macro   0x0000000000032eb9      0x2a9 ./Drivers/STM32H7xx_HAL_Driver/Src/stm32h7xx_hal_tim.o
 .debug_macro   0x0000000000033162      0x2ae ./Drivers/STM32H7xx_HAL_Driver/Src/stm32h7xx_hal_tim_ex.o
 .debug_macro   0x0000000000033410      0x2d3 ./Drivers/STM32H7xx_HAL_Driver/Src/stm32h7xx_hal_uart.o
 .debug_macro   0x00000000000336e3      0x2b4 ./Drivers/STM32H7xx_HAL_Driver/Src/stm32h7xx_hal_uart_ex.o

.debug_line     0x0000000000000000    0x17ec6
 .debug_line    0x0000000000000000      0x9fe ./Core/Src/app.o
 .debug_line    0x00000000000009fe      0xb23 ./Core/Src/main.o
 .debug_line    0x0000000000001521      0xa0f ./Core/Src/stm32h7xx_hal_msp.o
 .debug_line    0x0000000000001f30      0xa01 ./Core/Src/stm32h7xx_it.o
 .debug_line    0x0000000000002931      0xa22 ./Core/Src/system_stm32h7xx.o
 .debug_line    0x0000000000003353      0xec3 ./Core/Src/tilelink.o
 .debug_line    0x0000000000004216       0x7a ./Core/Startup/startup_stm32h723zgtx.o
 .debug_line    0x0000000000004290      0xeb9 ./Drivers/STM32H7xx_HAL_Driver/Src/stm32h7xx_hal.o
 .debug_line    0x0000000000005149      0xe31 ./Drivers/STM32H7xx_HAL_Driver/Src/stm32h7xx_hal_cortex.o
 .debug_line    0x0000000000005f7a     0x277c ./Drivers/STM32H7xx_HAL_Driver/Src/stm32h7xx_hal_dma.o
 .debug_line    0x00000000000086f6      0xcda ./Drivers/STM32H7xx_HAL_Driver/Src/stm32h7xx_hal_gpio.o
 .debug_line    0x00000000000093d0      0xea0 ./Drivers/STM32H7xx_HAL_Driver/Src/stm32h7xx_hal_pwr_ex.o
 .debug_line    0x000000000000a270     0x1352 ./Drivers/STM32H7xx_HAL_Driver/Src/stm32h7xx_hal_rcc.o
 .debug_line    0x000000000000b5c2     0x1c0b ./Drivers/STM32H7xx_HAL_Driver/Src/stm32h7xx_hal_rcc_ex.o
 .debug_line    0x000000000000d1cd     0x4009 ./Drivers/STM32H7xx_HAL_Driver/Src/stm32h7xx_hal_tim.o
 .debug_line    0x00000000000111d6     0x1f48 ./Drivers/STM32H7xx_HAL_Driver/Src/stm32h7xx_hal_tim_ex.o
 .debug_line    0x000000000001311e     0x3edf ./Drivers/STM32H7xx_HAL_Driver/Src/stm32h7xx_hal_uart.o
 .debug_line    0x0000000000016ffd      0xec9 ./Drivers/STM32H7xx_HAL_Driver/Src/stm32h7xx_hal_uart_ex.o

.debug_str      0x0000000000000000   0x14d03a
 .debug_str     0x0000000000000000   0x147552 ./Core/Src/app.o
                                     0x147ab2 (size before relaxing)
 .debug_str     0x0000000000147552      0xf65 ./Core/Src/main.o
                                     0x148712 (size before relaxing)
 .debug_str     0x00000000001484b7      0x3ca ./Core/Src/stm32h7xx_hal_msp.o
                                     0x14858d (size before relaxing)
 .debug_str     0x0000000000148881      0x132 ./Core/Src/stm32h7xx_it.o
                                     0x147459 (size before relaxing)
 .debug_str     0x00000000001489b3      0x2ae ./Core/Src/system_stm32h7xx.o
                                     0x145598 (size before relaxing)
 .debug_str     0x0000000000148c61       0x3a ./Core/Src/tilelink.o
                                     0x146f43 (size before relaxing)
 .debug_str     0x0000000000148c9b       0x34 ./Core/Startup/startup_stm32h723zgtx.o
                                         0x7f (size before relaxing)
 .debug_str     0x0000000000148ccf      0x9b8 ./Drivers/STM32H7xx_HAL_Driver/Src/stm32h7xx_hal.o
                                     0x146622 (size before relaxing)
 .debug_str     0x0000000000149687      0x333 ./Drivers/STM32H7xx_HAL_Driver/Src/stm32h7xx_hal_cortex.o
                                     0x145f04 (size before relaxing)
 .debug_str     0x00000000001499ba      0x8af ./Drivers/STM32H7xx_HAL_Driver/Src/stm32h7xx_hal_dma.o
                                     0x145d4d (size before relaxing)
 .debug_str     0x000000000014a269       0xdb ./Drivers/STM32H7xx_HAL_Driver/Src/stm32h7xx_hal_gpio.o
                                     0x1455e3 (size before relaxing)
 .debug_str     0x000000000014a344      0x5ee ./Drivers/STM32H7xx_HAL_Driver/Src/stm32h7xx_hal_pwr_ex.o
                                     0x1459eb (size before relaxing)
 .debug_str     0x000000000014a932      0x22e ./Drivers/STM32H7xx_HAL_Driver/Src/stm32h7xx_hal_rcc.o
                                     0x145966 (size before relaxing)
 .debug_str     0x000000000014ab60      0x64b ./Drivers/STM32H7xx_HAL_Driver/Src/stm32h7xx_hal_rcc_ex.o
                                     0x145e7e (size before relaxing)
 .debug_str     0x000000000014b1ab      0xd87 ./Drivers/STM32H7xx_HAL_Driver/Src/stm32h7xx_hal_tim.o
                                     0x146754 (size before relaxing)
 .debug_str     0x000000000014bf32      0x50c ./Drivers/STM32H7xx_HAL_Driver/Src/stm32h7xx_hal_tim_ex.o
                                     0x146111 (size before relaxing)
 .debug_str     0x000000000014c43e      0x9b3 ./Drivers/STM32H7xx_HAL_Driver/Src/stm32h7xx_hal_uart.o
                                     0x146506 (size before relaxing)
 .debug_str     0x000000000014cdf1      0x249 ./Drivers/STM32H7xx_HAL_Driver/Src/stm32h7xx_hal_uart_ex.o
                                     0x145ac6 (size before relaxing)

.debug_frame    0x0000000000000000     0x480c
 .debug_frame   0x0000000000000000       0xb4 ./Core/Src/app.o
 .debug_frame   0x00000000000000b4       0xf0 ./Core/Src/main.o
 .debug_frame   0x00000000000001a4       0xf8 ./Core/Src/stm32h7xx_hal_msp.o
 .debug_frame   0x000000000000029c      0x158 ./Core/Src/stm32h7xx_it.o
 .debug_frame   0x00000000000003f4       0x58 ./Core/Src/system_stm32h7xx.o
 .debug_frame   0x000000000000044c      0x118 ./Core/Src/tilelink.o
 .debug_frame   0x0000000000000564      0x760 ./Drivers/STM32H7xx_HAL_Driver/Src/stm32h7xx_hal.o
 .debug_frame   0x0000000000000cc4      0x4b8 ./Drivers/STM32H7xx_HAL_Driver/Src/stm32h7xx_hal_cortex.o
 .debug_frame   0x000000000000117c      0x2b4 ./Drivers/STM32H7xx_HAL_Driver/Src/stm32h7xx_hal_dma.o
 .debug_frame   0x0000000000001430      0x14c ./Drivers/STM32H7xx_HAL_Driver/Src/stm32h7xx_hal_gpio.o
 .debug_frame   0x000000000000157c      0x540 ./Drivers/STM32H7xx_HAL_Driver/Src/stm32h7xx_hal_pwr_ex.o
 .debug_frame   0x0000000000001abc      0x1fc ./Drivers/STM32H7xx_HAL_Driver/Src/stm32h7xx_hal_rcc.o
 .debug_frame   0x0000000000001cb8      0x414 ./Drivers/STM32H7xx_HAL_Driver/Src/stm32h7xx_hal_rcc_ex.o
 .debug_frame   0x00000000000020cc     0x121c ./Drivers/STM32H7xx_HAL_Driver/Src/stm32h7xx_hal_tim.o
 .debug_frame   0x00000000000032e8      0x724 ./Drivers/STM32H7xx_HAL_Driver/Src/stm32h7xx_hal_tim_ex.o
 .debug_frame   0x0000000000003a0c      0xa94 ./Drivers/STM32H7xx_HAL_Driver/Src/stm32h7xx_hal_uart.o
 .debug_frame   0x00000000000044a0      0x2c0 ./Drivers/STM32H7xx_HAL_Driver/Src/stm32h7xx_hal_uart_ex.o
 .debug_frame   0x0000000000004760       0x20 /Applications/STM32CubeIDE.app/Contents/Eclipse/plugins/com.st.stm32cube.ide.mcu.externaltools.gnu-tools-for-stm32.11.3.rel1.macos64_1.1.100.202310310803/tools/bin/../lib/gcc/arm-none-eabi/11.3.1/../../../../arm-none-eabi/lib/thumb/v7e-m+dp/hard/libc_nano.a(libc_a-memset.o)
 .debug_frame   0x0000000000004780       0x2c /Applications/STM32CubeIDE.app/Contents/Eclipse/plugins/com.st.stm32cube.ide.mcu.externaltools.gnu-tools-for-stm32.11.3.rel1.macos64_1.1.100.202310310803/tools/bin/../lib/gcc/arm-none-eabi/11.3.1/../../../../arm-none-eabi/lib/thumb/v7e-m+dp/hard/libc_nano.a(libc_a-init.o)
 .debug_frame   0x00000000000047ac       0x2c /Applications/STM32CubeIDE.app/Contents/Eclipse/plugins/com.st.stm32cube.ide.mcu.externaltools.gnu-tools-for-stm32.11.3.rel1.macos64_1.1.100.202310310803/tools/bin/../lib/gcc/arm-none-eabi/11.3.1/thumb/v7e-m+dp/hard/libgcc.a(_aeabi_uldivmod.o)
 .debug_frame   0x00000000000047d8       0x34 /Applications/STM32CubeIDE.app/Contents/Eclipse/plugins/com.st.stm32cube.ide.mcu.externaltools.gnu-tools-for-stm32.11.3.rel1.macos64_1.1.100.202310310803/tools/bin/../lib/gcc/arm-none-eabi/11.3.1/thumb/v7e-m+dp/hard/libgcc.a(_udivmoddi4.o)

.debug_line_str
                0x0000000000000000       0x73
 .debug_line_str
                0x0000000000000000       0x73 ./Core/Startup/startup_stm32h723zgtx.o
                                         0x8b (size before relaxing)
