Archive member included to satisfy reference by file (symbol)

/Applications/STM32CubeIDE.app/Contents/Eclipse/plugins/com.st.stm32cube.ide.mcu.externaltools.gnu-tools-for-stm32.11.3.rel1.macos64_1.1.100.202310310803/tools/bin/../lib/gcc/arm-none-eabi/11.3.1/../../../../arm-none-eabi/lib/thumb/v7e-m+dp/hard/libc_nano.a(libc_a-exit.o)
                              /Applications/STM32CubeIDE.app/Contents/Eclipse/plugins/com.st.stm32cube.ide.mcu.externaltools.gnu-tools-for-stm32.11.3.rel1.macos64_1.1.100.202310310803/tools/bin/../lib/gcc/arm-none-eabi/11.3.1/../../../../arm-none-eabi/lib/thumb/v7e-m+dp/hard/crt0.o (exit)
/Applications/STM32CubeIDE.app/Contents/Eclipse/plugins/com.st.stm32cube.ide.mcu.externaltools.gnu-tools-for-stm32.11.3.rel1.macos64_1.1.100.202310310803/tools/bin/../lib/gcc/arm-none-eabi/11.3.1/../../../../arm-none-eabi/lib/thumb/v7e-m+dp/hard/libc_nano.a(libc_a-findfp.o)
                              /Applications/STM32CubeIDE.app/Contents/Eclipse/plugins/com.st.stm32cube.ide.mcu.externaltools.gnu-tools-for-stm32.11.3.rel1.macos64_1.1.100.202310310803/tools/bin/../lib/gcc/arm-none-eabi/11.3.1/../../../../arm-none-eabi/lib/thumb/v7e-m+dp/hard/libc_nano.a(libc_a-exit.o) (__stdio_exit_handler)
/Applications/STM32CubeIDE.app/Contents/Eclipse/plugins/com.st.stm32cube.ide.mcu.externaltools.gnu-tools-for-stm32.11.3.rel1.macos64_1.1.100.202310310803/tools/bin/../lib/gcc/arm-none-eabi/11.3.1/../../../../arm-none-eabi/lib/thumb/v7e-m+dp/hard/libc_nano.a(libc_a-fwalk.o)
                              /Applications/STM32CubeIDE.app/Contents/Eclipse/plugins/com.st.stm32cube.ide.mcu.externaltools.gnu-tools-for-stm32.11.3.rel1.macos64_1.1.100.202310310803/tools/bin/../lib/gcc/arm-none-eabi/11.3.1/../../../../arm-none-eabi/lib/thumb/v7e-m+dp/hard/libc_nano.a(libc_a-findfp.o) (_fwalk_sglue)
/Applications/STM32CubeIDE.app/Contents/Eclipse/plugins/com.st.stm32cube.ide.mcu.externaltools.gnu-tools-for-stm32.11.3.rel1.macos64_1.1.100.202310310803/tools/bin/../lib/gcc/arm-none-eabi/11.3.1/../../../../arm-none-eabi/lib/thumb/v7e-m+dp/hard/libc_nano.a(libc_a-memset.o)
                              /Applications/STM32CubeIDE.app/Contents/Eclipse/plugins/com.st.stm32cube.ide.mcu.externaltools.gnu-tools-for-stm32.11.3.rel1.macos64_1.1.100.202310310803/tools/bin/../lib/gcc/arm-none-eabi/11.3.1/../../../../arm-none-eabi/lib/thumb/v7e-m+dp/hard/crt0.o (memset)
/Applications/STM32CubeIDE.app/Contents/Eclipse/plugins/com.st.stm32cube.ide.mcu.externaltools.gnu-tools-for-stm32.11.3.rel1.macos64_1.1.100.202310310803/tools/bin/../lib/gcc/arm-none-eabi/11.3.1/../../../../arm-none-eabi/lib/thumb/v7e-m+dp/hard/libc_nano.a(libc_a-impure.o)
                              /Applications/STM32CubeIDE.app/Contents/Eclipse/plugins/com.st.stm32cube.ide.mcu.externaltools.gnu-tools-for-stm32.11.3.rel1.macos64_1.1.100.202310310803/tools/bin/../lib/gcc/arm-none-eabi/11.3.1/../../../../arm-none-eabi/lib/thumb/v7e-m+dp/hard/libc_nano.a(libc_a-findfp.o) (_impure_data)
/Applications/STM32CubeIDE.app/Contents/Eclipse/plugins/com.st.stm32cube.ide.mcu.externaltools.gnu-tools-for-stm32.11.3.rel1.macos64_1.1.100.202310310803/tools/bin/../lib/gcc/arm-none-eabi/11.3.1/../../../../arm-none-eabi/lib/thumb/v7e-m+dp/hard/libc_nano.a(libc_a-errno.o)
                              ./Core/Src/syscalls.o (__errno)
/Applications/STM32CubeIDE.app/Contents/Eclipse/plugins/com.st.stm32cube.ide.mcu.externaltools.gnu-tools-for-stm32.11.3.rel1.macos64_1.1.100.202310310803/tools/bin/../lib/gcc/arm-none-eabi/11.3.1/../../../../arm-none-eabi/lib/thumb/v7e-m+dp/hard/libc_nano.a(libc_a-init.o)
                              /Applications/STM32CubeIDE.app/Contents/Eclipse/plugins/com.st.stm32cube.ide.mcu.externaltools.gnu-tools-for-stm32.11.3.rel1.macos64_1.1.100.202310310803/tools/bin/../lib/gcc/arm-none-eabi/11.3.1/../../../../arm-none-eabi/lib/thumb/v7e-m+dp/hard/crt0.o (__libc_init_array)
/Applications/STM32CubeIDE.app/Contents/Eclipse/plugins/com.st.stm32cube.ide.mcu.externaltools.gnu-tools-for-stm32.11.3.rel1.macos64_1.1.100.202310310803/tools/bin/../lib/gcc/arm-none-eabi/11.3.1/../../../../arm-none-eabi/lib/thumb/v7e-m+dp/hard/libc_nano.a(libc_a-lock.o)
                              /Applications/STM32CubeIDE.app/Contents/Eclipse/plugins/com.st.stm32cube.ide.mcu.externaltools.gnu-tools-for-stm32.11.3.rel1.macos64_1.1.100.202310310803/tools/bin/../lib/gcc/arm-none-eabi/11.3.1/../../../../arm-none-eabi/lib/thumb/v7e-m+dp/hard/libc_nano.a(libc_a-findfp.o) (__retarget_lock_init_recursive)
/Applications/STM32CubeIDE.app/Contents/Eclipse/plugins/com.st.stm32cube.ide.mcu.externaltools.gnu-tools-for-stm32.11.3.rel1.macos64_1.1.100.202310310803/tools/bin/../lib/gcc/arm-none-eabi/11.3.1/../../../../arm-none-eabi/lib/thumb/v7e-m+dp/hard/libc_nano.a(libc_a-mallocr.o)
[...]
Memory Configuration

Name             Origin             Length             Attributes
ITCMRAM          0x0000000000000000 0x0000000000010000 xrw
DTCMRAM          0x0000000020000000 0x0000000000020000 xrw
FLASH            0x0000000008000000 0x0000000000100000 xr
RAM_D1           0x0000000024000000 0x0000000000050000 xrw
RAM_D2           0x0000000030000000 0x0000000000008000 xrw
RAM_D3           0x0000000038000000 0x0000000000004000 xrw
*default*        0x0000000000000000 0xffffffffffffffff

Linker script and memory map

LOAD /Applications/STM32CubeIDE.app/Contents/Eclipse/plugins/com.st.stm32cube.ide.mcu.externaltools.gnu-tools-for-stm32.11.3.rel1.macos64_1.1.100.202310310803/tools/bin/../lib/gcc/arm-none-eabi/11.3.1/thumb/v7e-m+dp/hard/crti.o
LOAD /Applications/STM32CubeIDE.app/Contents/Eclipse/plugins/com.st.stm32cube.ide.mcu.externaltools.gnu-tools-for-stm32.11.3.rel1.macos64_1.1.100.202310310803/tools/bin/../lib/gcc/arm-none-eabi/11.3.1/thumb/v7e-m+dp/hard/crtbegin.o
LOAD /Applications/STM32CubeIDE.app/Contents/Eclipse/plugins/com.st.stm32cube.ide.mcu.externaltools.gnu-tools-for-stm32.11.3.rel1.macos64_1.1.100.202310310803/tools/bin/../lib/gcc/arm-none-eabi/11.3.1/../../../../arm-none-eabi/lib/thumb/v7e-m+dp/hard/crt0.o
LOAD ./Core/Src/app.o
LOAD ./Core/Src/main.o
LOAD ./Core/Src/stm32h7xx_hal_msp.o
LOAD ./Core/Src/stm32h7xx_it.o
LOAD ./Core/Src/syscalls.o
LOAD ./Core/Src/sysmem.o
LOAD ./Core/Src/system_stm32h7xx.o
LOAD ./Core/Src/tilelink.o
LOAD ./Core/Startup/startup_stm32h723zgtx.o
LOAD ./Drivers/STM32H7xx_HAL_Driver/Src/stm32h7xx_hal.o
LOAD ./Drivers/STM32H7xx_HAL_Driver/Src/stm32h7xx_hal_cortex.o
LOAD ./Drivers/STM32H7xx_HAL_Driver/Src/stm32h7xx_hal_dma.o
LOAD ./Drivers/STM32H7xx_HAL_Driver/Src/stm32h7xx_hal_dma_ex.o
LOAD ./Drivers/STM32H7xx_HAL_Driver/Src/stm32h7xx_hal_exti.o
LOAD ./Drivers/STM32H7xx_HAL_Driver/Src/stm32h7xx_hal_flash.o
LOAD ./Drivers/STM32H7xx_HAL_Driver/Src/stm32h7xx_hal_flash_ex.o
LOAD ./Drivers/STM32H7xx_HAL_Driver/Src/stm32h7xx_hal_gpio.o
LOAD ./Drivers/STM32H7xx_HAL_Driver/Src/stm32h7xx_hal_hsem.o
LOAD ./Drivers/STM32H7xx_HAL_Driver/Src/stm32h7xx_hal_i2c.o
LOAD ./Drivers/STM32H7xx_HAL_Driver/Src/stm32h7xx_hal_i2c_ex.o
LOAD ./Drivers/STM32H7xx_HAL_Driver/Src/stm32h7xx_hal_mdma.o
LOAD ./Drivers/STM32H7xx_HAL_Driver/Src/stm32h7xx_hal_pwr.o
LOAD ./Drivers/STM32H7xx_HAL_Driver/Src/stm32h7xx_hal_pwr_ex.o
LOAD ./Drivers/STM32H7xx_HAL_Driver/Src/stm32h7xx_hal_rcc.o
LOAD ./Drivers/STM32H7xx_HAL_Driver/Src/stm32h7xx_hal_rcc_ex.o
LOAD ./Drivers/STM32H7xx_HAL_Driver/Src/stm32h7xx_hal_tim.o
LOAD ./Drivers/STM32H7xx_HAL_Driver/Src/stm32h7xx_hal_tim_ex.o
LOAD ./Drivers/STM32H7xx_HAL_Driver/Src/stm32h7xx_hal_uart.o
LOAD ./Drivers/STM32H7xx_HAL_Driver/Src/stm32h7xx_hal_uart_ex.o
START GROUP
LOAD /Applications/STM32CubeIDE.app/Contents/Eclipse/plugins/com.st.stm32cube.ide.mcu.externaltools.gnu-tools-for-stm32.11.3.rel1.macos64_1.1.100.202310310803/tools/bin/../lib/gcc/arm-none-eabi/11.3.1/../../../../arm-none-eabi/lib/thumb/v7e-m+dp/hard/libc_nano.a
LOAD /Applications/STM32CubeIDE.app/Contents/Eclipse/plugins/com.st.stm32cube.ide.mcu.externaltools.gnu-tools-for-stm32.11.3.rel1.macos64_1.1.100.202310310803/tools/bin/../lib/gcc/arm-none-eabi/11.3.1/../../../../arm-none-eabi/lib/thumb/v7e-m+dp/hard/libm.a
END GROUP
START GROUP
LOAD /Applications/STM32CubeIDE.app/Contents/Eclipse/plugins/com.st.stm32cube.ide.mcu.externaltools.gnu-tools-for-stm32.11.3.rel1.macos64_1.1.100.202310310803/tools/bin/../lib/gcc/arm-none-eabi/11.3.1/thumb/v7e-m+dp/hard/libgcc.a
LOAD /Applications/STM32CubeIDE.app/Contents/Eclipse/plugins/com.st.stm32cube.ide.mcu.externaltools.gnu-tools-for-stm32.11.3.rel1.macos64_1.1.100.202310310803/tools/bin/../lib/gcc/arm-none-eabi/11.3.1/../../../../arm-none-eabi/lib/thumb/v7e-m+dp/hard/libc_nano.a
END GROUP
START GROUP
LOAD /Applications/STM32CubeIDE.app/Contents/Eclipse/plugins/com.st.stm32cube.ide.mcu.externaltools.gnu-tools-for-stm32.11.3.rel1.macos64_1.1.100.202310310803/tools/bin/../lib/gcc/arm-none-eabi/11.3.1/thumb/v7e-m+dp/hard/libgcc.a
LOAD /Applications/STM32CubeIDE.app/Contents/Eclipse/plugins/com.st.stm32cube.ide.mcu.externaltools.gnu-tools-for-stm32.11.3.rel1.macos64_1.1.100.202310310803/tools/bin/../lib/gcc/arm-none-eabi/11.3.1/../../../../arm-none-eabi/lib/thumb/v7e-m+dp/hard/libc_nano.a
LOAD /Applications/STM32CubeIDE.app/Contents/Eclipse/plugins/com.st.stm32cube.ide.mcu.externaltools.gnu-tools-for-stm32.11.3.rel1.macos64_1.1.100.202310310803/tools/bin/../lib/gcc/arm-none-eabi/11.3.1/../../../../arm-none-eabi/lib/thumb/v7e-m+dp/hard/libnosys.a
END GROUP
START GROUP
LOAD /Applications/STM32CubeIDE.app/Contents/Eclipse/plugins/com.st.stm32cube.ide.mcu.externaltools.gnu-tools-for-stm32.11.3.rel1.macos64_1.1.100.202310310803/tools/bin/../lib/gcc/arm-none-eabi/11.3.1/thumb/v7e-m+dp/hard/libgcc.a
LOAD /Applications/STM32CubeIDE.app/Contents/Eclipse/plugins/com.st.stm32cube.ide.mcu.externaltools.gnu-tools-for-stm32.11.3.rel1.macos64_1.1.100.202310310803/tools/bin/../lib/gcc/arm-none-eabi/11.3.1/../../../../arm-none-eabi/lib/thumb/v7e-m+dp/hard/libc_nano.a
LOAD /Applications/STM32CubeIDE.app/Contents/Eclipse/plugins/com.st.stm32cube.ide.mcu.externaltools.gnu-tools-for-stm32.11.3.rel1.macos64_1.1.100.202310310803/tools/bin/../lib/gcc/arm-none-eabi/11.3.1/../../../../arm-none-eabi/lib/thumb/v7e-m+dp/hard/libnosys.a
END GROUP
LOAD /Applications/STM32CubeIDE.app/Contents/Eclipse/plugins/com.st.stm32cube.ide.mcu.externaltools.gnu-tools-for-stm32.11.3.rel1.macos64_1.1.100.202310310803/tools/bin/../lib/gcc/arm-none-eabi/11.3.1/thumb/v7e-m+dp/hard/crtend.o
LOAD /Applications/STM32CubeIDE.app/Contents/Eclipse/plugins/com.st.stm32cube.ide.mcu.externaltools.gnu-tools-for-stm32.11.3.rel1.macos64_1.1.100.202310310803/tools/bin/../lib/gcc/arm-none-eabi/11.3.1/thumb/v7e-m+dp/hard/crtn.o
                0x0000000024050000                _estack = (ORIGIN (RAM_D1) + LENGTH (RAM_D1))
                0x0000000000000200                _Min_Heap_Size = 0x200
                0x0000000000000400                _Min_Stack_Size = 0x400

.isr_vector     0x0000000008000000      0x2cc
                0x0000000008000000                . = ALIGN (0x4)
 *(.isr_vector)
 .isr_vector    0x0000000008000000      0x2cc ./Core/Startup/startup_stm32h723zgtx.o
                0x0000000008000000                g_pfnVectors
                0x00000000080002cc                . = ALIGN (0x4)

.text           0x00000000080002cc     0xb2b0
                0x00000000080002cc                . = ALIGN (0x4)
 *(.text)
 .text          0x00000000080002cc       0x40 /Applications/STM32CubeIDE.app/Contents/Eclipse/plugins/com.st.stm32cube.ide.mcu.externaltools.gnu-tools-for-stm32.11.3.rel1.macos64_1.1.100.202310310803/tools/bin/../lib/gcc/arm-none-eabi/11.3.1/thumb/v7e-m+dp/hard/crtbegin.o
 .text          0x000000000800030c       0x30 /Applications/STM32CubeIDE.app/Contents/Eclipse/plugins/com.st.stm32cube.ide.mcu.externaltools.gnu-tools-for-stm32.11.3.rel1.macos64_1.1.100.202310310803/tools/bin/../lib/gcc/arm-none-eabi/11.3.1/thumb/v7e-m+dp/hard/libgcc.a(_aeabi_uldivmod.o)
                0x000000000800030c                __aeabi_uldivmod
 .text          0x000000000800033c      0x2c8 /Applications/STM32CubeIDE.app/Contents/Eclipse/plugins/com.st.stm32cube.ide.mcu.externaltools.gnu-tools-for-stm32.11.3.rel1.macos64_1.1.100.202310310803/tools/bin/../lib/gcc/arm-none-eabi/11.3.1/thumb/v7e-m+dp/hard/libgcc.a(_udivmoddi4.o)
                0x000000000800033c                __udivmoddi4
 .text          0x0000000008000604        0x4 /Applications/STM32CubeIDE.app/Contents/Eclipse/plugins/com.st.stm32cube.ide.mcu.externaltools.gnu-tools-for-stm32.11.3.rel1.macos64_1.1.100.202310310803/tools/bin/../lib/gcc/arm-none-eabi/11.3.1/thumb/v7e-m+dp/hard/libgcc.a(_dvmd_tls.o)
                0x0000000008000604                __aeabi_ldiv0
                0x0000000008000604                __aeabi_idiv0
 *(.text*)
 .text.HAL_TIM_IC_CaptureCallback
                0x0000000008000608       0x1c ./Core/Src/app.o
                0x0000000008000608                HAL_TIM_IC_CaptureCallback
 .text.HAL_UARTEx_RxEventCallback
                0x0000000008000624       0x9c ./Core/Src/app.o
                0x0000000008000624                HAL_UARTEx_RxEventCallback
 .text.APP_init
                0x00000000080006c0       0x34 ./Core/Src/app.o
                0x00000000080006c0                APP_init
 .text.APP_main
                0x00000000080006f4       0xb8 ./Core/Src/app.o
                0x00000000080006f4                APP_main
 .text.main     0x00000000080007ac       0x2a ./Core/Src/main.o
                0x00000000080007ac                main
 *fill*         0x00000000080007d6        0x2 
 .text.SystemClock_Config
                0x00000000080007d8       0xdc ./Core/Src/main.o
                0x00000000080007d8                SystemClock_Config
 .text.MX_TIM1_Init
                0x00000000080008b4      0x158 ./Core/Src/main.o
 .text.MX_TIM4_Init
                0x0000000008000a0c       0xa8 ./Core/Src/main.o
 .text.MX_USART3_UART_Init
                0x0000000008000ab4       0x9c ./Core/Src/main.o
 .text.MX_DMA_Init
                0x0000000008000b50       0x50 ./Core/Src/main.o
 .text.MX_GPIO_Init
                0x0000000008000ba0      0x1b4 ./Core/Src/main.o
 .text.Error_Handler
                0x0000000008000d54        0xa ./Core/Src/main.o
                0x0000000008000d54                Error_Handler
 *fill*         0x0000000008000d5e        0x2 
 .text.HAL_MspInit
                0x0000000008000d60       0x34 ./Core/Src/stm32h7xx_hal_msp.o
                0x0000000008000d60                HAL_MspInit
 .text.HAL_TIM_Base_MspInit
                0x0000000008000d94       0x44 ./Core/Src/stm32h7xx_hal_msp.o
                0x0000000008000d94                HAL_TIM_Base_MspInit
 .text.HAL_TIM_IC_MspInit
                0x0000000008000dd8       0xa4 ./Core/Src/stm32h7xx_hal_msp.o
                0x0000000008000dd8                HAL_TIM_IC_MspInit
 .text.HAL_TIM_MspPostInit
                0x0000000008000e7c       0x78 ./Core/Src/stm32h7xx_hal_msp.o
                0x0000000008000e7c                HAL_TIM_MspPostInit
 .text.HAL_UART_MspInit
                0x0000000008000ef4      0x1ac ./Core/Src/stm32h7xx_hal_msp.o
                0x0000000008000ef4                HAL_UART_MspInit
 .text.NMI_Handler
                0x00000000080010a0        0x6 ./Core/Src/stm32h7xx_it.o
                0x00000000080010a0                NMI_Handler
 .text.HardFault_Handler
                0x00000000080010a6        0x6 ./Core/Src/stm32h7xx_it.o
                0x00000000080010a6                HardFault_Handler
 .text.MemManage_Handler
                0x00000000080010ac        0x6 ./Core/Src/stm32h7xx_it.o
                0x00000000080010ac                MemManage_Handler
 .text.BusFault_Handler
                0x00000000080010b2        0x6 ./Core/Src/stm32h7xx_it.o
                0x00000000080010b2                BusFault_Handler
 .text.UsageFault_Handler
                0x00000000080010b8        0x6 ./Core/Src/stm32h7xx_it.o
                0x00000000080010b8                UsageFault_Handler
 .text.SVC_Handler
                0x00000000080010be        0xe ./Core/Src/stm32h7xx_it.o
                0x00000000080010be                SVC_Handler
 .text.DebugMon_Handler
                0x00000000080010cc        0xe ./Core/Src/stm32h7xx_it.o
                0x00000000080010cc                DebugMon_Handler
 .text.PendSV_Handler
                0x00000000080010da        0xe ./Core/Src/stm32h7xx_it.o
                0x00000000080010da                PendSV_Handler
 .text.SysTick_Handler
                0x00000000080010e8        0xc ./Core/Src/stm32h7xx_it.o
                0x00000000080010e8                SysTick_Handler
 .text.DMA1_Stream5_IRQHandler
                0x00000000080010f4       0x14 ./Core/Src/stm32h7xx_it.o
                0x00000000080010f4                DMA1_Stream5_IRQHandler
 .text.DMA1_Stream6_IRQHandler
                0x0000000008001108       0x14 ./Core/Src/stm32h7xx_it.o
                0x0000000008001108                DMA1_Stream6_IRQHandler
 .text.TIM4_IRQHandler
                0x000000000800111c       0x14 ./Core/Src/stm32h7xx_it.o
                0x000000000800111c                TIM4_IRQHandler
 .text.USART3_IRQHandler
                0x0000000008001130       0x14 ./Core/Src/stm32h7xx_it.o
                0x0000000008001130                USART3_IRQHandler
 .text.SystemInit
                0x0000000008001144       0xf0 ./Core/Src/system_stm32h7xx.o
                0x0000000008001144                SystemInit
 .text.TL_update
                0x0000000008001234      0x108 ./Core/Src/tilelink.o
                0x0000000008001234                TL_update
 .text.TL_serialize
                0x000000000800133c      0x21c ./Core/Src/tilelink.o
                0x000000000800133c                TL_serialize
 .text.TL_deserialize
                0x0000000008001558      0x2a8 ./Core/Src/tilelink.o
                0x0000000008001558                TL_deserialize
 .text.TL_transmit
                0x0000000008001800       0x48 ./Core/Src/tilelink.o
                0x0000000008001800                TL_transmit
 .text.Reset_Handler
                0x0000000008001848       0x50 ./Core/Startup/startup_stm32h723zgtx.o
                0x0000000008001848                Reset_Handler
 .text.Default_Handler
                0x0000000008001898        0x2 ./Core/Startup/startup_stm32h723zgtx.o
                0x0000000008001898                DMA1_Stream3_IRQHandler
                0x0000000008001898                EXTI2_IRQHandler
                0x0000000008001898                TIM8_CC_IRQHandler
                0x0000000008001898                UART8_IRQHandler
                0x0000000008001898                SPI4_IRQHandler
                0x0000000008001898                FDCAN3_IT0_IRQHandler
                0x0000000008001898                TIM1_CC_IRQHandler
                0x0000000008001898                BDMA_Channel6_IRQHandler
                0x0000000008001898                DMA2_Stream5_IRQHandler
                0x0000000008001898                CORDIC_IRQHandler
                0x0000000008001898                BDMA_Channel1_IRQHandler
                0x0000000008001898                TAMP_STAMP_IRQHandler
                0x0000000008001898                EXTI3_IRQHandler
                0x0000000008001898                LPTIM4_IRQHandler
                0x0000000008001898                TIM8_TRG_COM_TIM14_IRQHandler
                0x0000000008001898                LPTIM2_IRQHandler
                0x0000000008001898                DFSDM1_FLT1_IRQHandler
                0x0000000008001898                DMAMUX2_OVR_IRQHandler
                0x0000000008001898                TIM8_UP_TIM13_IRQHandler
                0x0000000008001898                I2C3_ER_IRQHandler
                0x0000000008001898                DFSDM1_FLT2_IRQHandler
                0x0000000008001898                I2C5_EV_IRQHandler
                0x0000000008001898                USART10_IRQHandler
                0x0000000008001898                MDMA_IRQHandler
                0x0000000008001898                LPTIM3_IRQHandler
                0x0000000008001898                HSEM1_IRQHandler
                0x0000000008001898                EXTI0_IRQHandler
                0x0000000008001898                I2C2_EV_IRQHandler
                0x0000000008001898                DMA1_Stream2_IRQHandler
                0x0000000008001898                FPU_IRQHandler
                0x0000000008001898                OTG_HS_WKUP_IRQHandler
                0x0000000008001898                FDCAN1_IT1_IRQHandler
                0x0000000008001898                LTDC_ER_IRQHandler
                0x0000000008001898                DMA2_Stream2_IRQHandler
                0x0000000008001898                SPI1_IRQHandler
                0x0000000008001898                OCTOSPI1_IRQHandler
                0x0000000008001898                TIM6_DAC_IRQHandler
                0x0000000008001898                DMA2_Stream3_IRQHandler
                0x0000000008001898                OCTOSPI2_IRQHandler
                0x0000000008001898                DFSDM1_FLT3_IRQHandler
                0x0000000008001898                TIM23_IRQHandler
                0x0000000008001898                USART6_IRQHandler
                0x0000000008001898                TIM17_IRQHandler
                0x0000000008001898                BDMA_Channel7_IRQHandler
                0x0000000008001898                LPTIM5_IRQHandler
                0x0000000008001898                UART5_IRQHandler
                0x0000000008001898                ADC3_IRQHandler
                0x0000000008001898                DMA2_Stream0_IRQHandler
                0x0000000008001898                BDMA_Channel2_IRQHandler
                0x0000000008001898                I2C1_EV_IRQHandler
                0x0000000008001898                DMAMUX1_OVR_IRQHandler
                0x0000000008001898                DMA1_Stream1_IRQHandler
                0x0000000008001898                TIM16_IRQHandler
                0x0000000008001898                UART4_IRQHandler
                0x0000000008001898                BDMA_Channel5_IRQHandler
                0x0000000008001898                TIM3_IRQHandler
                0x0000000008001898                RCC_IRQHandler
                0x0000000008001898                UART9_IRQHandler
                0x0000000008001898                TIM8_BRK_TIM12_IRQHandler
                0x0000000008001898                TIM1_TRG_COM_IRQHandler
                0x0000000008001898                Default_Handler
                0x0000000008001898                ECC_IRQHandler
                0x0000000008001898                FMAC_IRQHandler
                0x0000000008001898                CEC_IRQHandler
                0x0000000008001898                EXTI15_10_IRQHandler
                0x0000000008001898                BDMA_Channel0_IRQHandler
                0x0000000008001898                ADC_IRQHandler
                0x0000000008001898                I2C5_ER_IRQHandler
                0x0000000008001898                DMA1_Stream7_IRQHandler
                0x0000000008001898                SPI5_IRQHandler
                0x0000000008001898                TIM7_IRQHandler
                0x0000000008001898                FDCAN3_IT1_IRQHandler
                0x0000000008001898                SDMMC1_IRQHandler
                0x0000000008001898                TIM5_IRQHandler
                0x0000000008001898                DMA2_Stream7_IRQHandler
                0x0000000008001898                TIM15_IRQHandler
                0x0000000008001898                PVD_AVD_IRQHandler
                0x0000000008001898                I2C3_EV_IRQHandler
                0x0000000008001898                EXTI9_5_IRQHandler
                0x0000000008001898                RTC_WKUP_IRQHandler
                0x0000000008001898                LTDC_IRQHandler
                0x0000000008001898                ETH_WKUP_IRQHandler
                0x0000000008001898                SPDIF_RX_IRQHandler
                0x0000000008001898                SPI2_IRQHandler
                0x0000000008001898                OTG_HS_EP1_IN_IRQHandler
                0x0000000008001898                DMA1_Stream0_IRQHandler
                0x0000000008001898                TIM24_IRQHandler
                0x0000000008001898                CRS_IRQHandler
                0x0000000008001898                EXTI4_IRQHandler
                0x0000000008001898                RNG_IRQHandler
                0x0000000008001898                FDCAN2_IT1_IRQHandler
                0x0000000008001898                ETH_IRQHandler
                0x0000000008001898                TIM1_UP_IRQHandler
                0x0000000008001898                BDMA_Channel4_IRQHandler
                0x0000000008001898                OTG_HS_EP1_OUT_IRQHandler
                0x0000000008001898                WWDG_IRQHandler
                0x0000000008001898                SPI6_IRQHandler
                0x0000000008001898                MDIOS_IRQHandler
                0x0000000008001898                I2C4_EV_IRQHandler
                0x0000000008001898                FDCAN2_IT0_IRQHandler
                0x0000000008001898                LPUART1_IRQHandler
                0x0000000008001898                FDCAN1_IT0_IRQHandler
                0x0000000008001898                TIM2_IRQHandler
                0x0000000008001898                OTG_HS_IRQHandler
                0x0000000008001898                DMA2D_IRQHandler
                0x0000000008001898                TIM1_BRK_IRQHandler
                0x0000000008001898                EXTI1_IRQHandler
                0x0000000008001898                SDMMC2_IRQHandler
                0x0000000008001898                BDMA_Channel3_IRQHandler
                0x0000000008001898                DTS_IRQHandler
                0x0000000008001898                UART7_IRQHandler
                0x0000000008001898                MDIOS_WKUP_IRQHandler
                0x0000000008001898                USART2_IRQHandler
                0x0000000008001898                DFSDM1_FLT0_IRQHandler
                0x0000000008001898                SAI4_IRQHandler
                0x0000000008001898                I2C2_ER_IRQHandler
                0x0000000008001898                DMA2_Stream1_IRQHandler
                0x0000000008001898                FLASH_IRQHandler
                0x0000000008001898                DMA2_Stream4_IRQHandler
                0x0000000008001898                USART1_IRQHandler
                0x0000000008001898                SPI3_IRQHandler
                0x0000000008001898                WAKEUP_PIN_IRQHandler
                0x0000000008001898                DMA1_Stream4_IRQHandler
                0x0000000008001898                I2C1_ER_IRQHandler
                0x0000000008001898                FMC_IRQHandler
                0x0000000008001898                FDCAN_CAL_IRQHandler
                0x0000000008001898                SWPMI1_IRQHandler
                0x0000000008001898                COMP1_IRQHandler
                0x0000000008001898                LPTIM1_IRQHandler
                0x0000000008001898                DCMI_PSSI_IRQHandler
                0x0000000008001898                I2C4_ER_IRQHandler
                0x0000000008001898                DMA2_Stream6_IRQHandler
                0x0000000008001898                SAI1_IRQHandler
                0x0000000008001898                RTC_Alarm_IRQHandler
 *fill*         0x000000000800189a        0x2 
 .text.HAL_Init
                0x000000000800189c       0x78 ./Drivers/STM32H7xx_HAL_Driver/Src/stm32h7xx_hal.o
                0x000000000800189c                HAL_Init
 .text.HAL_InitTick
                0x0000000008001914       0x6c ./Drivers/STM32H7xx_HAL_Driver/Src/stm32h7xx_hal.o
                0x0000000008001914                HAL_InitTick
 .text.HAL_IncTick
                0x0000000008001980       0x28 ./Drivers/STM32H7xx_HAL_Driver/Src/stm32h7xx_hal.o
                0x0000000008001980                HAL_IncTick
 .text.HAL_GetTick
                0x00000000080019a8       0x18 ./Drivers/STM32H7xx_HAL_Driver/Src/stm32h7xx_hal.o
                0x00000000080019a8                HAL_GetTick
 .text.__NVIC_SetPriorityGrouping
                0x00000000080019c0       0x48 ./Drivers/STM32H7xx_HAL_Driver/Src/stm32h7xx_hal_cortex.o
 .text.__NVIC_GetPriorityGrouping
                0x0000000008001a08       0x1c ./Drivers/STM32H7xx_HAL_Driver/Src/stm32h7xx_hal_cortex.o
 .text.__NVIC_EnableIRQ
                0x0000000008001a24       0x3c ./Drivers/STM32H7xx_HAL_Driver/Src/stm32h7xx_hal_cortex.o
 .text.__NVIC_SetPriority
                0x0000000008001a60       0x54 ./Drivers/STM32H7xx_HAL_Driver/Src/stm32h7xx_hal_cortex.o
 .text.NVIC_EncodePriority
                0x0000000008001ab4       0x66 ./Drivers/STM32H7xx_HAL_Driver/Src/stm32h7xx_hal_cortex.o
 *fill*         0x0000000008001b1a        0x2 
 .text.SysTick_Config
                0x0000000008001b1c       0x44 ./Drivers/STM32H7xx_HAL_Driver/Src/stm32h7xx_hal_cortex.o
 .text.HAL_NVIC_SetPriorityGrouping
                0x0000000008001b60       0x16 ./Drivers/STM32H7xx_HAL_Driver/Src/stm32h7xx_hal_cortex.o
                0x0000000008001b60                HAL_NVIC_SetPriorityGrouping
 .text.HAL_NVIC_SetPriority
                0x0000000008001b76       0x34 ./Drivers/STM32H7xx_HAL_Driver/Src/stm32h7xx_hal_cortex.o
                0x0000000008001b76                HAL_NVIC_SetPriority
 .text.HAL_NVIC_EnableIRQ
                0x0000000008001baa       0x1c ./Drivers/STM32H7xx_HAL_Driver/Src/stm32h7xx_hal_cortex.o
                0x0000000008001baa                HAL_NVIC_EnableIRQ
 .text.HAL_SYSTICK_Config
                0x0000000008001bc6       0x18 ./Drivers/STM32H7xx_HAL_Driver/Src/stm32h7xx_hal_cortex.o
                0x0000000008001bc6                HAL_SYSTICK_Config
 *fill*         0x0000000008001bde        0x2 
 .text.HAL_DMA_Init
                0x0000000008001be0      0x6b0 ./Drivers/STM32H7xx_HAL_Driver/Src/stm32h7xx_hal_dma.o
                0x0000000008001be0                HAL_DMA_Init
 .text.HAL_DMA_Start_IT
                0x0000000008002290      0x4d4 ./Drivers/STM32H7xx_HAL_Driver/Src/stm32h7xx_hal_dma.o
                0x0000000008002290                HAL_DMA_Start_IT
 .text.HAL_DMA_Abort
                0x0000000008002764      0x63c ./Drivers/STM32H7xx_HAL_Driver/Src/stm32h7xx_hal_dma.o
                0x0000000008002764                HAL_DMA_Abort
 .text.HAL_DMA_Abort_IT
                0x0000000008002da0      0x48c ./Drivers/STM32H7xx_HAL_Driver/Src/stm32h7xx_hal_dma.o
                0x0000000008002da0                HAL_DMA_Abort_IT
 .text.HAL_DMA_IRQHandler
                0x000000000800322c      0xe54 ./Drivers/STM32H7xx_HAL_Driver/Src/stm32h7xx_hal_dma.o
                0x000000000800322c                HAL_DMA_IRQHandler
 .text.DMA_SetConfig
                0x0000000008004080      0x358 ./Drivers/STM32H7xx_HAL_Driver/Src/stm32h7xx_hal_dma.o
 .text.DMA_CalcBaseAndBitshift
                0x00000000080043d8      0x164 ./Drivers/STM32H7xx_HAL_Driver/Src/stm32h7xx_hal_dma.o
 .text.DMA_CheckFifoParam
                0x000000000800453c       0xf8 ./Drivers/STM32H7xx_HAL_Driver/Src/stm32h7xx_hal_dma.o
 .text.DMA_CalcDMAMUXChannelBaseAndMask
                0x0000000008004634      0x134 ./Drivers/STM32H7xx_HAL_Driver/Src/stm32h7xx_hal_dma.o
 .text.DMA_CalcDMAMUXRequestGenBaseAndMask
                0x0000000008004768       0xe8 ./Drivers/STM32H7xx_HAL_Driver/Src/stm32h7xx_hal_dma.o
 .text.HAL_GPIO_Init
                0x0000000008004850      0x350 ./Drivers/STM32H7xx_HAL_Driver/Src/stm32h7xx_hal_gpio.o
                0x0000000008004850                HAL_GPIO_Init
 .text.HAL_GPIO_ReadPin
                0x0000000008004ba0       0x30 ./Drivers/STM32H7xx_HAL_Driver/Src/stm32h7xx_hal_gpio.o
                0x0000000008004ba0                HAL_GPIO_ReadPin
 .text.HAL_GPIO_WritePin
                0x0000000008004bd0       0x32 ./Drivers/STM32H7xx_HAL_Driver/Src/stm32h7xx_hal_gpio.o
                0x0000000008004bd0                HAL_GPIO_WritePin
 *fill*         0x0000000008004c02        0x2 
 .text.HAL_PWREx_ConfigSupply
                0x0000000008004c04       0x74 ./Drivers/STM32H7xx_HAL_Driver/Src/stm32h7xx_hal_pwr_ex.o
                0x0000000008004c04                HAL_PWREx_ConfigSupply
 .text.HAL_RCC_OscConfig
                0x0000000008004c78      0x7b4 ./Drivers/STM32H7xx_HAL_Driver/Src/stm32h7xx_hal_rcc.o
                0x0000000008004c78                HAL_RCC_OscConfig
 .text.HAL_RCC_ClockConfig
                0x000000000800542c      0x36c ./Drivers/STM32H7xx_HAL_Driver/Src/stm32h7xx_hal_rcc.o
                0x000000000800542c                HAL_RCC_ClockConfig
 .text.HAL_RCC_GetSysClockFreq
                0x0000000008005798      0x2f4 ./Drivers/STM32H7xx_HAL_Driver/Src/stm32h7xx_hal_rcc.o
                0x0000000008005798                HAL_RCC_GetSysClockFreq
 .text.HAL_RCC_GetHCLKFreq
                0x0000000008005a8c       0x60 ./Drivers/STM32H7xx_HAL_Driver/Src/stm32h7xx_hal_rcc.o
                0x0000000008005a8c                HAL_RCC_GetHCLKFreq
 .text.HAL_RCC_GetPCLK1Freq
                0x0000000008005aec       0x2c ./Drivers/STM32H7xx_HAL_Driver/Src/stm32h7xx_hal_rcc.o
                0x0000000008005aec                HAL_RCC_GetPCLK1Freq
 .text.HAL_RCC_GetPCLK2Freq
                0x0000000008005b18       0x2c ./Drivers/STM32H7xx_HAL_Driver/Src/stm32h7xx_hal_rcc.o
                0x0000000008005b18                HAL_RCC_GetPCLK2Freq
 .text.HAL_RCCEx_PeriphCLKConfig
                0x0000000008005b44     0x1340 ./Drivers/STM32H7xx_HAL_Driver/Src/stm32h7xx_hal_rcc_ex.o
                0x0000000008005b44                HAL_RCCEx_PeriphCLKConfig
 .text.HAL_RCCEx_GetD3PCLK1Freq
                0x0000000008006e84       0x2c ./Drivers/STM32H7xx_HAL_Driver/Src/stm32h7xx_hal_rcc_ex.o
                0x0000000008006e84                HAL_RCCEx_GetD3PCLK1Freq
 .text.HAL_RCCEx_GetPLL2ClockFreq
                0x0000000008006eb0      0x2a8 ./Drivers/STM32H7xx_HAL_Driver/Src/stm32h7xx_hal_rcc_ex.o
                0x0000000008006eb0                HAL_RCCEx_GetPLL2ClockFreq
 .text.HAL_RCCEx_GetPLL3ClockFreq
                0x0000000008007158      0x2a8 ./Drivers/STM32H7xx_HAL_Driver/Src/stm32h7xx_hal_rcc_ex.o
                0x0000000008007158                HAL_RCCEx_GetPLL3ClockFreq
 .text.RCCEx_PLL2_Config
                0x0000000008007400      0x164 ./Drivers/STM32H7xx_HAL_Driver/Src/stm32h7xx_hal_rcc_ex.o
 .text.RCCEx_PLL3_Config
                0x0000000008007564      0x164 ./Drivers/STM32H7xx_HAL_Driver/Src/stm32h7xx_hal_rcc_ex.o
 .text.HAL_TIM_Base_Init
                0x00000000080076c8       0xae ./Drivers/STM32H7xx_HAL_Driver/Src/stm32h7xx_hal_tim.o
                0x00000000080076c8                HAL_TIM_Base_Init
 .text.HAL_TIM_PWM_Init
                0x0000000008007776       0xae ./Drivers/STM32H7xx_HAL_Driver/Src/stm32h7xx_hal_tim.o
                0x0000000008007776                HAL_TIM_PWM_Init
 .text.HAL_TIM_PWM_MspInit
                0x0000000008007824       0x14 ./Drivers/STM32H7xx_HAL_Driver/Src/stm32h7xx_hal_tim.o
                0x0000000008007824                HAL_TIM_PWM_MspInit
 .text.HAL_TIM_PWM_Start
                0x0000000008007838      0x238 ./Drivers/STM32H7xx_HAL_Driver/Src/stm32h7xx_hal_tim.o
                0x0000000008007838                HAL_TIM_PWM_Start
 .text.HAL_TIM_IC_Init
                0x0000000008007a70       0xae ./Drivers/STM32H7xx_HAL_Driver/Src/stm32h7xx_hal_tim.o
                0x0000000008007a70                HAL_TIM_IC_Init
 *fill*         0x0000000008007b1e        0x2 
 .text.HAL_TIM_IC_Start_IT
                0x0000000008007b20      0x2bc ./Drivers/STM32H7xx_HAL_Driver/Src/stm32h7xx_hal_tim.o
                0x0000000008007b20                HAL_TIM_IC_Start_IT
 .text.HAL_TIM_IRQHandler
                0x0000000008007ddc      0x23e ./Drivers/STM32H7xx_HAL_Driver/Src/stm32h7xx_hal_tim.o
                0x0000000008007ddc                HAL_TIM_IRQHandler
 .text.HAL_TIM_IC_ConfigChannel
                0x000000000800801a      0x138 ./Drivers/STM32H7xx_HAL_Driver/Src/stm32h7xx_hal_tim.o
                0x000000000800801a                HAL_TIM_IC_ConfigChannel
 *fill*         0x0000000008008152        0x2 
 .text.HAL_TIM_PWM_ConfigChannel
                0x0000000008008154      0x228 ./Drivers/STM32H7xx_HAL_Driver/Src/stm32h7xx_hal_tim.o
                0x0000000008008154                HAL_TIM_PWM_ConfigChannel
 .text.HAL_TIM_ConfigClockSource
                0x000000000800837c      0x1f0 ./Drivers/STM32H7xx_HAL_Driver/Src/stm32h7xx_hal_tim.o
                0x000000000800837c                HAL_TIM_ConfigClockSource
 .text.HAL_TIM_PeriodElapsedCallback
                0x000000000800856c       0x14 ./Drivers/STM32H7xx_HAL_Driver/Src/stm32h7xx_hal_tim.o
                0x000000000800856c                HAL_TIM_PeriodElapsedCallback
 .text.HAL_TIM_OC_DelayElapsedCallback
                0x0000000008008580       0x14 ./Drivers/STM32H7xx_HAL_Driver/Src/stm32h7xx_hal_tim.o
                0x0000000008008580                HAL_TIM_OC_DelayElapsedCallback
 .text.HAL_TIM_PWM_PulseFinishedCallback
                0x0000000008008594       0x14 ./Drivers/STM32H7xx_HAL_Driver/Src/stm32h7xx_hal_tim.o
                0x0000000008008594                HAL_TIM_PWM_PulseFinishedCallback
 .text.HAL_TIM_TriggerCallback
                0x00000000080085a8       0x14 ./Drivers/STM32H7xx_HAL_Driver/Src/stm32h7xx_hal_tim.o
                0x00000000080085a8                HAL_TIM_TriggerCallback
 .text.TIM_Base_SetConfig
                0x00000000080085bc      0x14c ./Drivers/STM32H7xx_HAL_Driver/Src/stm32h7xx_hal_tim.o
                0x00000000080085bc                TIM_Base_SetConfig
 .text.TIM_OC1_SetConfig
                0x0000000008008708      0x120 ./Drivers/STM32H7xx_HAL_Driver/Src/stm32h7xx_hal_tim.o
 .text.TIM_OC2_SetConfig
                0x0000000008008828      0x114 ./Drivers/STM32H7xx_HAL_Driver/Src/stm32h7xx_hal_tim.o
                0x0000000008008828                TIM_OC2_SetConfig
 .text.TIM_OC3_SetConfig
                0x000000000800893c      0x110 ./Drivers/STM32H7xx_HAL_Driver/Src/stm32h7xx_hal_tim.o
 .text.TIM_OC4_SetConfig
                0x0000000008008a4c       0xd4 ./Drivers/STM32H7xx_HAL_Driver/Src/stm32h7xx_hal_tim.o
 .text.TIM_OC5_SetConfig
                0x0000000008008b20       0xc8 ./Drivers/STM32H7xx_HAL_Driver/Src/stm32h7xx_hal_tim.o
 .text.TIM_OC6_SetConfig
                0x0000000008008be8       0xcc ./Drivers/STM32H7xx_HAL_Driver/Src/stm32h7xx_hal_tim.o
 .text.TIM_TI1_SetConfig
                0x0000000008008cb4      0x100 ./Drivers/STM32H7xx_HAL_Driver/Src/stm32h7xx_hal_tim.o
                0x0000000008008cb4                TIM_TI1_SetConfig
 .text.TIM_TI1_ConfigInputStage
                0x0000000008008db4       0x5e ./Drivers/STM32H7xx_HAL_Driver/Src/stm32h7xx_hal_tim.o
 .text.TIM_TI2_SetConfig
                0x0000000008008e12       0x7a ./Drivers/STM32H7xx_HAL_Driver/Src/stm32h7xx_hal_tim.o
 .text.TIM_TI2_ConfigInputStage
                0x0000000008008e8c       0x60 ./Drivers/STM32H7xx_HAL_Driver/Src/stm32h7xx_hal_tim.o
 .text.TIM_TI3_SetConfig
                0x0000000008008eec       0x78 ./Drivers/STM32H7xx_HAL_Driver/Src/stm32h7xx_hal_tim.o
 .text.TIM_TI4_SetConfig
                0x0000000008008f64       0x7a ./Drivers/STM32H7xx_HAL_Driver/Src/stm32h7xx_hal_tim.o
 *fill*         0x0000000008008fde        0x2 
 .text.TIM_ITRx_SetConfig
                0x0000000008008fe0       0x3c ./Drivers/STM32H7xx_HAL_Driver/Src/stm32h7xx_hal_tim.o
 .text.TIM_ETR_SetConfig
                0x000000000800901c       0x40 ./Drivers/STM32H7xx_HAL_Driver/Src/stm32h7xx_hal_tim.o
                0x000000000800901c                TIM_ETR_SetConfig
 .text.TIM_CCxChannelCmd
                0x000000000800905c       0x4a ./Drivers/STM32H7xx_HAL_Driver/Src/stm32h7xx_hal_tim.o
                0x000000000800905c                TIM_CCxChannelCmd
 *fill*         0x00000000080090a6        0x2 
 .text.HAL_TIMEx_MasterConfigSynchronization
                0x00000000080090a8      0x138 ./Drivers/STM32H7xx_HAL_Driver/Src/stm32h7xx_hal_tim_ex.o
                0x00000000080090a8                HAL_TIMEx_MasterConfigSynchronization
 .text.HAL_TIMEx_ConfigBreakDeadTime
                0x00000000080091e0      0x140 ./Drivers/STM32H7xx_HAL_Driver/Src/stm32h7xx_hal_tim_ex.o
                0x00000000080091e0                HAL_TIMEx_ConfigBreakDeadTime
 .text.HAL_TIMEx_CommutCallback
                0x0000000008009320       0x14 ./Drivers/STM32H7xx_HAL_Driver/Src/stm32h7xx_hal_tim_ex.o
                0x0000000008009320                HAL_TIMEx_CommutCallback
 .text.HAL_TIMEx_BreakCallback
                0x0000000008009334       0x14 ./Drivers/STM32H7xx_HAL_Driver/Src/stm32h7xx_hal_tim_ex.o
                0x0000000008009334                HAL_TIMEx_BreakCallback
 .text.HAL_TIMEx_Break2Callback
                0x0000000008009348       0x14 ./Drivers/STM32H7xx_HAL_Driver/Src/stm32h7xx_hal_tim_ex.o
                0x0000000008009348                HAL_TIMEx_Break2Callback
 .text.HAL_UART_Init
                0x000000000800935c       0xa0 ./Drivers/STM32H7xx_HAL_Driver/Src/stm32h7xx_hal_uart.o
                0x000000000800935c                HAL_UART_Init
 .text.HAL_UART_Transmit
                0x00000000080093fc      0x11c ./Drivers/STM32H7xx_HAL_Driver/Src/stm32h7xx_hal_uart.o
                0x00000000080093fc                HAL_UART_Transmit
 .text.HAL_UART_IRQHandler
                0x0000000008009518      0x774 ./Drivers/STM32H7xx_HAL_Driver/Src/stm32h7xx_hal_uart.o
                0x0000000008009518                HAL_UART_IRQHandler
 .text.HAL_UART_TxCpltCallback
                0x0000000008009c8c       0x14 ./Drivers/STM32H7xx_HAL_Driver/Src/stm32h7xx_hal_uart.o
                0x0000000008009c8c                HAL_UART_TxCpltCallback
 .text.HAL_UART_RxCpltCallback
                0x0000000008009ca0       0x14 ./Drivers/STM32H7xx_HAL_Driver/Src/stm32h7xx_hal_uart.o
                0x0000000008009ca0                HAL_UART_RxCpltCallback
 .text.HAL_UART_RxHalfCpltCallback
                0x0000000008009cb4       0x14 ./Drivers/STM32H7xx_HAL_Driver/Src/stm32h7xx_hal_uart.o
                0x0000000008009cb4                HAL_UART_RxHalfCpltCallback
 .text.HAL_UART_ErrorCallback
                0x0000000008009cc8       0x14 ./Drivers/STM32H7xx_HAL_Driver/Src/stm32h7xx_hal_uart.o
                0x0000000008009cc8                HAL_UART_ErrorCallback
 .text.UART_SetConfig
                0x0000000008009cdc      0xcd8 ./Drivers/STM32H7xx_HAL_Driver/Src/stm32h7xx_hal_uart.o
                0x0000000008009cdc                UART_SetConfig
 .text.UART_AdvFeatureConfig
                0x000000000800a9b4      0x144 ./Drivers/STM32H7xx_HAL_Driver/Src/stm32h7xx_hal_uart.o
                0x000000000800a9b4                UART_AdvFeatureConfig
 .text.UART_CheckIdleState
                0x000000000800aaf8      0x154 ./Drivers/STM32H7xx_HAL_Driver/Src/stm32h7xx_hal_uart.o
                0x000000000800aaf8                UART_CheckIdleState
 .text.UART_WaitOnFlagUntilTimeout
                0x000000000800ac4c       0xce ./Drivers/STM32H7xx_HAL_Driver/Src/stm32h7xx_hal_uart.o
                0x000000000800ac4c                UART_WaitOnFlagUntilTimeout
 *fill*         0x000000000800ad1a        0x2 
 .text.UART_Start_Receive_DMA
                0x000000000800ad1c      0x14c ./Drivers/STM32H7xx_HAL_Driver/Src/stm32h7xx_hal_uart.o
                0x000000000800ad1c                UART_Start_Receive_DMA
 .text.UART_EndTxTransfer
                0x000000000800ae68       0x82 ./Drivers/STM32H7xx_HAL_Driver/Src/stm32h7xx_hal_uart.o
 *fill*         0x000000000800aeea        0x2 
 .text.UART_EndRxTransfer
                0x000000000800aeec       0xcc ./Drivers/STM32H7xx_HAL_Driver/Src/stm32h7xx_hal_uart.o
 .text.UART_DMAReceiveCplt
                0x000000000800afb8      0x128 ./Drivers/STM32H7xx_HAL_Driver/Src/stm32h7xx_hal_uart.o
 .text.UART_DMARxHalfCplt
                0x000000000800b0e0       0x3e ./Drivers/STM32H7xx_HAL_Driver/Src/stm32h7xx_hal_uart.o
 .text.UART_DMAError
                0x000000000800b11e       0x80 ./Drivers/STM32H7xx_HAL_Driver/Src/stm32h7xx_hal_uart.o
 .text.UART_DMAAbortOnError
                0x000000000800b19e       0x2c ./Drivers/STM32H7xx_HAL_Driver/Src/stm32h7xx_hal_uart.o
 .text.UART_EndTransmit_IT
                0x000000000800b1ca       0x56 ./Drivers/STM32H7xx_HAL_Driver/Src/stm32h7xx_hal_uart.o
 .text.HAL_UARTEx_WakeupCallback
                0x000000000800b220       0x14 ./Drivers/STM32H7xx_HAL_Driver/Src/stm32h7xx_hal_uart_ex.o
                0x000000000800b220                HAL_UARTEx_WakeupCallback
 .text.HAL_UARTEx_RxFifoFullCallback
                0x000000000800b234       0x14 ./Drivers/STM32H7xx_HAL_Driver/Src/stm32h7xx_hal_uart_ex.o
                0x000000000800b234                HAL_UARTEx_RxFifoFullCallback
 .text.HAL_UARTEx_TxFifoEmptyCallback
                0x000000000800b248       0x14 ./Drivers/STM32H7xx_HAL_Driver/Src/stm32h7xx_hal_uart_ex.o
                0x000000000800b248                HAL_UARTEx_TxFifoEmptyCallback
 .text.HAL_UARTEx_DisableFifoMode
                0x000000000800b25c       0x72 ./Drivers/STM32H7xx_HAL_Driver/Src/stm32h7xx_hal_uart_ex.o
                0x000000000800b25c                HAL_UARTEx_DisableFifoMode
 .text.HAL_UARTEx_SetTxFifoThreshold
                0x000000000800b2ce       0x7c ./Drivers/STM32H7xx_HAL_Driver/Src/stm32h7xx_hal_uart_ex.o
                0x000000000800b2ce                HAL_UARTEx_SetTxFifoThreshold
 .text.HAL_UARTEx_SetRxFifoThreshold
                0x000000000800b34a       0x7c ./Drivers/STM32H7xx_HAL_Driver/Src/stm32h7xx_hal_uart_ex.o
                0x000000000800b34a                HAL_UARTEx_SetRxFifoThreshold
 .text.HAL_UARTEx_ReceiveToIdle_DMA
                0x000000000800b3c6       0xa8 ./Drivers/STM32H7xx_HAL_Driver/Src/stm32h7xx_hal_uart_ex.o
                0x000000000800b3c6                HAL_UARTEx_ReceiveToIdle_DMA
 *fill*         0x000000000800b46e        0x2 
 .text.UARTEx_SetNbDataToProcess
                0x000000000800b470       0x9c ./Drivers/STM32H7xx_HAL_Driver/Src/stm32h7xx_hal_uart_ex.o
 .text.memset   0x000000000800b50c       0x10 /Applications/STM32CubeIDE.app/Contents/Eclipse/plugins/com.st.stm32cube.ide.mcu.externaltools.gnu-tools-for-stm32.11.3.rel1.macos64_1.1.100.202310310803/tools/bin/../lib/gcc/arm-none-eabi/11.3.1/../../../../arm-none-eabi/lib/thumb/v7e-m+dp/hard/libc_nano.a(libc_a-memset.o)
                0x000000000800b50c                memset
 .text.__libc_init_array
                0x000000000800b51c       0x48 /Applications/STM32CubeIDE.app/Contents/Eclipse/plugins/com.st.stm32cube.ide.mcu.externaltools.gnu-tools-for-stm32.11.3.rel1.macos64_1.1.100.202310310803/tools/bin/../lib/gcc/arm-none-eabi/11.3.1/../../../../arm-none-eabi/lib/thumb/v7e-m+dp/hard/libc_nano.a(libc_a-init.o)
                0x000000000800b51c                __libc_init_array
 *(.glue_7)
 .glue_7        0x000000000800b564        0x0 linker stubs
 *(.glue_7t)
 .glue_7t       0x000000000800b564        0x0 linker stubs
 *(.eh_frame)
 .eh_frame      0x000000000800b564        0x0 /Applications/STM32CubeIDE.app/Contents/Eclipse/plugins/com.st.stm32cube.ide.mcu.externaltools.gnu-tools-for-stm32.11.3.rel1.macos64_1.1.100.202310310803/tools/bin/../lib/gcc/arm-none-eabi/11.3.1/thumb/v7e-m+dp/hard/crtbegin.o
 *(.init)
 .init          0x000000000800b564        0x4 /Applications/STM32CubeIDE.app/Contents/Eclipse/plugins/com.st.stm32cube.ide.mcu.externaltools.gnu-tools-for-stm32.11.3.rel1.macos64_1.1.100.202310310803/tools/bin/../lib/gcc/arm-none-eabi/11.3.1/thumb/v7e-m+dp/hard/crti.o
                0x000000000800b564                _init
 .init          0x000000000800b568        0x8 /Applications/STM32CubeIDE.app/Contents/Eclipse/plugins/com.st.stm32cube.ide.mcu.externaltools.gnu-tools-for-stm32.11.3.rel1.macos64_1.1.100.202310310803/tools/bin/../lib/gcc/arm-none-eabi/11.3.1/thumb/v7e-m+dp/hard/crtn.o
 *(.fini)
 .fini          0x000000000800b570        0x4 /Applications/STM32CubeIDE.app/Contents/Eclipse/plugins/com.st.stm32cube.ide.mcu.externaltools.gnu-tools-for-stm32.11.3.rel1.macos64_1.1.100.202310310803/tools/bin/../lib/gcc/arm-none-eabi/11.3.1/thumb/v7e-m+dp/hard/crti.o
                0x000000000800b570                _fini
 .fini          0x000000000800b574        0x8 /Applications/STM32CubeIDE.app/Contents/Eclipse/plugins/com.st.stm32cube.ide.mcu.externaltools.gnu-tools-for-stm32.11.3.rel1.macos64_1.1.100.202310310803/tools/bin/../lib/gcc/arm-none-eabi/11.3.1/thumb/v7e-m+dp/hard/crtn.o
                0x000000000800b57c                . = ALIGN (0x4)
                0x000000000800b57c                _etext = .

.vfp11_veneer   0x000000000800b57c        0x0
 .vfp11_veneer  0x000000000800b57c        0x0 linker stubs

.v4_bx          0x000000000800b57c        0x0
 .v4_bx         0x000000000800b57c        0x0 linker stubs

.iplt           0x000000000800b57c        0x0
 .iplt          0x000000000800b57c        0x0 /Applications/STM32CubeIDE.app/Contents/Eclipse/plugins/com.st.stm32cube.ide.mcu.externaltools.gnu-tools-for-stm32.11.3.rel1.macos64_1.1.100.202310310803/tools/bin/../lib/gcc/arm-none-eabi/11.3.1/thumb/v7e-m+dp/hard/crtbegin.o

.rodata         0x000000000800b57c       0x40
                0x000000000800b57c                . = ALIGN (0x4)
 *(.rodata)
 *(.rodata*)
 .rodata.D1CorePrescTable
                0x000000000800b57c       0x10 ./Core/Src/system_stm32h7xx.o
                0x000000000800b57c                D1CorePrescTable
 .rodata.flagBitshiftOffset.0
                0x000000000800b58c        0x8 ./Drivers/STM32H7xx_HAL_Driver/Src/stm32h7xx_hal_dma.o
 .rodata.UARTPrescTable
                0x000000000800b594       0x18 ./Drivers/STM32H7xx_HAL_Driver/Src/stm32h7xx_hal_uart.o
                0x000000000800b594                UARTPrescTable
 .rodata.numerator.1
                0x000000000800b5ac        0x8 ./Drivers/STM32H7xx_HAL_Driver/Src/stm32h7xx_hal_uart_ex.o
 .rodata.denominator.0
                0x000000000800b5b4        0x8 ./Drivers/STM32H7xx_HAL_Driver/Src/stm32h7xx_hal_uart_ex.o
                0x000000000800b5bc                . = ALIGN (0x4)

.ARM.extab
 *(.ARM.extab* .gnu.linkonce.armextab.*)

.ARM            0x000000000800b5bc        0x8
                0x000000000800b5bc                __exidx_start = .
 *(.ARM.exidx*)
 .ARM.exidx     0x000000000800b5bc        0x8 /Applications/STM32CubeIDE.app/Contents/Eclipse/plugins/com.st.stm32cube.ide.mcu.externaltools.gnu-tools-for-stm32.11.3.rel1.macos64_1.1.100.202310310803/tools/bin/../lib/gcc/arm-none-eabi/11.3.1/thumb/v7e-m+dp/hard/libgcc.a(_udivmoddi4.o)
                0x000000000800b5c4                __exidx_end = .

.rel.dyn        0x000000000800b5c4        0x0
 .rel.iplt      0x000000000800b5c4        0x0 /Applications/STM32CubeIDE.app/Contents/Eclipse/plugins/com.st.stm32cube.ide.mcu.externaltools.gnu-tools-for-stm32.11.3.rel1.macos64_1.1.100.202310310803/tools/bin/../lib/gcc/arm-none-eabi/11.3.1/thumb/v7e-m+dp/hard/crtbegin.o

.preinit_array  0x000000000800b5c4        0x0
                0x000000000800b5c4                PROVIDE (__preinit_array_start = .)
 *(.preinit_array*)
                0x000000000800b5c4                PROVIDE (__preinit_array_end = .)

.init_array     0x000000000800b5c4        0x4
                0x000000000800b5c4                PROVIDE (__init_array_start = .)
 *(SORT_BY_NAME(.init_array.*))
 *(.init_array*)
 .init_array    0x000000000800b5c4        0x4 /Applications/STM32CubeIDE.app/Contents/Eclipse/plugins/com.st.stm32cube.ide.mcu.externaltools.gnu-tools-for-stm32.11.3.rel1.macos64_1.1.100.202310310803/tools/bin/../lib/gcc/arm-none-eabi/11.3.1/thumb/v7e-m+dp/hard/crtbegin.o
                0x000000000800b5c8                PROVIDE (__init_array_end = .)

.fini_array     0x000000000800b5c8        0x4
                [!provide]                        PROVIDE (__fini_array_start = .)
 *(SORT_BY_NAME(.fini_array.*))
 *(.fini_array*)
 .fini_array    0x000000000800b5c8        0x4 /Applications/STM32CubeIDE.app/Contents/Eclipse/plugins/com.st.stm32cube.ide.mcu.externaltools.gnu-tools-for-stm32.11.3.rel1.macos64_1.1.100.202310310803/tools/bin/../lib/gcc/arm-none-eabi/11.3.1/thumb/v7e-m+dp/hard/crtbegin.o
                [!provide]                        PROVIDE (__fini_array_end = .)
                0x000000000800b5cc                _sidata = LOADADDR (.data)

.data           0x0000000024000000       0x10 load address 0x000000000800b5cc
                0x0000000024000000                . = ALIGN (0x4)
                0x0000000024000000                _sdata = .
 *(.data)
 *(.data*)
 .data.SystemCoreClock
                0x0000000024000000        0x4 ./Core/Src/system_stm32h7xx.o
                0x0000000024000000                SystemCoreClock
 .data.SystemD2Clock
                0x0000000024000004        0x4 ./Core/Src/system_stm32h7xx.o
                0x0000000024000004                SystemD2Clock
 .data.uwTickPrio
                0x0000000024000008        0x4 ./Drivers/STM32H7xx_HAL_Driver/Src/stm32h7xx_hal.o
                0x0000000024000008                uwTickPrio
 .data.uwTickFreq
                0x000000002400000c        0x1 ./Drivers/STM32H7xx_HAL_Driver/Src/stm32h7xx_hal.o
                0x000000002400000c                uwTickFreq
 *(.RamFunc)
 *(.RamFunc*)
                0x0000000024000010                . = ALIGN (0x4)
 *fill*         0x000000002400000d        0x3 
                0x0000000024000010                _edata = .

.igot.plt       0x0000000024000010        0x0 load address 0x000000000800b5dc
 .igot.plt      0x0000000024000010        0x0 /Applications/STM32CubeIDE.app/Contents/Eclipse/plugins/com.st.stm32cube.ide.mcu.externaltools.gnu-tools-for-stm32.11.3.rel1.macos64_1.1.100.202310310803/tools/bin/../lib/gcc/arm-none-eabi/11.3.1/thumb/v7e-m+dp/hard/crtbegin.o
                0x0000000024000010                . = ALIGN (0x4)

.bss            0x0000000024000010      0x514 load address 0x000000000800b5dc
                0x0000000024000010                _sbss = .
                0x0000000024000010                __bss_start__ = _sbss
 *(.bss)
 .bss           0x0000000024000010       0x1c /Applications/STM32CubeIDE.app/Contents/Eclipse/plugins/com.st.stm32cube.ide.mcu.externaltools.gnu-tools-for-stm32.11.3.rel1.macos64_1.1.100.202310310803/tools/bin/../lib/gcc/arm-none-eabi/11.3.1/thumb/v7e-m+dp/hard/crtbegin.o
 *(.bss*)
 *fill*         0x000000002400002c        0x4 
 .bss.tl        0x0000000024000030      0x250 ./Core/Src/app.o
                0x0000000024000030                tl
 .bss.serial_rx_buffer
                0x0000000024000280       0x40 ./Core/Src/app.o
                0x0000000024000280                serial_rx_buffer
 .bss.serial_tx_buffer
                0x00000000240002c0       0x40 ./Core/Src/app.o
                0x00000000240002c0                serial_tx_buffer
 .bss.frame_pending
                0x0000000024000300        0x1 ./Core/Src/app.o
                0x0000000024000300                frame_pending
 *fill*         0x0000000024000301        0x3 
 .bss.htim1     0x0000000024000304       0x4c ./Core/Src/main.o
                0x0000000024000304                htim1
 .bss.htim4     0x0000000024000350       0x4c ./Core/Src/main.o
                0x0000000024000350                htim4
 .bss.huart3    0x000000002400039c       0x94 ./Core/Src/main.o
                0x000000002400039c                huart3
 .bss.hdma_usart3_rx
                0x0000000024000430       0x78 ./Core/Src/main.o
                0x0000000024000430                hdma_usart3_rx
 .bss.hdma_usart3_tx
                0x00000000240004a8       0x78 ./Core/Src/main.o
                0x00000000240004a8                hdma_usart3_tx
 .bss.uwTick    0x0000000024000520        0x4 ./Drivers/STM32H7xx_HAL_Driver/Src/stm32h7xx_hal.o
                0x0000000024000520                uwTick
 *(COMMON)
                0x0000000024000524                . = ALIGN (0x4)
                0x0000000024000524                _ebss = .
                0x0000000024000524                __bss_end__ = _ebss

._user_heap_stack
                0x0000000024000524      0x604 load address 0x000000000800b5dc
                0x0000000024000528                . = ALIGN (0x8)
 *fill*         0x0000000024000524        0x4 
                [!provide]                        PROVIDE (end = .)
                0x0000000024000528                PROVIDE (_end = .)
                0x0000000024000728                . = (. + _Min_Heap_Size)
 *fill*         0x0000000024000528      0x200 
                0x0000000024000b28                . = (. + _Min_Stack_Size)
 *fill*         0x0000000024000728      0x400 
                0x0000000024000b28                . = ALIGN (0x8)

/DISCARD/
 libc.a(*)
 libm.a(*)
 libgcc.a(*)

.ARM.attributes
                0x0000000000000000       0x2e
 *(.ARM.attributes)
 .ARM.attributes
                0x0000000000000000       0x1e /Applications/STM32CubeIDE.app/Contents/Eclipse/plugins/com.st.stm32cube.ide.mcu.externaltools.gnu-tools-for-stm32.11.3.rel1.macos64_1.1.100.202310310803/tools/bin/../lib/gcc/arm-none-eabi/11.3.1/thumb/v7e-m+dp/hard/crti.o
 .ARM.attributes
                0x000000000000001e       0x32 /Applications/STM32CubeIDE.app/Contents/Eclipse/plugins/com.st.stm32cube.ide.mcu.externaltools.gnu-tools-for-stm32.11.3.rel1.macos64_1.1.100.202310310803/tools/bin/../lib/gcc/arm-none-eabi/11.3.1/thumb/v7e-m+dp/hard/crtbegin.o
 .ARM.attributes
                0x0000000000000050       0x32 ./Core/Src/app.o
 .ARM.attributes
                0x0000000000000082       0x32 ./Core/Src/main.o
 .ARM.attributes
                0x00000000000000b4       0x32 ./Core/Src/stm32h7xx_hal_msp.o
 .ARM.attributes
                0x00000000000000e6       0x32 ./Core/Src/stm32h7xx_it.o
 .ARM.attributes
                0x0000000000000118       0x32 ./Core/Src/system_stm32h7xx.o
 .ARM.attributes
                0x000000000000014a       0x32 ./Core/Src/tilelink.o
 .ARM.attributes
                0x000000000000017c       0x21 ./Core/Startup/startup_stm32h723zgtx.o
 .ARM.attributes
                0x000000000000019d       0x32 ./Drivers/STM32H7xx_HAL_Driver/Src/stm32h7xx_hal.o
 .ARM.attributes
                0x00000000000001cf       0x32 ./Drivers/STM32H7xx_HAL_Driver/Src/stm32h7xx_hal_cortex.o
 .ARM.attributes
                0x0000000000000201       0x32 ./Drivers/STM32H7xx_HAL_Driver/Src/stm32h7xx_hal_dma.o
 .ARM.attributes
                0x0000000000000233       0x32 ./Drivers/STM32H7xx_HAL_Driver/Src/stm32h7xx_hal_gpio.o
 .ARM.attributes
                0x0000000000000265       0x32 ./Drivers/STM32H7xx_HAL_Driver/Src/stm32h7xx_hal_pwr_ex.o
 .ARM.attributes
                0x0000000000000297       0x32 ./Drivers/STM32H7xx_HAL_Driver/Src/stm32h7xx_hal_rcc.o
 .ARM.attributes
                0x00000000000002c9       0x32 ./Drivers/STM32H7xx_HAL_Driver/Src/stm32h7xx_hal_rcc_ex.o
 .ARM.attributes
                0x00000000000002fb       0x32 ./Drivers/STM32H7xx_HAL_Driver/Src/stm32h7xx_hal_tim.o
 .ARM.attributes
                0x000000000000032d       0x32 ./Drivers/STM32H7xx_HAL_Driver/Src/stm32h7xx_hal_tim_ex.o
 .ARM.attributes
                0x000000000000035f       0x32 ./Drivers/STM32H7xx_HAL_Driver/Src/stm32h7xx_hal_uart.o
 .ARM.attributes
                0x0000000000000391       0x32 ./Drivers/STM32H7xx_HAL_Driver/Src/stm32h7xx_hal_uart_ex.o
 .ARM.attributes
                0x00000000000003c3       0x32 /Applications/STM32CubeIDE.app/Contents/Eclipse/plugins/com.st.stm32cube.ide.mcu.externaltools.gnu-tools-for-stm32.11.3.rel1.macos64_1.1.100.202310310803/tools/bin/../lib/gcc/arm-none-eabi/11.3.1/../../../../arm-none-eabi/lib/thumb/v7e-m+dp/hard/libc_nano.a(libc_a-memset.o)
 .ARM.attributes
                0x00000000000003f5       0x32 /Applications/STM32CubeIDE.app/Contents/Eclipse/plugins/com.st.stm32cube.ide.mcu.externaltools.gnu-tools-for-stm32.11.3.rel1.macos64_1.1.100.202310310803/tools/bin/../lib/gcc/arm-none-eabi/11.3.1/../../../../arm-none-eabi/lib/thumb/v7e-m+dp/hard/libc_nano.a(libc_a-init.o)
 .ARM.attributes
                0x0000000000000427       0x1e /Applications/STM32CubeIDE.app/Contents/Eclipse/plugins/com.st.stm32cube.ide.mcu.externaltools.gnu-tools-for-stm32.11.3.rel1.macos64_1.1.100.202310310803/tools/bin/../lib/gcc/arm-none-eabi/11.3.1/thumb/v7e-m+dp/hard/libgcc.a(_aeabi_uldivmod.o)
 .ARM.attributes
                0x0000000000000445       0x32 /Applications/STM32CubeIDE.app/Contents/Eclipse/plugins/com.st.stm32cube.ide.mcu.externaltools.gnu-tools-for-stm32.11.3.rel1.macos64_1.1.100.202310310803/tools/bin/../lib/gcc/arm-none-eabi/11.3.1/thumb/v7e-m+dp/hard/libgcc.a(_udivmoddi4.o)
 .ARM.attributes
                0x0000000000000477       0x1e /Applications/STM32CubeIDE.app/Contents/Eclipse/plugins/com.st.stm32cube.ide.mcu.externaltools.gnu-tools-for-stm32.11.3.rel1.macos64_1.1.100.202310310803/tools/bin/../lib/gcc/arm-none-eabi/11.3.1/thumb/v7e-m+dp/hard/libgcc.a(_dvmd_tls.o)
 .ARM.attributes
                0x0000000000000495       0x1e /Applications/STM32CubeIDE.app/Contents/Eclipse/plugins/com.st.stm32cube.ide.mcu.externaltools.gnu-tools-for-stm32.11.3.rel1.macos64_1.1.100.202310310803/tools/bin/../lib/gcc/arm-none-eabi/11.3.1/thumb/v7e-m+dp/hard/crtn.o
OUTPUT(TileLinkTrafficAdapter-H723.elf elf32-littlearm)
LOAD linker stubs
LOAD /Applications/STM32CubeIDE.app/Contents/Eclipse/plugins/com.st.stm32cube.ide.mcu.externaltools.gnu-tools-for-stm32.11.3.rel1.macos64_1.1.100.202310310803/tools/bin/../lib/gcc/arm-none-eabi/11.3.1/../../../../arm-none-eabi/lib/thumb/v7e-m+dp/hard/libc.a
LOAD /Applications/STM32CubeIDE.app/Contents/Eclipse/plugins/com.st.stm32cube.ide.mcu.externaltools.gnu-tools-for-stm32.11.3.rel1.macos64_1.1.100.202310310803/tools/bin/../lib/gcc/arm-none-eabi/11.3.1/../../../../arm-none-eabi/lib/thumb/v7e-m+dp/hard/libm.a
LOAD /Applications/STM32CubeIDE.app/Contents/Eclipse/plugins/com.st.stm32cube.ide.mcu.externaltools.gnu-tools-for-stm32.11.3.rel1.macos64_1.1.100.202310310803/tools/bin/../lib/gcc/arm-none-eabi/11.3.1/thumb/v7e-m+dp/hard/libgcc.a

.comment        0x0000000000000000       0x43
 .comment       0x0000000000000000       0x43 /Applications/STM32CubeIDE.app/Contents/Eclipse/plugins/com.st.stm32cube.ide.mcu.externaltools.gnu-tools-for-stm32.11.3.rel1.macos64_1.1.100.202310310803/tools/bin/../lib/gcc/arm-none-eabi/11.3.1/thumb/v7e-m+dp/hard/crtbegin.o
                                         0x44 (size before relaxing)
 .comment       0x0000000000000043       0x44 ./Core/Src/app.o
 .comment       0x0000000000000043       0x44 ./Core/Src/main.o
 .comment       0x0000000000000043       0x44 ./Core/Src/stm32h7xx_hal_msp.o
 .comment       0x0000000000000043       0x44 ./Core/Src/stm32h7xx_it.o
 .comment       0x0000000000000043       0x44 ./Core/Src/system_stm32h7xx.o
 .comment       0x0000000000000043       0x44 ./Core/Src/tilelink.o
 .comment       0x0000000000000043       0x44 ./Drivers/STM32H7xx_HAL_Driver/Src/stm32h7xx_hal.o
 .comment       0x0000000000000043       0x44 ./Drivers/STM32H7xx_HAL_Driver/Src/stm32h7xx_hal_cortex.o
 .comment       0x0000000000000043       0x44 ./Drivers/STM32H7xx_HAL_Driver/Src/stm32h7xx_hal_dma.o
 .comment       0x0000000000000043       0x44 ./Drivers/STM32H7xx_HAL_Driver/Src/stm32h7xx_hal_gpio.o
 .comment       0x0000000000000043       0x44 ./Drivers/STM32H7xx_HAL_Driver/Src/stm32h7xx_hal_pwr_ex.o
 .comment       0x0000000000000043       0x44 ./Drivers/STM32H7xx_HAL_Driver/Src/stm32h7xx_hal_rcc.o
 .comment       0x0000000000000043       0x44 ./Drivers/STM32H7xx_HAL_Driver/Src/stm32h7xx_hal_rcc_ex.o
 .comment       0x0000000000000043       0x44 ./Drivers/STM32H7xx_HAL_Driver/Src/stm32h7xx_hal_tim.o
 .comment       0x0000000000000043       0x44 ./Drivers/STM32H7xx_HAL_Driver/Src/stm32h7xx_hal_tim_ex.o
 .comment       0x0000000000000043       0x44 ./Drivers/STM32H7xx_HAL_Driver/Src/stm32h7xx_hal_uart.o
 .comment       0x0000000000000043       0x44 ./Drivers/STM32H7xx_HAL_Driver/Src/stm32h7xx_hal_uart_ex.o

.debug_info     0x0000000000000000    0x16e87
 .debug_info    0x0000000000000000      0xf84 ./Core/Src/app.o
 .debug_info    0x0000000000000f84     0x1ce6 ./Core/Src/main.o
 .debug_info    0x0000000000002c6a     0x1988 ./Core/Src/stm32h7xx_hal_msp.o
 .debug_info    0x00000000000045f2      0xc4b ./Core/Src/stm32h7xx_it.o
 .debug_info    0x000000000000523d      0xb2e ./Core/Src/system_stm32h7xx.o
 .debug_info    0x0000000000005d6b      0x603 ./Core/Src/tilelink.o
 .debug_info    0x000000000000636e       0x23 ./Core/Startup/startup_stm32h723zgtx.o
 .debug_info    0x0000000000006391     0x1698 ./Drivers/STM32H7xx_HAL_Driver/Src/stm32h7xx_hal.o
 .debug_info    0x0000000000007a29     0x1054 ./Drivers/STM32H7xx_HAL_Driver/Src/stm32h7xx_hal_cortex.o
 .debug_info    0x0000000000008a7d      0xb67 ./Drivers/STM32H7xx_HAL_Driver/Src/stm32h7xx_hal_dma.o
 .debug_info    0x00000000000095e4      0xc5c ./Drivers/STM32H7xx_HAL_Driver/Src/stm32h7xx_hal_gpio.o
 .debug_info    0x000000000000a240      0xdc4 ./Drivers/STM32H7xx_HAL_Driver/Src/stm32h7xx_hal_pwr_ex.o
 .debug_info    0x000000000000b004      0xd73 ./Drivers/STM32H7xx_HAL_Driver/Src/stm32h7xx_hal_rcc.o
 .debug_info    0x000000000000bd77     0x11fc ./Drivers/STM32H7xx_HAL_Driver/Src/stm32h7xx_hal_rcc_ex.o
 .debug_info    0x000000000000cf73     0x2b8b ./Drivers/STM32H7xx_HAL_Driver/Src/stm32h7xx_hal_tim.o
 .debug_info    0x000000000000fafe     0x18c1 ./Drivers/STM32H7xx_HAL_Driver/Src/stm32h7xx_hal_tim_ex.o
 .debug_info    0x00000000000113bf     0x4b13 ./Drivers/STM32H7xx_HAL_Driver/Src/stm32h7xx_hal_uart.o
 .debug_info    0x0000000000015ed2      0xfb5 ./Drivers/STM32H7xx_HAL_Driver/Src/stm32h7xx_hal_uart_ex.o

.debug_abbrev   0x0000000000000000     0x295f
 .debug_abbrev  0x0000000000000000      0x25b ./Core/Src/app.o
 .debug_abbrev  0x000000000000025b      0x2f5 ./Core/Src/main.o
 .debug_abbrev  0x0000000000000550      0x281 ./Core/Src/stm32h7xx_hal_msp.o
 .debug_abbrev  0x00000000000007d1      0x199 ./Core/Src/stm32h7xx_it.o
 .debug_abbrev  0x000000000000096a      0x13a ./Core/Src/system_stm32h7xx.o
 .debug_abbrev  0x0000000000000aa4      0x1c2 ./Core/Src/tilelink.o
 .debug_abbrev  0x0000000000000c66       0x12 ./Core/Startup/startup_stm32h723zgtx.o
 .debug_abbrev  0x0000000000000c78      0x29e ./Drivers/STM32H7xx_HAL_Driver/Src/stm32h7xx_hal.o
 .debug_abbrev  0x0000000000000f16      0x339 ./Drivers/STM32H7xx_HAL_Driver/Src/stm32h7xx_hal_cortex.o
 .debug_abbrev  0x000000000000124f      0x248 ./Drivers/STM32H7xx_HAL_Driver/Src/stm32h7xx_hal_dma.o
 .debug_abbrev  0x0000000000001497      0x1fe ./Drivers/STM32H7xx_HAL_Driver/Src/stm32h7xx_hal_gpio.o
 .debug_abbrev  0x0000000000001695      0x295 ./Drivers/STM32H7xx_HAL_Driver/Src/stm32h7xx_hal_pwr_ex.o
 .debug_abbrev  0x000000000000192a      0x2b1 ./Drivers/STM32H7xx_HAL_Driver/Src/stm32h7xx_hal_rcc.o
 .debug_abbrev  0x0000000000001bdb      0x269 ./Drivers/STM32H7xx_HAL_Driver/Src/stm32h7xx_hal_rcc_ex.o
 .debug_abbrev  0x0000000000001e44      0x276 ./Drivers/STM32H7xx_HAL_Driver/Src/stm32h7xx_hal_tim.o
 .debug_abbrev  0x00000000000020ba      0x296 ./Drivers/STM32H7xx_HAL_Driver/Src/stm32h7xx_hal_tim_ex.o
 .debug_abbrev  0x0000000000002350      0x33d ./Drivers/STM32H7xx_HAL_Driver/Src/stm32h7xx_hal_uart.o
 .debug_abbrev  0x000000000000268d      0x2d2 ./Drivers/STM32H7xx_HAL_Driver/Src/stm32h7xx_hal_uart_ex.o

.debug_aranges  0x0000000000000000     0x1120
 .debug_aranges
                0x0000000000000000       0x48 ./Core/Src/app.o
 .debug_aranges
                0x0000000000000048       0x58 ./Core/Src/main.o
 .debug_aranges
                0x00000000000000a0       0x58 ./Core/Src/stm32h7xx_hal_msp.o
 .debug_aranges
                0x00000000000000f8       0x80 ./Core/Src/stm32h7xx_it.o
 .debug_aranges
                0x0000000000000178       0x28 ./Core/Src/system_stm32h7xx.o
 .debug_aranges
                0x00000000000001a0       0x48 ./Core/Src/tilelink.o
 .debug_aranges
                0x00000000000001e8       0x28 ./Core/Startup/startup_stm32h723zgtx.o
 .debug_aranges
                0x0000000000000210      0x1c8 ./Drivers/STM32H7xx_HAL_Driver/Src/stm32h7xx_hal.o
 .debug_aranges
                0x00000000000003d8      0x120 ./Drivers/STM32H7xx_HAL_Driver/Src/stm32h7xx_hal_cortex.o
 .debug_aranges
                0x00000000000004f8       0xa0 ./Drivers/STM32H7xx_HAL_Driver/Src/stm32h7xx_hal_dma.o
 .debug_aranges
                0x0000000000000598       0x58 ./Drivers/STM32H7xx_HAL_Driver/Src/stm32h7xx_hal_gpio.o
 .debug_aranges
                0x00000000000005f0      0x148 ./Drivers/STM32H7xx_HAL_Driver/Src/stm32h7xx_hal_pwr_ex.o
 .debug_aranges
                0x0000000000000738       0x88 ./Drivers/STM32H7xx_HAL_Driver/Src/stm32h7xx_hal_rcc.o
 .debug_aranges
                0x00000000000007c0       0xf8 ./Drivers/STM32H7xx_HAL_Driver/Src/stm32h7xx_hal_rcc_ex.o
 .debug_aranges
                0x00000000000008b8      0x3e0 ./Drivers/STM32H7xx_HAL_Driver/Src/stm32h7xx_hal_tim.o
 .debug_aranges
                0x0000000000000c98      0x198 ./Drivers/STM32H7xx_HAL_Driver/Src/stm32h7xx_hal_tim_ex.o
 .debug_aranges
                0x0000000000000e30      0x248 ./Drivers/STM32H7xx_HAL_Driver/Src/stm32h7xx_hal_uart.o
 .debug_aranges
                0x0000000000001078       0xa8 ./Drivers/STM32H7xx_HAL_Driver/Src/stm32h7xx_hal_uart_ex.o

.debug_rnglists
                0x0000000000000000      0xd6b
 .debug_rnglists
                0x0000000000000000       0x33 ./Core/Src/app.o
 .debug_rnglists
                0x0000000000000033       0x42 ./Core/Src/main.o
 .debug_rnglists
                0x0000000000000075       0x3f ./Core/Src/stm32h7xx_hal_msp.o
 .debug_rnglists
                0x00000000000000b4       0x5b ./Core/Src/stm32h7xx_it.o
 .debug_rnglists
                0x000000000000010f       0x1b ./Core/Src/system_stm32h7xx.o
 .debug_rnglists
                0x000000000000012a       0x34 ./Core/Src/tilelink.o
 .debug_rnglists
                0x000000000000015e       0x19 ./Core/Startup/startup_stm32h723zgtx.o
 .debug_rnglists
                0x0000000000000177      0x155 ./Drivers/STM32H7xx_HAL_Driver/Src/stm32h7xx_hal.o
 .debug_rnglists
                0x00000000000002cc       0xd4 ./Drivers/STM32H7xx_HAL_Driver/Src/stm32h7xx_hal_cortex.o
 .debug_rnglists
                0x00000000000003a0       0x82 ./Drivers/STM32H7xx_HAL_Driver/Src/stm32h7xx_hal_dma.o
 .debug_rnglists
                0x0000000000000422       0x3f ./Drivers/STM32H7xx_HAL_Driver/Src/stm32h7xx_hal_gpio.o
 .debug_rnglists
                0x0000000000000461       0xf4 ./Drivers/STM32H7xx_HAL_Driver/Src/stm32h7xx_hal_pwr_ex.o
 .debug_rnglists
                0x0000000000000555       0x68 ./Drivers/STM32H7xx_HAL_Driver/Src/stm32h7xx_hal_rcc.o
 .debug_rnglists
                0x00000000000005bd       0xc0 ./Drivers/STM32H7xx_HAL_Driver/Src/stm32h7xx_hal_rcc_ex.o
 .debug_rnglists
                0x000000000000067d      0x328 ./Drivers/STM32H7xx_HAL_Driver/Src/stm32h7xx_hal_tim.o
 .debug_rnglists
                0x00000000000009a5      0x14d ./Drivers/STM32H7xx_HAL_Driver/Src/stm32h7xx_hal_tim_ex.o
 .debug_rnglists
                0x0000000000000af2      0x1fa ./Drivers/STM32H7xx_HAL_Driver/Src/stm32h7xx_hal_uart.o
 .debug_rnglists
                0x0000000000000cec       0x7f ./Drivers/STM32H7xx_HAL_Driver/Src/stm32h7xx_hal_uart_ex.o

.debug_macro    0x0000000000000000    0x3398b
 .debug_macro   0x0000000000000000      0x3aa ./Core/Src/app.o
 .debug_macro   0x00000000000003aa      0xac0 ./Core/Src/app.o
 .debug_macro   0x0000000000000e6a       0x22 ./Core/Src/app.o
 .debug_macro   0x0000000000000e8c       0x5b ./Core/Src/app.o
 .debug_macro   0x0000000000000ee7       0x29 ./Core/Src/app.o
 .debug_macro   0x0000000000000f10       0x94 ./Core/Src/app.o
 .debug_macro   0x0000000000000fa4       0x43 ./Core/Src/app.o
 .debug_macro   0x0000000000000fe7       0x34 ./Core/Src/app.o
 .debug_macro   0x000000000000101b       0x16 ./Core/Src/app.o
 .debug_macro   0x0000000000001031       0x57 ./Core/Src/app.o
 .debug_macro   0x0000000000001088       0x97 ./Core/Src/app.o
 .debug_macro   0x000000000000111f      0x369 ./Core/Src/app.o
 .debug_macro   0x0000000000001488       0xfd ./Core/Src/app.o
 .debug_macro   0x0000000000001585       0x10 ./Core/Src/app.o
 .debug_macro   0x0000000000001595       0x16 ./Core/Src/app.o
 .debug_macro   0x00000000000015ab       0x43 ./Core/Src/app.o
 .debug_macro   0x00000000000015ee       0x34 ./Core/Src/app.o
 .debug_macro   0x0000000000001622       0x10 ./Core/Src/app.o
 .debug_macro   0x0000000000001632       0x58 ./Core/Src/app.o
 .debug_macro   0x000000000000168a       0x8e ./Core/Src/app.o
 .debug_macro   0x0000000000001718       0x1c ./Core/Src/app.o
 .debug_macro   0x0000000000001734      0x177 ./Core/Src/app.o
 .debug_macro   0x00000000000018ab       0x16 ./Core/Src/app.o
 .debug_macro   0x00000000000018c1       0x16 ./Core/Src/app.o
 .debug_macro   0x00000000000018d7      0x147 ./Core/Src/app.o
 .debug_macro   0x0000000000001a1e       0x16 ./Core/Src/app.o
 .debug_macro   0x0000000000001a34       0x35 ./Core/Src/app.o
 .debug_macro   0x0000000000001a69       0x20 ./Core/Src/app.o
 .debug_macro   0x0000000000001a89      0x103 ./Core/Src/app.o
 .debug_macro   0x0000000000001b8c       0x6a ./Core/Src/app.o
 .debug_macro   0x0000000000001bf6      0x1df ./Core/Src/app.o
 .debug_macro   0x0000000000001dd5      0x460 ./Core/Src/app.o
 .debug_macro   0x0000000000002235      0x238 ./Core/Src/app.o
 .debug_macro   0x000000000000246d       0x2e ./Core/Src/app.o
 .debug_macro   0x000000000000249b       0x3b ./Core/Src/app.o
 .debug_macro   0x00000000000024d6       0x1c ./Core/Src/app.o
 .debug_macro   0x00000000000024f2       0x22 ./Core/Src/app.o
 .debug_macro   0x0000000000002514       0xfb ./Core/Src/app.o
 .debug_macro   0x000000000000260f     0x1305 ./Core/Src/app.o
 .debug_macro   0x0000000000003914      0x11f ./Core/Src/app.o
 .debug_macro   0x0000000000003a33       0x27 ./Core/Src/app.o
 .debug_macro   0x0000000000003a5a    0x211d1 ./Core/Src/app.o
 .debug_macro   0x0000000000024c2b       0x6d ./Core/Src/app.o
 .debug_macro   0x0000000000024c98     0x3d48 ./Core/Src/app.o
 .debug_macro   0x00000000000289e0      0x19b ./Core/Src/app.o
 .debug_macro   0x0000000000028b7b       0x5d ./Core/Src/app.o
 .debug_macro   0x0000000000028bd8     0x2462 ./Core/Src/app.o
 .debug_macro   0x000000000002b03a     0x1079 ./Core/Src/app.o
 .debug_macro   0x000000000002c0b3      0x154 ./Core/Src/app.o
 .debug_macro   0x000000000002c207      0x114 ./Core/Src/app.o
 .debug_macro   0x000000000002c31b      0x3f8 ./Core/Src/app.o
 .debug_macro   0x000000000002c713       0xac ./Core/Src/app.o
 .debug_macro   0x000000000002c7bf      0x788 ./Core/Src/app.o
 .debug_macro   0x000000000002cf47      0x228 ./Core/Src/app.o
 .debug_macro   0x000000000002d16f       0x66 ./Core/Src/app.o
 .debug_macro   0x000000000002d1d5      0x3a6 ./Core/Src/app.o
 .debug_macro   0x000000000002d57b      0x3f9 ./Core/Src/app.o
 .debug_macro   0x000000000002d974      0x275 ./Core/Src/app.o
 .debug_macro   0x000000000002dbe9      0x3ca ./Core/Src/app.o
 .debug_macro   0x000000000002dfb3      0x45c ./Core/Src/app.o
 .debug_macro   0x000000000002e40f       0x3c ./Core/Src/app.o
 .debug_macro   0x000000000002e44b       0x4a ./Core/Src/app.o
 .debug_macro   0x000000000002e495      0x22c ./Core/Src/app.o
 .debug_macro   0x000000000002e6c1       0x67 ./Core/Src/app.o
 .debug_macro   0x000000000002e728       0xa5 ./Core/Src/app.o
 .debug_macro   0x000000000002e7cd      0x1c4 ./Core/Src/app.o
 .debug_macro   0x000000000002e991      0x22a ./Core/Src/app.o
 .debug_macro   0x000000000002ebbb       0x35 ./Core/Src/app.o
 .debug_macro   0x000000000002ebf0      0xb1d ./Core/Src/app.o
 .debug_macro   0x000000000002f70d      0x29f ./Core/Src/app.o
 .debug_macro   0x000000000002f9ac      0x693 ./Core/Src/app.o
 .debug_macro   0x000000000003003f       0xa6 ./Core/Src/app.o
 .debug_macro   0x00000000000300e5      0x5e6 ./Core/Src/app.o
 .debug_macro   0x00000000000306cb       0x4c ./Core/Src/app.o
 .debug_macro   0x0000000000030717       0x94 ./Core/Src/app.o
 .debug_macro   0x00000000000307ab      0x349 ./Core/Src/main.o
 .debug_macro   0x0000000000030af4       0x8e ./Core/Src/main.o
 .debug_macro   0x0000000000030b82       0x51 ./Core/Src/main.o
 .debug_macro   0x0000000000030bd3      0x174 ./Core/Src/main.o
 .debug_macro   0x0000000000030d47       0x61 ./Core/Src/main.o
 .debug_macro   0x0000000000030da8       0x1c ./Core/Src/main.o
 .debug_macro   0x0000000000030dc4       0x1c ./Core/Src/main.o
 .debug_macro   0x0000000000030de0       0x10 ./Core/Src/main.o
 .debug_macro   0x0000000000030df0      0x349 ./Core/Src/stm32h7xx_hal_msp.o
 .debug_macro   0x0000000000031139      0x353 ./Core/Src/stm32h7xx_it.o
 .debug_macro   0x000000000003148c      0x2a8 ./Core/Src/system_stm32h7xx.o
 .debug_macro   0x0000000000031734      0x353 ./Core/Src/tilelink.o
 .debug_macro   0x0000000000031a87       0x8e ./Core/Src/tilelink.o
 .debug_macro   0x0000000000031b15      0x2d2 ./Drivers/STM32H7xx_HAL_Driver/Src/stm32h7xx_hal.o
 .debug_macro   0x0000000000031de7      0x2a8 ./Drivers/STM32H7xx_HAL_Driver/Src/stm32h7xx_hal_cortex.o
 .debug_macro   0x000000000003208f      0x2fc ./Drivers/STM32H7xx_HAL_Driver/Src/stm32h7xx_hal_dma.o
 .debug_macro   0x000000000003238b      0x2af ./Drivers/STM32H7xx_HAL_Driver/Src/stm32h7xx_hal_gpio.o
 .debug_macro   0x000000000003263a      0x2e1 ./Drivers/STM32H7xx_HAL_Driver/Src/stm32h7xx_hal_pwr_ex.o
 .debug_macro   0x000000000003291b      0x2cc ./Drivers/STM32H7xx_HAL_Driver/Src/stm32h7xx_hal_rcc.o
 .debug_macro   0x0000000000032be7      0x2c6 ./Drivers/STM32H7xx_HAL_Driver/Src/stm32h7xx_hal_rcc_ex.o
 .debug_macro   0x0000000000032ead      0x2a9 ./Drivers/STM32H7xx_HAL_Driver/Src/stm32h7xx_hal_tim.o
 .debug_macro   0x0000000000033156      0x2ae ./Drivers/STM32H7xx_HAL_Driver/Src/stm32h7xx_hal_tim_ex.o
 .debug_macro   0x0000000000033404      0x2d3 ./Drivers/STM32H7xx_HAL_Driver/Src/stm32h7xx_hal_uart.o
 .debug_macro   0x00000000000336d7      0x2b4 ./Drivers/STM32H7xx_HAL_Driver/Src/stm32h7xx_hal_uart_ex.o

.debug_line     0x0000000000000000    0x17f65
 .debug_line    0x0000000000000000      0x9e5 ./Core/Src/app.o
 .debug_line    0x00000000000009e5      0xb73 ./Core/Src/main.o
 .debug_line    0x0000000000001558      0xa5f ./Core/Src/stm32h7xx_hal_msp.o
 .debug_line    0x0000000000001fb7      0xa19 ./Core/Src/stm32h7xx_it.o
 .debug_line    0x00000000000029d0      0xa22 ./Core/Src/system_stm32h7xx.o
 .debug_line    0x00000000000033f2      0xec3 ./Core/Src/tilelink.o
 .debug_line    0x00000000000042b5       0x7a ./Core/Startup/startup_stm32h723zgtx.o
 .debug_line    0x000000000000432f      0xeb9 ./Drivers/STM32H7xx_HAL_Driver/Src/stm32h7xx_hal.o
 .debug_line    0x00000000000051e8      0xe31 ./Drivers/STM32H7xx_HAL_Driver/Src/stm32h7xx_hal_cortex.o
 .debug_line    0x0000000000006019     0x277c ./Drivers/STM32H7xx_HAL_Driver/Src/stm32h7xx_hal_dma.o
 .debug_line    0x0000000000008795      0xcda ./Drivers/STM32H7xx_HAL_Driver/Src/stm32h7xx_hal_gpio.o
 .debug_line    0x000000000000946f      0xea0 ./Drivers/STM32H7xx_HAL_Driver/Src/stm32h7xx_hal_pwr_ex.o
 .debug_line    0x000000000000a30f     0x1352 ./Drivers/STM32H7xx_HAL_Driver/Src/stm32h7xx_hal_rcc.o
 .debug_line    0x000000000000b661     0x1c0b ./Drivers/STM32H7xx_HAL_Driver/Src/stm32h7xx_hal_rcc_ex.o
 .debug_line    0x000000000000d26c     0x4009 ./Drivers/STM32H7xx_HAL_Driver/Src/stm32h7xx_hal_tim.o
 .debug_line    0x0000000000011275     0x1f48 ./Drivers/STM32H7xx_HAL_Driver/Src/stm32h7xx_hal_tim_ex.o
 .debug_line    0x00000000000131bd     0x3edf ./Drivers/STM32H7xx_HAL_Driver/Src/stm32h7xx_hal_uart.o
 .debug_line    0x000000000001709c      0xec9 ./Drivers/STM32H7xx_HAL_Driver/Src/stm32h7xx_hal_uart_ex.o

.debug_str      0x0000000000000000   0x14cfcb
 .debug_str     0x0000000000000000   0x1474e8 ./Core/Src/app.o
                                     0x147a48 (size before relaxing)
 .debug_str     0x00000000001474e8      0xfc4 ./Core/Src/main.o
                                     0x148769 (size before relaxing)
 .debug_str     0x00000000001484ac      0x3f5 ./Core/Src/stm32h7xx_hal_msp.o
                                     0x14858f (size before relaxing)
 .debug_str     0x00000000001488a1      0x155 ./Core/Src/stm32h7xx_it.o
                                     0x147783 (size before relaxing)
 .debug_str     0x00000000001489f6      0x2ae ./Core/Src/system_stm32h7xx.o
                                     0x145598 (size before relaxing)
 .debug_str     0x0000000000148ca4       0x3a ./Core/Src/tilelink.o
                                     0x146f15 (size before relaxing)
 .debug_str     0x0000000000148cde       0x34 ./Core/Startup/startup_stm32h723zgtx.o
                                         0x7f (size before relaxing)
 .debug_str     0x0000000000148d12      0x9b8 ./Drivers/STM32H7xx_HAL_Driver/Src/stm32h7xx_hal.o
                                     0x146622 (size before relaxing)
 .debug_str     0x00000000001496ca      0x333 ./Drivers/STM32H7xx_HAL_Driver/Src/stm32h7xx_hal_cortex.o
                                     0x145f04 (size before relaxing)
 .debug_str     0x00000000001499fd      0x8af ./Drivers/STM32H7xx_HAL_Driver/Src/stm32h7xx_hal_dma.o
                                     0x145d4d (size before relaxing)
 .debug_str     0x000000000014a2ac       0xdb ./Drivers/STM32H7xx_HAL_Driver/Src/stm32h7xx_hal_gpio.o
                                     0x1455e3 (size before relaxing)
 .debug_str     0x000000000014a387      0x5ee ./Drivers/STM32H7xx_HAL_Driver/Src/stm32h7xx_hal_pwr_ex.o
                                     0x1459eb (size before relaxing)
 .debug_str     0x000000000014a975      0x22e ./Drivers/STM32H7xx_HAL_Driver/Src/stm32h7xx_hal_rcc.o
                                     0x145966 (size before relaxing)
 .debug_str     0x000000000014aba3      0x64b ./Drivers/STM32H7xx_HAL_Driver/Src/stm32h7xx_hal_rcc_ex.o
                                     0x145e7e (size before relaxing)
 .debug_str     0x000000000014b1ee      0xcd5 ./Drivers/STM32H7xx_HAL_Driver/Src/stm32h7xx_hal_tim.o
                                     0x146754 (size before relaxing)
 .debug_str     0x000000000014bec3      0x50c ./Drivers/STM32H7xx_HAL_Driver/Src/stm32h7xx_hal_tim_ex.o
                                     0x146111 (size before relaxing)
 .debug_str     0x000000000014c3cf      0x9b3 ./Drivers/STM32H7xx_HAL_Driver/Src/stm32h7xx_hal_uart.o
                                     0x146506 (size before relaxing)
 .debug_str     0x000000000014cd82      0x249 ./Drivers/STM32H7xx_HAL_Driver/Src/stm32h7xx_hal_uart_ex.o
                                     0x145ac6 (size before relaxing)

.debug_frame    0x0000000000000000     0x48b0
 .debug_frame   0x0000000000000000       0xd0 ./Core/Src/app.o
 .debug_frame   0x00000000000000d0      0x114 ./Core/Src/main.o
 .debug_frame   0x00000000000001e4      0x140 ./Core/Src/stm32h7xx_hal_msp.o
 .debug_frame   0x0000000000000324      0x174 ./Core/Src/stm32h7xx_it.o
 .debug_frame   0x0000000000000498       0x58 ./Core/Src/system_stm32h7xx.o
 .debug_frame   0x00000000000004f0      0x118 ./Core/Src/tilelink.o
 .debug_frame   0x0000000000000608      0x760 ./Drivers/STM32H7xx_HAL_Driver/Src/stm32h7xx_hal.o
 .debug_frame   0x0000000000000d68      0x4b8 ./Drivers/STM32H7xx_HAL_Driver/Src/stm32h7xx_hal_cortex.o
 .debug_frame   0x0000000000001220      0x2b4 ./Drivers/STM32H7xx_HAL_Driver/Src/stm32h7xx_hal_dma.o
 .debug_frame   0x00000000000014d4      0x14c ./Drivers/STM32H7xx_HAL_Driver/Src/stm32h7xx_hal_gpio.o
 .debug_frame   0x0000000000001620      0x540 ./Drivers/STM32H7xx_HAL_Driver/Src/stm32h7xx_hal_pwr_ex.o
 .debug_frame   0x0000000000001b60      0x1fc ./Drivers/STM32H7xx_HAL_Driver/Src/stm32h7xx_hal_rcc.o
 .debug_frame   0x0000000000001d5c      0x414 ./Drivers/STM32H7xx_HAL_Driver/Src/stm32h7xx_hal_rcc_ex.o
 .debug_frame   0x0000000000002170     0x121c ./Drivers/STM32H7xx_HAL_Driver/Src/stm32h7xx_hal_tim.o
 .debug_frame   0x000000000000338c      0x724 ./Drivers/STM32H7xx_HAL_Driver/Src/stm32h7xx_hal_tim_ex.o
 .debug_frame   0x0000000000003ab0      0xa94 ./Drivers/STM32H7xx_HAL_Driver/Src/stm32h7xx_hal_uart.o
 .debug_frame   0x0000000000004544      0x2c0 ./Drivers/STM32H7xx_HAL_Driver/Src/stm32h7xx_hal_uart_ex.o
 .debug_frame   0x0000000000004804       0x20 /Applications/STM32CubeIDE.app/Contents/Eclipse/plugins/com.st.stm32cube.ide.mcu.externaltools.gnu-tools-for-stm32.11.3.rel1.macos64_1.1.100.202310310803/tools/bin/../lib/gcc/arm-none-eabi/11.3.1/../../../../arm-none-eabi/lib/thumb/v7e-m+dp/hard/libc_nano.a(libc_a-memset.o)
 .debug_frame   0x0000000000004824       0x2c /Applications/STM32CubeIDE.app/Contents/Eclipse/plugins/com.st.stm32cube.ide.mcu.externaltools.gnu-tools-for-stm32.11.3.rel1.macos64_1.1.100.202310310803/tools/bin/../lib/gcc/arm-none-eabi/11.3.1/../../../../arm-none-eabi/lib/thumb/v7e-m+dp/hard/libc_nano.a(libc_a-init.o)
 .debug_frame   0x0000000000004850       0x2c /Applications/STM32CubeIDE.app/Contents/Eclipse/plugins/com.st.stm32cube.ide.mcu.externaltools.gnu-tools-for-stm32.11.3.rel1.macos64_1.1.100.202310310803/tools/bin/../lib/gcc/arm-none-eabi/11.3.1/thumb/v7e-m+dp/hard/libgcc.a(_aeabi_uldivmod.o)
 .debug_frame   0x000000000000487c       0x34 /Applications/STM32CubeIDE.app/Contents/Eclipse/plugins/com.st.stm32cube.ide.mcu.externaltools.gnu-tools-for-stm32.11.3.rel1.macos64_1.1.100.202310310803/tools/bin/../lib/gcc/arm-none-eabi/11.3.1/thumb/v7e-m+dp/hard/libgcc.a(_udivmoddi4.o)

.debug_line_str
                0x0000000000000000       0x73
 .debug_line_str
                0x0000000000000000       0x73 ./Core/Startup/startup_stm32h723zgtx.o
                                         0x8b (size before relaxing)
